Archive member included to satisfy reference by file (symbol)

d:/quartus_lite_18.1/nios2eds/bin/gnu/h-x86_64-mingw32/bin/../lib/gcc/nios2-elf/5.3.0/../../../../../H-x86_64-mingw32/nios2-elf/lib/mhw-mulx\libm.a(lib_a-s_cos.o)
                              obj/default/hello_world.o (cos)
d:/quartus_lite_18.1/nios2eds/bin/gnu/h-x86_64-mingw32/bin/../lib/gcc/nios2-elf/5.3.0/../../../../../H-x86_64-mingw32/nios2-elf/lib/mhw-mulx\libm.a(lib_a-e_rem_pio2.o)
                              d:/quartus_lite_18.1/nios2eds/bin/gnu/h-x86_64-mingw32/bin/../lib/gcc/nios2-elf/5.3.0/../../../../../H-x86_64-mingw32/nios2-elf/lib/mhw-mulx\libm.a(lib_a-s_cos.o) (__ieee754_rem_pio2)
d:/quartus_lite_18.1/nios2eds/bin/gnu/h-x86_64-mingw32/bin/../lib/gcc/nios2-elf/5.3.0/../../../../../H-x86_64-mingw32/nios2-elf/lib/mhw-mulx\libm.a(lib_a-k_cos.o)
                              d:/quartus_lite_18.1/nios2eds/bin/gnu/h-x86_64-mingw32/bin/../lib/gcc/nios2-elf/5.3.0/../../../../../H-x86_64-mingw32/nios2-elf/lib/mhw-mulx\libm.a(lib_a-s_cos.o) (__kernel_cos)
d:/quartus_lite_18.1/nios2eds/bin/gnu/h-x86_64-mingw32/bin/../lib/gcc/nios2-elf/5.3.0/../../../../../H-x86_64-mingw32/nios2-elf/lib/mhw-mulx\libm.a(lib_a-k_rem_pio2.o)
                              d:/quartus_lite_18.1/nios2eds/bin/gnu/h-x86_64-mingw32/bin/../lib/gcc/nios2-elf/5.3.0/../../../../../H-x86_64-mingw32/nios2-elf/lib/mhw-mulx\libm.a(lib_a-e_rem_pio2.o) (__kernel_rem_pio2)
d:/quartus_lite_18.1/nios2eds/bin/gnu/h-x86_64-mingw32/bin/../lib/gcc/nios2-elf/5.3.0/../../../../../H-x86_64-mingw32/nios2-elf/lib/mhw-mulx\libm.a(lib_a-k_sin.o)
                              d:/quartus_lite_18.1/nios2eds/bin/gnu/h-x86_64-mingw32/bin/../lib/gcc/nios2-elf/5.3.0/../../../../../H-x86_64-mingw32/nios2-elf/lib/mhw-mulx\libm.a(lib_a-s_cos.o) (__kernel_sin)
d:/quartus_lite_18.1/nios2eds/bin/gnu/h-x86_64-mingw32/bin/../lib/gcc/nios2-elf/5.3.0/../../../../../H-x86_64-mingw32/nios2-elf/lib/mhw-mulx\libm.a(lib_a-s_fabs.o)
                              d:/quartus_lite_18.1/nios2eds/bin/gnu/h-x86_64-mingw32/bin/../lib/gcc/nios2-elf/5.3.0/../../../../../H-x86_64-mingw32/nios2-elf/lib/mhw-mulx\libm.a(lib_a-e_rem_pio2.o) (fabs)
d:/quartus_lite_18.1/nios2eds/bin/gnu/h-x86_64-mingw32/bin/../lib/gcc/nios2-elf/5.3.0/../../../../../H-x86_64-mingw32/nios2-elf/lib/mhw-mulx\libm.a(lib_a-s_floor.o)
                              d:/quartus_lite_18.1/nios2eds/bin/gnu/h-x86_64-mingw32/bin/../lib/gcc/nios2-elf/5.3.0/../../../../../H-x86_64-mingw32/nios2-elf/lib/mhw-mulx\libm.a(lib_a-k_rem_pio2.o) (floor)
d:/quartus_lite_18.1/nios2eds/bin/gnu/h-x86_64-mingw32/bin/../lib/gcc/nios2-elf/5.3.0/../../../../../H-x86_64-mingw32/nios2-elf/lib/mhw-mulx\libm.a(lib_a-s_scalbn.o)
                              d:/quartus_lite_18.1/nios2eds/bin/gnu/h-x86_64-mingw32/bin/../lib/gcc/nios2-elf/5.3.0/../../../../../H-x86_64-mingw32/nios2-elf/lib/mhw-mulx\libm.a(lib_a-k_rem_pio2.o) (scalbn)
d:/quartus_lite_18.1/nios2eds/bin/gnu/h-x86_64-mingw32/bin/../lib/gcc/nios2-elf/5.3.0/../../../../../H-x86_64-mingw32/nios2-elf/lib/mhw-mulx\libm.a(lib_a-s_copysign.o)
                              d:/quartus_lite_18.1/nios2eds/bin/gnu/h-x86_64-mingw32/bin/../lib/gcc/nios2-elf/5.3.0/../../../../../H-x86_64-mingw32/nios2-elf/lib/mhw-mulx\libm.a(lib_a-s_scalbn.o) (copysign)
d:/quartus_lite_18.1/nios2eds/bin/gnu/h-x86_64-mingw32/bin/../lib/gcc/nios2-elf/5.3.0/mhw-mulx\libgcc.a(lib2-divmod.o)
                              d:/quartus_lite_18.1/nios2eds/bin/gnu/h-x86_64-mingw32/bin/../lib/gcc/nios2-elf/5.3.0/../../../../../H-x86_64-mingw32/nios2-elf/lib/mhw-mulx\libm.a(lib_a-k_rem_pio2.o) (__divsi3)
d:/quartus_lite_18.1/nios2eds/bin/gnu/h-x86_64-mingw32/bin/../lib/gcc/nios2-elf/5.3.0/mhw-mulx\libgcc.a(lesf2.o)
                              obj/default/hello_world.o (__ltsf2)
d:/quartus_lite_18.1/nios2eds/bin/gnu/h-x86_64-mingw32/bin/../lib/gcc/nios2-elf/5.3.0/mhw-mulx\libgcc.a(fixsfsi.o)
                              obj/default/hello_world.o (__fixsfsi)
d:/quartus_lite_18.1/nios2eds/bin/gnu/h-x86_64-mingw32/bin/../lib/gcc/nios2-elf/5.3.0/mhw-mulx\libgcc.a(floatsisf.o)
                              obj/default/hello_world.o (__floatsisf)
d:/quartus_lite_18.1/nios2eds/bin/gnu/h-x86_64-mingw32/bin/../lib/gcc/nios2-elf/5.3.0/mhw-mulx\libgcc.a(adddf3.o)
                              d:/quartus_lite_18.1/nios2eds/bin/gnu/h-x86_64-mingw32/bin/../lib/gcc/nios2-elf/5.3.0/../../../../../H-x86_64-mingw32/nios2-elf/lib/mhw-mulx\libm.a(lib_a-e_rem_pio2.o) (__adddf3)
d:/quartus_lite_18.1/nios2eds/bin/gnu/h-x86_64-mingw32/bin/../lib/gcc/nios2-elf/5.3.0/mhw-mulx\libgcc.a(eqdf2.o)
                              d:/quartus_lite_18.1/nios2eds/bin/gnu/h-x86_64-mingw32/bin/../lib/gcc/nios2-elf/5.3.0/../../../../../H-x86_64-mingw32/nios2-elf/lib/mhw-mulx\libm.a(lib_a-e_rem_pio2.o) (__eqdf2)
d:/quartus_lite_18.1/nios2eds/bin/gnu/h-x86_64-mingw32/bin/../lib/gcc/nios2-elf/5.3.0/mhw-mulx\libgcc.a(gedf2.o)
[...]
Memory Configuration

Name             Origin             Length             Attributes
reset            0x0000000000800000 0x0000000000000020
sdram            0x0000000000800020 0x00000000007fffe0
*default*        0x0000000000000000 0xffffffffffffffff

Linker script and memory map

LOAD ../task6_lut_bsp//obj/HAL/src/crt0.o
LOAD obj/default/hello_world.o
LOAD d:/quartus_lite_18.1/nios2eds/bin/gnu/h-x86_64-mingw32/bin/../lib/gcc/nios2-elf/5.3.0/../../../../../H-x86_64-mingw32/nios2-elf/lib/mhw-mulx\libstdc++.a
LOAD d:/quartus_lite_18.1/nios2eds/bin/gnu/h-x86_64-mingw32/bin/../lib/gcc/nios2-elf/5.3.0/../../../../../H-x86_64-mingw32/nios2-elf/lib/mhw-mulx\libm.a
LOAD d:/quartus_lite_18.1/nios2eds/bin/gnu/h-x86_64-mingw32/bin/../lib/gcc/nios2-elf/5.3.0/mhw-mulx\libgcc.a
START GROUP
LOAD d:/quartus_lite_18.1/nios2eds/bin/gnu/h-x86_64-mingw32/bin/../lib/gcc/nios2-elf/5.3.0/../../../../../H-x86_64-mingw32/nios2-elf/lib/mhw-mulx\libc.a
LOAD d:/quartus_lite_18.1/nios2eds/bin/gnu/h-x86_64-mingw32/bin/../lib/gcc/nios2-elf/5.3.0/mhw-mulx\libgcc.a
LOAD ../task6_lut_bsp/\libhal_bsp.a
LOAD d:/quartus_lite_18.1/nios2eds/bin/gnu/h-x86_64-mingw32/bin/../lib/gcc/nios2-elf/5.3.0/../../../../../H-x86_64-mingw32/nios2-elf/lib/mhw-mulx\libm.a
END GROUP
LOAD d:/quartus_lite_18.1/nios2eds/bin/gnu/h-x86_64-mingw32/bin/../lib/gcc/nios2-elf/5.3.0/mhw-mulx\libgcc.a
                0x0000000000800000                __alt_mem_sdram = 0x800000

.entry          0x0000000000800000       0x20
 *(.entry)
 .entry         0x0000000000800000       0x20 ../task6_lut_bsp//obj/HAL/src/crt0.o
                0x0000000000800000                __reset

.exceptions     0x0000000000800020      0x224
                0x0000000000800020                PROVIDE (__ram_exceptions_start, ABSOLUTE (.))
                0x0000000000800020                . = ALIGN (0x20)
 *(.irq)
 *(.exceptions.entry.label)
 .exceptions.entry.label
                0x0000000000800020        0x0 ../task6_lut_bsp/\libhal_bsp.a(alt_irq_entry.o)
                0x0000000000800020                alt_irq_entry
 .exceptions.entry.label
                0x0000000000800020        0x0 ../task6_lut_bsp/\libhal_bsp.a(alt_exception_entry.o)
                0x0000000000800020                alt_exception
 *(.exceptions.entry.user)
 *(.exceptions.entry.ecc_fatal)
 *(.exceptions.entry)
 .exceptions.entry
                0x0000000000800020       0x54 ../task6_lut_bsp/\libhal_bsp.a(alt_exception_entry.o)
 *(.exceptions.irqtest.user)
 *(.exceptions.irqtest)
 .exceptions.irqtest
                0x0000000000800074       0x10 ../task6_lut_bsp/\libhal_bsp.a(alt_irq_entry.o)
 *(.exceptions.irqhandler.user)
 *(.exceptions.irqhandler)
 .exceptions.irqhandler
                0x0000000000800084        0x4 ../task6_lut_bsp/\libhal_bsp.a(alt_irq_entry.o)
 *(.exceptions.irqreturn.user)
 *(.exceptions.irqreturn)
 .exceptions.irqreturn
                0x0000000000800088        0x4 ../task6_lut_bsp/\libhal_bsp.a(alt_irq_entry.o)
 *(.exceptions.notirq.label)
 .exceptions.notirq.label
                0x000000000080008c        0x0 ../task6_lut_bsp/\libhal_bsp.a(alt_irq_entry.o)
 *(.exceptions.notirq.user)
 *(.exceptions.notirq)
 .exceptions.notirq
                0x000000000080008c        0x8 ../task6_lut_bsp/\libhal_bsp.a(alt_exception_entry.o)
 *(.exceptions.soft.user)
 *(.exceptions.soft)
 *(.exceptions.unknown.user)
 *(.exceptions.unknown)
 .exceptions.unknown
                0x0000000000800094       0x14 ../task6_lut_bsp/\libhal_bsp.a(alt_exception_entry.o)
 *(.exceptions.exit.label)
 .exceptions.exit.label
                0x00000000008000a8        0x0 ../task6_lut_bsp/\libhal_bsp.a(alt_irq_entry.o)
 .exceptions.exit.label
                0x00000000008000a8        0x0 ../task6_lut_bsp/\libhal_bsp.a(alt_exception_entry.o)
 *(.exceptions.exit.user)
 *(.exceptions.exit)
 .exceptions.exit
                0x00000000008000a8       0x54 ../task6_lut_bsp/\libhal_bsp.a(alt_exception_entry.o)
 *(.exceptions)
 .exceptions    0x00000000008000fc       0xd4 ../task6_lut_bsp/\libhal_bsp.a(alt_irq_handler.o)
                0x00000000008000fc                alt_irq_handler
 .exceptions    0x00000000008001d0       0x74 ../task6_lut_bsp/\libhal_bsp.a(alt_instruction_exception_entry.o)
                0x00000000008001d0                alt_instruction_exception_entry
                0x0000000000800244                PROVIDE (__ram_exceptions_end, ABSOLUTE (.))
                0x0000000000800020                PROVIDE (__flash_exceptions_start, LOADADDR (.exceptions))

.text           0x0000000000800244    0x11e9c
                [!provide]                        PROVIDE (stext, ABSOLUTE (.))
 *(.interp)
 *(.hash)
 *(.dynsym)
 *(.dynstr)
 *(.gnu.version)
 *(.gnu.version_d)
 *(.gnu.version_r)
 *(.rel.init)
 *(.rela.init)
 *(.rel.text .rel.text.* .rel.gnu.linkonce.t.*)
 *(.rela.text .rela.text.* .rela.gnu.linkonce.t.*)
 *(.rel.fini)
 *(.rela.fini)
 *(.rel.rodata .rel.rodata.* .rel.gnu.linkonce.r.*)
 *(.rela.rodata .rela.rodata.* .rela.gnu.linkonce.r.*)
 *(.rel.data .rel.data.* .rel.gnu.linkonce.d.*)
 *(.rela.data .rela.data.* .rela.gnu.linkonce.d.*)
 *(.rel.tdata .rel.tdata.* .rel.gnu.linkonce.td.*)
 *(.rela.tdata .rela.tdata.* .rela.gnu.linkonce.td.*)
 *(.rel.tbss .rel.tbss.* .rel.gnu.linkonce.tb.*)
 *(.rela.tbss .rela.tbss.* .rela.gnu.linkonce.tb.*)
 *(.rel.ctors)
 *(.rela.ctors)
 *(.rel.dtors)
 *(.rela.dtors)
 *(.rel.got)
 *(.rela.got)
 *(.rel.sdata .rel.sdata.* .rel.gnu.linkonce.s.*)
 *(.rela.sdata .rela.sdata.* .rela.gnu.linkonce.s.*)
 *(.rel.sbss .rel.sbss.* .rel.gnu.linkonce.sb.*)
 *(.rela.sbss .rela.sbss.* .rela.gnu.linkonce.sb.*)
 *(.rel.sdata2 .rel.sdata2.* .rel.gnu.linkonce.s2.*)
 *(.rela.sdata2 .rela.sdata2.* .rela.gnu.linkonce.s2.*)
 *(.rel.sbss2 .rel.sbss2.* .rel.gnu.linkonce.sb2.*)
 *(.rela.sbss2 .rela.sbss2.* .rela.gnu.linkonce.sb2.*)
 *(.rel.bss .rel.bss.* .rel.gnu.linkonce.b.*)
 *(.rela.bss .rela.bss.* .rela.gnu.linkonce.b.*)
 *(.rel.plt)
 *(.rela.plt)
 *(.rel.dyn)
 *(.init)
 *(.plt)
 *(.text .stub .text.* .gnu.linkonce.t.*)
 .text          0x0000000000800244       0x4c ../task6_lut_bsp//obj/HAL/src/crt0.o
                0x0000000000800244                _start
 .text          0x0000000000800290      0x6a8 obj/default/hello_world.o
                0x0000000000800290                generateCosLookupTable
                0x0000000000800344                modulo
                0x0000000000800440                getCosFromTable
                0x00000000008004d8                generateVector
                0x0000000000800578                sumVector
                0x0000000000800634                func
                0x000000000080076c                main
 .text          0x0000000000800938        0x0 d:/quartus_lite_18.1/nios2eds/bin/gnu/h-x86_64-mingw32/bin/../lib/gcc/nios2-elf/5.3.0/../../../../../H-x86_64-mingw32/nios2-elf/lib/mhw-mulx\libm.a(lib_a-s_cos.o)
 .text.cos      0x0000000000800938       0xec d:/quartus_lite_18.1/nios2eds/bin/gnu/h-x86_64-mingw32/bin/../lib/gcc/nios2-elf/5.3.0/../../../../../H-x86_64-mingw32/nios2-elf/lib/mhw-mulx\libm.a(lib_a-s_cos.o)
                0x0000000000800938                cos
 .text          0x0000000000800a24        0x0 d:/quartus_lite_18.1/nios2eds/bin/gnu/h-x86_64-mingw32/bin/../lib/gcc/nios2-elf/5.3.0/../../../../../H-x86_64-mingw32/nios2-elf/lib/mhw-mulx\libm.a(lib_a-e_rem_pio2.o)
 .text.__ieee754_rem_pio2
                0x0000000000800a24      0x76c d:/quartus_lite_18.1/nios2eds/bin/gnu/h-x86_64-mingw32/bin/../lib/gcc/nios2-elf/5.3.0/../../../../../H-x86_64-mingw32/nios2-elf/lib/mhw-mulx\libm.a(lib_a-e_rem_pio2.o)
                0x0000000000800a24                __ieee754_rem_pio2
 .text          0x0000000000801190        0x0 d:/quartus_lite_18.1/nios2eds/bin/gnu/h-x86_64-mingw32/bin/../lib/gcc/nios2-elf/5.3.0/../../../../../H-x86_64-mingw32/nios2-elf/lib/mhw-mulx\libm.a(lib_a-k_cos.o)
 .text.__kernel_cos
                0x0000000000801190      0x4a4 d:/quartus_lite_18.1/nios2eds/bin/gnu/h-x86_64-mingw32/bin/../lib/gcc/nios2-elf/5.3.0/../../../../../H-x86_64-mingw32/nios2-elf/lib/mhw-mulx\libm.a(lib_a-k_cos.o)
                0x0000000000801190                __kernel_cos
 .text          0x0000000000801634        0x0 d:/quartus_lite_18.1/nios2eds/bin/gnu/h-x86_64-mingw32/bin/../lib/gcc/nios2-elf/5.3.0/../../../../../H-x86_64-mingw32/nios2-elf/lib/mhw-mulx\libm.a(lib_a-k_rem_pio2.o)
 .text.__kernel_rem_pio2
                0x0000000000801634      0xd90 d:/quartus_lite_18.1/nios2eds/bin/gnu/h-x86_64-mingw32/bin/../lib/gcc/nios2-elf/5.3.0/../../../../../H-x86_64-mingw32/nios2-elf/lib/mhw-mulx\libm.a(lib_a-k_rem_pio2.o)
                0x0000000000801634                __kernel_rem_pio2
 .text          0x00000000008023c4        0x0 d:/quartus_lite_18.1/nios2eds/bin/gnu/h-x86_64-mingw32/bin/../lib/gcc/nios2-elf/5.3.0/../../../../../H-x86_64-mingw32/nios2-elf/lib/mhw-mulx\libm.a(lib_a-k_sin.o)
 .text.__kernel_sin
                0x00000000008023c4      0x2cc d:/quartus_lite_18.1/nios2eds/bin/gnu/h-x86_64-mingw32/bin/../lib/gcc/nios2-elf/5.3.0/../../../../../H-x86_64-mingw32/nios2-elf/lib/mhw-mulx\libm.a(lib_a-k_sin.o)
                0x00000000008023c4                __kernel_sin
 .text          0x0000000000802690        0x0 d:/quartus_lite_18.1/nios2eds/bin/gnu/h-x86_64-mingw32/bin/../lib/gcc/nios2-elf/5.3.0/../../../../../H-x86_64-mingw32/nios2-elf/lib/mhw-mulx\libm.a(lib_a-s_fabs.o)
 .text.fabs     0x0000000000802690       0x14 d:/quartus_lite_18.1/nios2eds/bin/gnu/h-x86_64-mingw32/bin/../lib/gcc/nios2-elf/5.3.0/../../../../../H-x86_64-mingw32/nios2-elf/lib/mhw-mulx\libm.a(lib_a-s_fabs.o)
                0x0000000000802690                fabs
 .text          0x00000000008026a4        0x0 d:/quartus_lite_18.1/nios2eds/bin/gnu/h-x86_64-mingw32/bin/../lib/gcc/nios2-elf/5.3.0/../../../../../H-x86_64-mingw32/nios2-elf/lib/mhw-mulx\libm.a(lib_a-s_floor.o)
 .text.floor    0x00000000008026a4      0x1ec d:/quartus_lite_18.1/nios2eds/bin/gnu/h-x86_64-mingw32/bin/../lib/gcc/nios2-elf/5.3.0/../../../../../H-x86_64-mingw32/nios2-elf/lib/mhw-mulx\libm.a(lib_a-s_floor.o)
                0x00000000008026a4                floor
 .text          0x0000000000802890        0x0 d:/quartus_lite_18.1/nios2eds/bin/gnu/h-x86_64-mingw32/bin/../lib/gcc/nios2-elf/5.3.0/../../../../../H-x86_64-mingw32/nios2-elf/lib/mhw-mulx\libm.a(lib_a-s_scalbn.o)
 .text.scalbn   0x0000000000802890      0x19c d:/quartus_lite_18.1/nios2eds/bin/gnu/h-x86_64-mingw32/bin/../lib/gcc/nios2-elf/5.3.0/../../../../../H-x86_64-mingw32/nios2-elf/lib/mhw-mulx\libm.a(lib_a-s_scalbn.o)
                0x0000000000802890                scalbn
 .text          0x0000000000802a2c        0x0 d:/quartus_lite_18.1/nios2eds/bin/gnu/h-x86_64-mingw32/bin/../lib/gcc/nios2-elf/5.3.0/../../../../../H-x86_64-mingw32/nios2-elf/lib/mhw-mulx\libm.a(lib_a-s_copysign.o)
 .text.copysign
                0x0000000000802a2c       0x1c d:/quartus_lite_18.1/nios2eds/bin/gnu/h-x86_64-mingw32/bin/../lib/gcc/nios2-elf/5.3.0/../../../../../H-x86_64-mingw32/nios2-elf/lib/mhw-mulx\libm.a(lib_a-s_copysign.o)
                0x0000000000802a2c                copysign
 .text          0x0000000000802a48      0x1b4 d:/quartus_lite_18.1/nios2eds/bin/gnu/h-x86_64-mingw32/bin/../lib/gcc/nios2-elf/5.3.0/mhw-mulx\libgcc.a(lib2-divmod.o)
                0x0000000000802a48                __divsi3
                0x0000000000802acc                __modsi3
                0x0000000000802b40                __udivsi3
                0x0000000000802ba4                __umodsi3
 .text          0x0000000000802bfc       0xc8 d:/quartus_lite_18.1/nios2eds/bin/gnu/h-x86_64-mingw32/bin/../lib/gcc/nios2-elf/5.3.0/mhw-mulx\libgcc.a(lesf2.o)
                0x0000000000802bfc                __ltsf2
                0x0000000000802bfc                __lesf2
 .text          0x0000000000802cc4       0x70 d:/quartus_lite_18.1/nios2eds/bin/gnu/h-x86_64-mingw32/bin/../lib/gcc/nios2-elf/5.3.0/mhw-mulx\libgcc.a(fixsfsi.o)
                0x0000000000802cc4                __fixsfsi
 .text          0x0000000000802d34      0x124 d:/quartus_lite_18.1/nios2eds/bin/gnu/h-x86_64-mingw32/bin/../lib/gcc/nios2-elf/5.3.0/mhw-mulx\libgcc.a(floatsisf.o)
                0x0000000000802d34                __floatsisf
 .text          0x0000000000802e58      0x8ac d:/quartus_lite_18.1/nios2eds/bin/gnu/h-x86_64-mingw32/bin/../lib/gcc/nios2-elf/5.3.0/mhw-mulx\libgcc.a(adddf3.o)
                0x0000000000802e58                __adddf3
 .text          0x0000000000803704       0x88 d:/quartus_lite_18.1/nios2eds/bin/gnu/h-x86_64-mingw32/bin/../lib/gcc/nios2-elf/5.3.0/mhw-mulx\libgcc.a(eqdf2.o)
                0x0000000000803704                __nedf2
                0x0000000000803704                __eqdf2
 .text          0x000000000080378c       0xdc d:/quartus_lite_18.1/nios2eds/bin/gnu/h-x86_64-mingw32/bin/../lib/gcc/nios2-elf/5.3.0/mhw-mulx\libgcc.a(gedf2.o)
                0x000000000080378c                __gedf2
                0x000000000080378c                __gtdf2
 .text          0x0000000000803868      0x718 d:/quartus_lite_18.1/nios2eds/bin/gnu/h-x86_64-mingw32/bin/../lib/gcc/nios2-elf/5.3.0/mhw-mulx\libgcc.a(muldf3.o)
                0x0000000000803868                __muldf3
 .text          0x0000000000803f80      0x8fc d:/quartus_lite_18.1/nios2eds/bin/gnu/h-x86_64-mingw32/bin/../lib/gcc/nios2-elf/5.3.0/mhw-mulx\libgcc.a(subdf3.o)
                0x0000000000803f80                __subdf3
 .text          0x000000000080487c       0x80 d:/quartus_lite_18.1/nios2eds/bin/gnu/h-x86_64-mingw32/bin/../lib/gcc/nios2-elf/5.3.0/mhw-mulx\libgcc.a(fixdfsi.o)
                0x000000000080487c                __fixdfsi
 .text          0x00000000008048fc       0xdc d:/quartus_lite_18.1/nios2eds/bin/gnu/h-x86_64-mingw32/bin/../lib/gcc/nios2-elf/5.3.0/mhw-mulx\libgcc.a(floatsidf.o)
                0x00000000008048fc                __floatsidf
 .text          0x00000000008049d8      0x110 d:/quartus_lite_18.1/nios2eds/bin/gnu/h-x86_64-mingw32/bin/../lib/gcc/nios2-elf/5.3.0/mhw-mulx\libgcc.a(extendsfdf2.o)
                0x00000000008049d8                __extendsfdf2
 .text          0x0000000000804ae8      0x1a8 d:/quartus_lite_18.1/nios2eds/bin/gnu/h-x86_64-mingw32/bin/../lib/gcc/nios2-elf/5.3.0/mhw-mulx\libgcc.a(truncdfsf2.o)
                0x0000000000804ae8                __truncdfsf2
 .text          0x0000000000804c90       0x64 d:/quartus_lite_18.1/nios2eds/bin/gnu/h-x86_64-mingw32/bin/../lib/gcc/nios2-elf/5.3.0/mhw-mulx\libgcc.a(_clzsi2.o)
                0x0000000000804c90                __clzsi2
 .text          0x0000000000804cf4        0x0 d:/quartus_lite_18.1/nios2eds/bin/gnu/h-x86_64-mingw32/bin/../lib/gcc/nios2-elf/5.3.0/mhw-mulx\libgcc.a(_clz.o)
 .text          0x0000000000804cf4        0x0 d:/quartus_lite_18.1/nios2eds/bin/gnu/h-x86_64-mingw32/bin/../lib/gcc/nios2-elf/5.3.0/../../../../../H-x86_64-mingw32/nios2-elf/lib/mhw-mulx\libc.a(lib_a-printf.o)
 .text._printf_r
                0x0000000000804cf4       0x30 d:/quartus_lite_18.1/nios2eds/bin/gnu/h-x86_64-mingw32/bin/../lib/gcc/nios2-elf/5.3.0/../../../../../H-x86_64-mingw32/nios2-elf/lib/mhw-mulx\libc.a(lib_a-printf.o)
                0x0000000000804cf4                _printf_r
 .text.printf   0x0000000000804d24       0x3c d:/quartus_lite_18.1/nios2eds/bin/gnu/h-x86_64-mingw32/bin/../lib/gcc/nios2-elf/5.3.0/../../../../../H-x86_64-mingw32/nios2-elf/lib/mhw-mulx\libc.a(lib_a-printf.o)
                0x0000000000804d24                printf
 .text          0x0000000000804d60        0x0 d:/quartus_lite_18.1/nios2eds/bin/gnu/h-x86_64-mingw32/bin/../lib/gcc/nios2-elf/5.3.0/../../../../../H-x86_64-mingw32/nios2-elf/lib/mhw-mulx\libc.a(lib_a-puts.o)
 .text._puts_r  0x0000000000804d60       0xc0 d:/quartus_lite_18.1/nios2eds/bin/gnu/h-x86_64-mingw32/bin/../lib/gcc/nios2-elf/5.3.0/../../../../../H-x86_64-mingw32/nios2-elf/lib/mhw-mulx\libc.a(lib_a-puts.o)
                0x0000000000804d60                _puts_r
 .text.puts     0x0000000000804e20       0x14 d:/quartus_lite_18.1/nios2eds/bin/gnu/h-x86_64-mingw32/bin/../lib/gcc/nios2-elf/5.3.0/../../../../../H-x86_64-mingw32/nios2-elf/lib/mhw-mulx\libc.a(lib_a-puts.o)
                0x0000000000804e20                puts
 .text          0x0000000000804e34        0x0 d:/quartus_lite_18.1/nios2eds/bin/gnu/h-x86_64-mingw32/bin/../lib/gcc/nios2-elf/5.3.0/../../../../../H-x86_64-mingw32/nios2-elf/lib/mhw-mulx\libc.a(lib_a-strlen.o)
 .text.strlen   0x0000000000804e34       0x98 d:/quartus_lite_18.1/nios2eds/bin/gnu/h-x86_64-mingw32/bin/../lib/gcc/nios2-elf/5.3.0/../../../../../H-x86_64-mingw32/nios2-elf/lib/mhw-mulx\libc.a(lib_a-strlen.o)
                0x0000000000804e34                strlen
 .text          0x0000000000804ecc        0x0 d:/quartus_lite_18.1/nios2eds/bin/gnu/h-x86_64-mingw32/bin/../lib/gcc/nios2-elf/5.3.0/../../../../../H-x86_64-mingw32/nios2-elf/lib/mhw-mulx\libc.a(lib_a-vfprintf.o)
 .text.___vfprintf_internal_r
                0x0000000000804ecc     0x21f8 d:/quartus_lite_18.1/nios2eds/bin/gnu/h-x86_64-mingw32/bin/../lib/gcc/nios2-elf/5.3.0/../../../../../H-x86_64-mingw32/nios2-elf/lib/mhw-mulx\libc.a(lib_a-vfprintf.o)
                0x0000000000804ecc                ___vfprintf_internal_r
 .text.__vfprintf_internal
                0x00000000008070c4       0x1c d:/quartus_lite_18.1/nios2eds/bin/gnu/h-x86_64-mingw32/bin/../lib/gcc/nios2-elf/5.3.0/../../../../../H-x86_64-mingw32/nios2-elf/lib/mhw-mulx\libc.a(lib_a-vfprintf.o)
                0x00000000008070c4                __vfprintf_internal
 .text.__sbprintf
                0x00000000008070e0       0xbc d:/quartus_lite_18.1/nios2eds/bin/gnu/h-x86_64-mingw32/bin/../lib/gcc/nios2-elf/5.3.0/../../../../../H-x86_64-mingw32/nios2-elf/lib/mhw-mulx\libc.a(lib_a-vfprintf.o)
 .text          0x000000000080719c        0x0 d:/quartus_lite_18.1/nios2eds/bin/gnu/h-x86_64-mingw32/bin/../lib/gcc/nios2-elf/5.3.0/../../../../../H-x86_64-mingw32/nios2-elf/lib/mhw-mulx\libc.a(lib_a-wsetup.o)
 .text.__swsetup_r
                0x000000000080719c      0x154 d:/quartus_lite_18.1/nios2eds/bin/gnu/h-x86_64-mingw32/bin/../lib/gcc/nios2-elf/5.3.0/../../../../../H-x86_64-mingw32/nios2-elf/lib/mhw-mulx\libc.a(lib_a-wsetup.o)
                0x000000000080719c                __swsetup_r
 .text          0x00000000008072f0        0x0 d:/quartus_lite_18.1/nios2eds/bin/gnu/h-x86_64-mingw32/bin/../lib/gcc/nios2-elf/5.3.0/../../../../../H-x86_64-mingw32/nios2-elf/lib/mhw-mulx\libc.a(lib_a-dtoa.o)
 .text.quorem   0x00000000008072f0      0x200 d:/quartus_lite_18.1/nios2eds/bin/gnu/h-x86_64-mingw32/bin/../lib/gcc/nios2-elf/5.3.0/../../../../../H-x86_64-mingw32/nios2-elf/lib/mhw-mulx\libc.a(lib_a-dtoa.o)
 .text._dtoa_r  0x00000000008074f0     0x1688 d:/quartus_lite_18.1/nios2eds/bin/gnu/h-x86_64-mingw32/bin/../lib/gcc/nios2-elf/5.3.0/../../../../../H-x86_64-mingw32/nios2-elf/lib/mhw-mulx\libc.a(lib_a-dtoa.o)
                0x00000000008074f0                _dtoa_r
 .text          0x0000000000808b78        0x0 d:/quartus_lite_18.1/nios2eds/bin/gnu/h-x86_64-mingw32/bin/../lib/gcc/nios2-elf/5.3.0/../../../../../H-x86_64-mingw32/nios2-elf/lib/mhw-mulx\libc.a(lib_a-fflush.o)
 .text.__sflush_r
                0x0000000000808b78      0x21c d:/quartus_lite_18.1/nios2eds/bin/gnu/h-x86_64-mingw32/bin/../lib/gcc/nios2-elf/5.3.0/../../../../../H-x86_64-mingw32/nios2-elf/lib/mhw-mulx\libc.a(lib_a-fflush.o)
                0x0000000000808b78                __sflush_r
 .text._fflush_r
                0x0000000000808d94       0x5c d:/quartus_lite_18.1/nios2eds/bin/gnu/h-x86_64-mingw32/bin/../lib/gcc/nios2-elf/5.3.0/../../../../../H-x86_64-mingw32/nios2-elf/lib/mhw-mulx\libc.a(lib_a-fflush.o)
                0x0000000000808d94                _fflush_r
 .text.fflush   0x0000000000808df0       0x30 d:/quartus_lite_18.1/nios2eds/bin/gnu/h-x86_64-mingw32/bin/../lib/gcc/nios2-elf/5.3.0/../../../../../H-x86_64-mingw32/nios2-elf/lib/mhw-mulx\libc.a(lib_a-fflush.o)
                0x0000000000808df0                fflush
 .text          0x0000000000808e20        0x0 d:/quartus_lite_18.1/nios2eds/bin/gnu/h-x86_64-mingw32/bin/../lib/gcc/nios2-elf/5.3.0/../../../../../H-x86_64-mingw32/nios2-elf/lib/mhw-mulx\libc.a(lib_a-findfp.o)
 .text.__fp_unlock
                0x0000000000808e20        0x8 d:/quartus_lite_18.1/nios2eds/bin/gnu/h-x86_64-mingw32/bin/../lib/gcc/nios2-elf/5.3.0/../../../../../H-x86_64-mingw32/nios2-elf/lib/mhw-mulx\libc.a(lib_a-findfp.o)
 .text._cleanup_r
                0x0000000000808e28        0xc d:/quartus_lite_18.1/nios2eds/bin/gnu/h-x86_64-mingw32/bin/../lib/gcc/nios2-elf/5.3.0/../../../../../H-x86_64-mingw32/nios2-elf/lib/mhw-mulx\libc.a(lib_a-findfp.o)
                0x0000000000808e28                _cleanup_r
 .text.__sinit.part.1
                0x0000000000808e34      0x19c d:/quartus_lite_18.1/nios2eds/bin/gnu/h-x86_64-mingw32/bin/../lib/gcc/nios2-elf/5.3.0/../../../../../H-x86_64-mingw32/nios2-elf/lib/mhw-mulx\libc.a(lib_a-findfp.o)
 .text.__fp_lock
                0x0000000000808fd0        0x8 d:/quartus_lite_18.1/nios2eds/bin/gnu/h-x86_64-mingw32/bin/../lib/gcc/nios2-elf/5.3.0/../../../../../H-x86_64-mingw32/nios2-elf/lib/mhw-mulx\libc.a(lib_a-findfp.o)
 .text.__sfmoreglue
                0x0000000000808fd8       0x68 d:/quartus_lite_18.1/nios2eds/bin/gnu/h-x86_64-mingw32/bin/../lib/gcc/nios2-elf/5.3.0/../../../../../H-x86_64-mingw32/nios2-elf/lib/mhw-mulx\libc.a(lib_a-findfp.o)
                0x0000000000808fd8                __sfmoreglue
 .text.__sfp    0x0000000000809040      0x118 d:/quartus_lite_18.1/nios2eds/bin/gnu/h-x86_64-mingw32/bin/../lib/gcc/nios2-elf/5.3.0/../../../../../H-x86_64-mingw32/nios2-elf/lib/mhw-mulx\libc.a(lib_a-findfp.o)
                0x0000000000809040                __sfp
 .text._cleanup
                0x0000000000809158       0x18 d:/quartus_lite_18.1/nios2eds/bin/gnu/h-x86_64-mingw32/bin/../lib/gcc/nios2-elf/5.3.0/../../../../../H-x86_64-mingw32/nios2-elf/lib/mhw-mulx\libc.a(lib_a-findfp.o)
                0x0000000000809158                _cleanup
 .text.__sinit  0x0000000000809170       0x10 d:/quartus_lite_18.1/nios2eds/bin/gnu/h-x86_64-mingw32/bin/../lib/gcc/nios2-elf/5.3.0/../../../../../H-x86_64-mingw32/nios2-elf/lib/mhw-mulx\libc.a(lib_a-findfp.o)
                0x0000000000809170                __sinit
 .text.__sfp_lock_acquire
                0x0000000000809180        0x4 d:/quartus_lite_18.1/nios2eds/bin/gnu/h-x86_64-mingw32/bin/../lib/gcc/nios2-elf/5.3.0/../../../../../H-x86_64-mingw32/nios2-elf/lib/mhw-mulx\libc.a(lib_a-findfp.o)
                0x0000000000809180                __sfp_lock_acquire
 .text.__sfp_lock_release
                0x0000000000809184        0x4 d:/quartus_lite_18.1/nios2eds/bin/gnu/h-x86_64-mingw32/bin/../lib/gcc/nios2-elf/5.3.0/../../../../../H-x86_64-mingw32/nios2-elf/lib/mhw-mulx\libc.a(lib_a-findfp.o)
                0x0000000000809184                __sfp_lock_release
 .text.__sinit_lock_acquire
                0x0000000000809188        0x4 d:/quartus_lite_18.1/nios2eds/bin/gnu/h-x86_64-mingw32/bin/../lib/gcc/nios2-elf/5.3.0/../../../../../H-x86_64-mingw32/nios2-elf/lib/mhw-mulx\libc.a(lib_a-findfp.o)
                0x0000000000809188                __sinit_lock_acquire
 .text.__sinit_lock_release
                0x000000000080918c        0x4 d:/quartus_lite_18.1/nios2eds/bin/gnu/h-x86_64-mingw32/bin/../lib/gcc/nios2-elf/5.3.0/../../../../../H-x86_64-mingw32/nios2-elf/lib/mhw-mulx\libc.a(lib_a-findfp.o)
                0x000000000080918c                __sinit_lock_release
 .text.__fp_lock_all
                0x0000000000809190       0x18 d:/quartus_lite_18.1/nios2eds/bin/gnu/h-x86_64-mingw32/bin/../lib/gcc/nios2-elf/5.3.0/../../../../../H-x86_64-mingw32/nios2-elf/lib/mhw-mulx\libc.a(lib_a-findfp.o)
                0x0000000000809190                __fp_lock_all
 .text.__fp_unlock_all
                0x00000000008091a8       0x18 d:/quartus_lite_18.1/nios2eds/bin/gnu/h-x86_64-mingw32/bin/../lib/gcc/nios2-elf/5.3.0/../../../../../H-x86_64-mingw32/nios2-elf/lib/mhw-mulx\libc.a(lib_a-findfp.o)
                0x00000000008091a8                __fp_unlock_all
 .text          0x00000000008091c0        0x0 d:/quartus_lite_18.1/nios2eds/bin/gnu/h-x86_64-mingw32/bin/../lib/gcc/nios2-elf/5.3.0/../../../../../H-x86_64-mingw32/nios2-elf/lib/mhw-mulx\libc.a(lib_a-freer.o)
 .text._malloc_trim_r
                0x00000000008091c0      0x124 d:/quartus_lite_18.1/nios2eds/bin/gnu/h-x86_64-mingw32/bin/../lib/gcc/nios2-elf/5.3.0/../../../../../H-x86_64-mingw32/nios2-elf/lib/mhw-mulx\libc.a(lib_a-freer.o)
                0x00000000008091c0                _malloc_trim_r
 .text._free_r  0x00000000008092e4      0x310 d:/quartus_lite_18.1/nios2eds/bin/gnu/h-x86_64-mingw32/bin/../lib/gcc/nios2-elf/5.3.0/../../../../../H-x86_64-mingw32/nios2-elf/lib/mhw-mulx\libc.a(lib_a-freer.o)
                0x00000000008092e4                _free_r
 .text          0x00000000008095f4        0x0 d:/quartus_lite_18.1/nios2eds/bin/gnu/h-x86_64-mingw32/bin/../lib/gcc/nios2-elf/5.3.0/../../../../../H-x86_64-mingw32/nios2-elf/lib/mhw-mulx\libc.a(lib_a-fvwrite.o)
 .text.__sfvwrite_r
                0x00000000008095f4      0x4bc d:/quartus_lite_18.1/nios2eds/bin/gnu/h-x86_64-mingw32/bin/../lib/gcc/nios2-elf/5.3.0/../../../../../H-x86_64-mingw32/nios2-elf/lib/mhw-mulx\libc.a(lib_a-fvwrite.o)
                0x00000000008095f4                __sfvwrite_r
 .text          0x0000000000809ab0        0x0 d:/quartus_lite_18.1/nios2eds/bin/gnu/h-x86_64-mingw32/bin/../lib/gcc/nios2-elf/5.3.0/../../../../../H-x86_64-mingw32/nios2-elf/lib/mhw-mulx\libc.a(lib_a-fwalk.o)
 .text._fwalk   0x0000000000809ab0       0xc4 d:/quartus_lite_18.1/nios2eds/bin/gnu/h-x86_64-mingw32/bin/../lib/gcc/nios2-elf/5.3.0/../../../../../H-x86_64-mingw32/nios2-elf/lib/mhw-mulx\libc.a(lib_a-fwalk.o)
                0x0000000000809ab0                _fwalk
 .text._fwalk_reent
                0x0000000000809b74       0xc4 d:/quartus_lite_18.1/nios2eds/bin/gnu/h-x86_64-mingw32/bin/../lib/gcc/nios2-elf/5.3.0/../../../../../H-x86_64-mingw32/nios2-elf/lib/mhw-mulx\libc.a(lib_a-fwalk.o)
                0x0000000000809b74                _fwalk_reent
 .text          0x0000000000809c38        0x0 d:/quartus_lite_18.1/nios2eds/bin/gnu/h-x86_64-mingw32/bin/../lib/gcc/nios2-elf/5.3.0/../../../../../H-x86_64-mingw32/nios2-elf/lib/mhw-mulx\libc.a(lib_a-impure.o)
 .text          0x0000000000809c38        0x0 d:/quartus_lite_18.1/nios2eds/bin/gnu/h-x86_64-mingw32/bin/../lib/gcc/nios2-elf/5.3.0/../../../../../H-x86_64-mingw32/nios2-elf/lib/mhw-mulx\libc.a(lib_a-locale.o)
 .text._setlocale_r
                0x0000000000809c38       0x7c d:/quartus_lite_18.1/nios2eds/bin/gnu/h-x86_64-mingw32/bin/../lib/gcc/nios2-elf/5.3.0/../../../../../H-x86_64-mingw32/nios2-elf/lib/mhw-mulx\libc.a(lib_a-locale.o)
                0x0000000000809c38                _setlocale_r
 .text.__locale_charset
                0x0000000000809cb4        0xc d:/quartus_lite_18.1/nios2eds/bin/gnu/h-x86_64-mingw32/bin/../lib/gcc/nios2-elf/5.3.0/../../../../../H-x86_64-mingw32/nios2-elf/lib/mhw-mulx\libc.a(lib_a-locale.o)
                0x0000000000809cb4                __locale_charset
 .text.__locale_mb_cur_max
                0x0000000000809cc0       0x10 d:/quartus_lite_18.1/nios2eds/bin/gnu/h-x86_64-mingw32/bin/../lib/gcc/nios2-elf/5.3.0/../../../../../H-x86_64-mingw32/nios2-elf/lib/mhw-mulx\libc.a(lib_a-locale.o)
                0x0000000000809cc0                __locale_mb_cur_max
 .text.__locale_msgcharset
                0x0000000000809cd0        0xc d:/quartus_lite_18.1/nios2eds/bin/gnu/h-x86_64-mingw32/bin/../lib/gcc/nios2-elf/5.3.0/../../../../../H-x86_64-mingw32/nios2-elf/lib/mhw-mulx\libc.a(lib_a-locale.o)
                0x0000000000809cd0                __locale_msgcharset
 .text.__locale_cjk_lang
                0x0000000000809cdc        0x8 d:/quartus_lite_18.1/nios2eds/bin/gnu/h-x86_64-mingw32/bin/../lib/gcc/nios2-elf/5.3.0/../../../../../H-x86_64-mingw32/nios2-elf/lib/mhw-mulx\libc.a(lib_a-locale.o)
                0x0000000000809cdc                __locale_cjk_lang
 .text._localeconv_r
                0x0000000000809ce4        0xc d:/quartus_lite_18.1/nios2eds/bin/gnu/h-x86_64-mingw32/bin/../lib/gcc/nios2-elf/5.3.0/../../../../../H-x86_64-mingw32/nios2-elf/lib/mhw-mulx\libc.a(lib_a-locale.o)
                0x0000000000809ce4                _localeconv_r
 .text.setlocale
                0x0000000000809cf0       0x18 d:/quartus_lite_18.1/nios2eds/bin/gnu/h-x86_64-mingw32/bin/../lib/gcc/nios2-elf/5.3.0/../../../../../H-x86_64-mingw32/nios2-elf/lib/mhw-mulx\libc.a(lib_a-locale.o)
                0x0000000000809cf0                setlocale
 .text.localeconv
                0x0000000000809d08        0xc d:/quartus_lite_18.1/nios2eds/bin/gnu/h-x86_64-mingw32/bin/../lib/gcc/nios2-elf/5.3.0/../../../../../H-x86_64-mingw32/nios2-elf/lib/mhw-mulx\libc.a(lib_a-locale.o)
                0x0000000000809d08                localeconv
 .text          0x0000000000809d14        0x0 d:/quartus_lite_18.1/nios2eds/bin/gnu/h-x86_64-mingw32/bin/../lib/gcc/nios2-elf/5.3.0/../../../../../H-x86_64-mingw32/nios2-elf/lib/mhw-mulx\libc.a(lib_a-makebuf.o)
 .text.__smakebuf_r
                0x0000000000809d14      0x1bc d:/quartus_lite_18.1/nios2eds/bin/gnu/h-x86_64-mingw32/bin/../lib/gcc/nios2-elf/5.3.0/../../../../../H-x86_64-mingw32/nios2-elf/lib/mhw-mulx\libc.a(lib_a-makebuf.o)
                0x0000000000809d14                __smakebuf_r
 .text          0x0000000000809ed0        0x0 d:/quartus_lite_18.1/nios2eds/bin/gnu/h-x86_64-mingw32/bin/../lib/gcc/nios2-elf/5.3.0/../../../../../H-x86_64-mingw32/nios2-elf/lib/mhw-mulx\libc.a(lib_a-mallocr.o)
 .text._malloc_r
                0x0000000000809ed0      0x80c d:/quartus_lite_18.1/nios2eds/bin/gnu/h-x86_64-mingw32/bin/../lib/gcc/nios2-elf/5.3.0/../../../../../H-x86_64-mingw32/nios2-elf/lib/mhw-mulx\libc.a(lib_a-mallocr.o)
                0x0000000000809ed0                _malloc_r
 .text          0x000000000080a6dc        0x0 d:/quartus_lite_18.1/nios2eds/bin/gnu/h-x86_64-mingw32/bin/../lib/gcc/nios2-elf/5.3.0/../../../../../H-x86_64-mingw32/nios2-elf/lib/mhw-mulx\libc.a(lib_a-memchr.o)
 .text.memchr   0x000000000080a6dc       0xe4 d:/quartus_lite_18.1/nios2eds/bin/gnu/h-x86_64-mingw32/bin/../lib/gcc/nios2-elf/5.3.0/../../../../../H-x86_64-mingw32/nios2-elf/lib/mhw-mulx\libc.a(lib_a-memchr.o)
                0x000000000080a6dc                memchr
 .text          0x000000000080a7c0        0x0 d:/quartus_lite_18.1/nios2eds/bin/gnu/h-x86_64-mingw32/bin/../lib/gcc/nios2-elf/5.3.0/../../../../../H-x86_64-mingw32/nios2-elf/lib/mhw-mulx\libc.a(lib_a-memcpy.o)
 .text.memcpy   0x000000000080a7c0      0x148 d:/quartus_lite_18.1/nios2eds/bin/gnu/h-x86_64-mingw32/bin/../lib/gcc/nios2-elf/5.3.0/../../../../../H-x86_64-mingw32/nios2-elf/lib/mhw-mulx\libc.a(lib_a-memcpy.o)
                0x000000000080a7c0                memcpy
 .text          0x000000000080a908        0x0 d:/quartus_lite_18.1/nios2eds/bin/gnu/h-x86_64-mingw32/bin/../lib/gcc/nios2-elf/5.3.0/../../../../../H-x86_64-mingw32/nios2-elf/lib/mhw-mulx\libc.a(lib_a-memmove.o)
 .text.memmove  0x000000000080a908      0x15c d:/quartus_lite_18.1/nios2eds/bin/gnu/h-x86_64-mingw32/bin/../lib/gcc/nios2-elf/5.3.0/../../../../../H-x86_64-mingw32/nios2-elf/lib/mhw-mulx\libc.a(lib_a-memmove.o)
                0x000000000080a908                memmove
 .text          0x000000000080aa64        0x0 d:/quartus_lite_18.1/nios2eds/bin/gnu/h-x86_64-mingw32/bin/../lib/gcc/nios2-elf/5.3.0/../../../../../H-x86_64-mingw32/nios2-elf/lib/mhw-mulx\libc.a(lib_a-memset.o)
 .text.memset   0x000000000080aa64      0x128 d:/quartus_lite_18.1/nios2eds/bin/gnu/h-x86_64-mingw32/bin/../lib/gcc/nios2-elf/5.3.0/../../../../../H-x86_64-mingw32/nios2-elf/lib/mhw-mulx\libc.a(lib_a-memset.o)
                0x000000000080aa64                memset
 .text          0x000000000080ab8c        0x0 d:/quartus_lite_18.1/nios2eds/bin/gnu/h-x86_64-mingw32/bin/../lib/gcc/nios2-elf/5.3.0/../../../../../H-x86_64-mingw32/nios2-elf/lib/mhw-mulx\libc.a(lib_a-mprec.o)
 .text._Balloc  0x000000000080ab8c       0xa8 d:/quartus_lite_18.1/nios2eds/bin/gnu/h-x86_64-mingw32/bin/../lib/gcc/nios2-elf/5.3.0/../../../../../H-x86_64-mingw32/nios2-elf/lib/mhw-mulx\libc.a(lib_a-mprec.o)
                0x000000000080ab8c                _Balloc
 .text._Bfree   0x000000000080ac34       0x28 d:/quartus_lite_18.1/nios2eds/bin/gnu/h-x86_64-mingw32/bin/../lib/gcc/nios2-elf/5.3.0/../../../../../H-x86_64-mingw32/nios2-elf/lib/mhw-mulx\libc.a(lib_a-mprec.o)
                0x000000000080ac34                _Bfree
 .text.__multadd
                0x000000000080ac5c      0x120 d:/quartus_lite_18.1/nios2eds/bin/gnu/h-x86_64-mingw32/bin/../lib/gcc/nios2-elf/5.3.0/../../../../../H-x86_64-mingw32/nios2-elf/lib/mhw-mulx\libc.a(lib_a-mprec.o)
                0x000000000080ac5c                __multadd
 .text.__s2b    0x000000000080ad7c      0x104 d:/quartus_lite_18.1/nios2eds/bin/gnu/h-x86_64-mingw32/bin/../lib/gcc/nios2-elf/5.3.0/../../../../../H-x86_64-mingw32/nios2-elf/lib/mhw-mulx\libc.a(lib_a-mprec.o)
                0x000000000080ad7c                __s2b
 .text.__hi0bits
                0x000000000080ae80       0x68 d:/quartus_lite_18.1/nios2eds/bin/gnu/h-x86_64-mingw32/bin/../lib/gcc/nios2-elf/5.3.0/../../../../../H-x86_64-mingw32/nios2-elf/lib/mhw-mulx\libc.a(lib_a-mprec.o)
                0x000000000080ae80                __hi0bits
 .text.__lo0bits
                0x000000000080aee8       0xb0 d:/quartus_lite_18.1/nios2eds/bin/gnu/h-x86_64-mingw32/bin/../lib/gcc/nios2-elf/5.3.0/../../../../../H-x86_64-mingw32/nios2-elf/lib/mhw-mulx\libc.a(lib_a-mprec.o)
                0x000000000080aee8                __lo0bits
 .text.__i2b    0x000000000080af98       0x3c d:/quartus_lite_18.1/nios2eds/bin/gnu/h-x86_64-mingw32/bin/../lib/gcc/nios2-elf/5.3.0/../../../../../H-x86_64-mingw32/nios2-elf/lib/mhw-mulx\libc.a(lib_a-mprec.o)
                0x000000000080af98                __i2b
 .text.__multiply
                0x000000000080afd4      0x1f8 d:/quartus_lite_18.1/nios2eds/bin/gnu/h-x86_64-mingw32/bin/../lib/gcc/nios2-elf/5.3.0/../../../../../H-x86_64-mingw32/nios2-elf/lib/mhw-mulx\libc.a(lib_a-mprec.o)
                0x000000000080afd4                __multiply
 .text.__pow5mult
                0x000000000080b1cc      0x140 d:/quartus_lite_18.1/nios2eds/bin/gnu/h-x86_64-mingw32/bin/../lib/gcc/nios2-elf/5.3.0/../../../../../H-x86_64-mingw32/nios2-elf/lib/mhw-mulx\libc.a(lib_a-mprec.o)
                0x000000000080b1cc                __pow5mult
 .text.__lshift
                0x000000000080b30c      0x148 d:/quartus_lite_18.1/nios2eds/bin/gnu/h-x86_64-mingw32/bin/../lib/gcc/nios2-elf/5.3.0/../../../../../H-x86_64-mingw32/nios2-elf/lib/mhw-mulx\libc.a(lib_a-mprec.o)
                0x000000000080b30c                __lshift
 .text.__mcmp   0x000000000080b454       0x60 d:/quartus_lite_18.1/nios2eds/bin/gnu/h-x86_64-mingw32/bin/../lib/gcc/nios2-elf/5.3.0/../../../../../H-x86_64-mingw32/nios2-elf/lib/mhw-mulx\libc.a(lib_a-mprec.o)
                0x000000000080b454                __mcmp
 .text.__mdiff  0x000000000080b4b4      0x1fc d:/quartus_lite_18.1/nios2eds/bin/gnu/h-x86_64-mingw32/bin/../lib/gcc/nios2-elf/5.3.0/../../../../../H-x86_64-mingw32/nios2-elf/lib/mhw-mulx\libc.a(lib_a-mprec.o)
                0x000000000080b4b4                __mdiff
 .text.__ulp    0x000000000080b6b0       0x64 d:/quartus_lite_18.1/nios2eds/bin/gnu/h-x86_64-mingw32/bin/../lib/gcc/nios2-elf/5.3.0/../../../../../H-x86_64-mingw32/nios2-elf/lib/mhw-mulx\libc.a(lib_a-mprec.o)
                0x000000000080b6b0                __ulp
 .text.__b2d    0x000000000080b714      0x10c d:/quartus_lite_18.1/nios2eds/bin/gnu/h-x86_64-mingw32/bin/../lib/gcc/nios2-elf/5.3.0/../../../../../H-x86_64-mingw32/nios2-elf/lib/mhw-mulx\libc.a(lib_a-mprec.o)
                0x000000000080b714                __b2d
 .text.__d2b    0x000000000080b820      0x14c d:/quartus_lite_18.1/nios2eds/bin/gnu/h-x86_64-mingw32/bin/../lib/gcc/nios2-elf/5.3.0/../../../../../H-x86_64-mingw32/nios2-elf/lib/mhw-mulx\libc.a(lib_a-mprec.o)
                0x000000000080b820                __d2b
 .text.__ratio  0x000000000080b96c       0xa4 d:/quartus_lite_18.1/nios2eds/bin/gnu/h-x86_64-mingw32/bin/../lib/gcc/nios2-elf/5.3.0/../../../../../H-x86_64-mingw32/nios2-elf/lib/mhw-mulx\libc.a(lib_a-mprec.o)
                0x000000000080b96c                __ratio
 .text._mprec_log10
                0x000000000080ba10       0x74 d:/quartus_lite_18.1/nios2eds/bin/gnu/h-x86_64-mingw32/bin/../lib/gcc/nios2-elf/5.3.0/../../../../../H-x86_64-mingw32/nios2-elf/lib/mhw-mulx\libc.a(lib_a-mprec.o)
                0x000000000080ba10                _mprec_log10
 .text.__copybits
                0x000000000080ba84       0x78 d:/quartus_lite_18.1/nios2eds/bin/gnu/h-x86_64-mingw32/bin/../lib/gcc/nios2-elf/5.3.0/../../../../../H-x86_64-mingw32/nios2-elf/lib/mhw-mulx\libc.a(lib_a-mprec.o)
                0x000000000080ba84                __copybits
 .text.__any_on
                0x000000000080bafc       0x8c d:/quartus_lite_18.1/nios2eds/bin/gnu/h-x86_64-mingw32/bin/../lib/gcc/nios2-elf/5.3.0/../../../../../H-x86_64-mingw32/nios2-elf/lib/mhw-mulx\libc.a(lib_a-mprec.o)
                0x000000000080bafc                __any_on
 .text          0x000000000080bb88        0x0 d:/quartus_lite_18.1/nios2eds/bin/gnu/h-x86_64-mingw32/bin/../lib/gcc/nios2-elf/5.3.0/../../../../../H-x86_64-mingw32/nios2-elf/lib/mhw-mulx\libc.a(lib_a-reallocr.o)
 .text._realloc_r
                0x000000000080bb88      0x564 d:/quartus_lite_18.1/nios2eds/bin/gnu/h-x86_64-mingw32/bin/../lib/gcc/nios2-elf/5.3.0/../../../../../H-x86_64-mingw32/nios2-elf/lib/mhw-mulx\libc.a(lib_a-reallocr.o)
                0x000000000080bb88                _realloc_r
 .text          0x000000000080c0ec        0x0 d:/quartus_lite_18.1/nios2eds/bin/gnu/h-x86_64-mingw32/bin/../lib/gcc/nios2-elf/5.3.0/../../../../../H-x86_64-mingw32/nios2-elf/lib/mhw-mulx\libc.a(lib_a-s_fpclassify.o)
 .text.__fpclassifyd
                0x000000000080c0ec       0x74 d:/quartus_lite_18.1/nios2eds/bin/gnu/h-x86_64-mingw32/bin/../lib/gcc/nios2-elf/5.3.0/../../../../../H-x86_64-mingw32/nios2-elf/lib/mhw-mulx\libc.a(lib_a-s_fpclassify.o)
                0x000000000080c0ec                __fpclassifyd
 .text          0x000000000080c160        0x0 d:/quartus_lite_18.1/nios2eds/bin/gnu/h-x86_64-mingw32/bin/../lib/gcc/nios2-elf/5.3.0/../../../../../H-x86_64-mingw32/nios2-elf/lib/mhw-mulx\libc.a(lib_a-sbrkr.o)
 .text._sbrk_r  0x000000000080c160       0x54 d:/quartus_lite_18.1/nios2eds/bin/gnu/h-x86_64-mingw32/bin/../lib/gcc/nios2-elf/5.3.0/../../../../../H-x86_64-mingw32/nios2-elf/lib/mhw-mulx\libc.a(lib_a-sbrkr.o)
                0x000000000080c160                _sbrk_r
 .text          0x000000000080c1b4        0x0 d:/quartus_lite_18.1/nios2eds/bin/gnu/h-x86_64-mingw32/bin/../lib/gcc/nios2-elf/5.3.0/../../../../../H-x86_64-mingw32/nios2-elf/lib/mhw-mulx\libc.a(lib_a-stdio.o)
 .text.__sread  0x000000000080c1b4       0x54 d:/quartus_lite_18.1/nios2eds/bin/gnu/h-x86_64-mingw32/bin/../lib/gcc/nios2-elf/5.3.0/../../../../../H-x86_64-mingw32/nios2-elf/lib/mhw-mulx\libc.a(lib_a-stdio.o)
                0x000000000080c1b4                __sread
 .text.__seofread
                0x000000000080c208        0x8 d:/quartus_lite_18.1/nios2eds/bin/gnu/h-x86_64-mingw32/bin/../lib/gcc/nios2-elf/5.3.0/../../../../../H-x86_64-mingw32/nios2-elf/lib/mhw-mulx\libc.a(lib_a-stdio.o)
                0x000000000080c208                __seofread
 .text.__swrite
                0x000000000080c210       0x7c d:/quartus_lite_18.1/nios2eds/bin/gnu/h-x86_64-mingw32/bin/../lib/gcc/nios2-elf/5.3.0/../../../../../H-x86_64-mingw32/nios2-elf/lib/mhw-mulx\libc.a(lib_a-stdio.o)
                0x000000000080c210                __swrite
 .text.__sseek  0x000000000080c28c       0x5c d:/quartus_lite_18.1/nios2eds/bin/gnu/h-x86_64-mingw32/bin/../lib/gcc/nios2-elf/5.3.0/../../../../../H-x86_64-mingw32/nios2-elf/lib/mhw-mulx\libc.a(lib_a-stdio.o)
                0x000000000080c28c                __sseek
 .text.__sclose
                0x000000000080c2e8        0x8 d:/quartus_lite_18.1/nios2eds/bin/gnu/h-x86_64-mingw32/bin/../lib/gcc/nios2-elf/5.3.0/../../../../../H-x86_64-mingw32/nios2-elf/lib/mhw-mulx\libc.a(lib_a-stdio.o)
                0x000000000080c2e8                __sclose
 .text          0x000000000080c2f0        0x0 d:/quartus_lite_18.1/nios2eds/bin/gnu/h-x86_64-mingw32/bin/../lib/gcc/nios2-elf/5.3.0/../../../../../H-x86_64-mingw32/nios2-elf/lib/mhw-mulx\libc.a(lib_a-strcmp.o)
 .text.strcmp   0x000000000080c2f0       0xdc d:/quartus_lite_18.1/nios2eds/bin/gnu/h-x86_64-mingw32/bin/../lib/gcc/nios2-elf/5.3.0/../../../../../H-x86_64-mingw32/nios2-elf/lib/mhw-mulx\libc.a(lib_a-strcmp.o)
                0x000000000080c2f0                strcmp
 .text          0x000000000080c3cc        0x0 d:/quartus_lite_18.1/nios2eds/bin/gnu/h-x86_64-mingw32/bin/../lib/gcc/nios2-elf/5.3.0/../../../../../H-x86_64-mingw32/nios2-elf/lib/mhw-mulx\libc.a(lib_a-vfiprintf.o)
 .text.__sprint_r.part.0
                0x000000000080c3cc       0xfc d:/quartus_lite_18.1/nios2eds/bin/gnu/h-x86_64-mingw32/bin/../lib/gcc/nios2-elf/5.3.0/../../../../../H-x86_64-mingw32/nios2-elf/lib/mhw-mulx\libc.a(lib_a-vfiprintf.o)
 .text.__sprint_r
                0x000000000080c4c8       0x18 d:/quartus_lite_18.1/nios2eds/bin/gnu/h-x86_64-mingw32/bin/../lib/gcc/nios2-elf/5.3.0/../../../../../H-x86_64-mingw32/nios2-elf/lib/mhw-mulx\libc.a(lib_a-vfiprintf.o)
                0x000000000080c4c8                __sprint_r
 .text.___vfiprintf_internal_r
                0x000000000080c4e0     0x145c d:/quartus_lite_18.1/nios2eds/bin/gnu/h-x86_64-mingw32/bin/../lib/gcc/nios2-elf/5.3.0/../../../../../H-x86_64-mingw32/nios2-elf/lib/mhw-mulx\libc.a(lib_a-vfiprintf.o)
                0x000000000080c4e0                ___vfiprintf_internal_r
 .text.__vfiprintf_internal
                0x000000000080d93c       0x1c d:/quartus_lite_18.1/nios2eds/bin/gnu/h-x86_64-mingw32/bin/../lib/gcc/nios2-elf/5.3.0/../../../../../H-x86_64-mingw32/nios2-elf/lib/mhw-mulx\libc.a(lib_a-vfiprintf.o)
                0x000000000080d93c                __vfiprintf_internal
 .text.__sbprintf
                0x000000000080d958       0xbc d:/quartus_lite_18.1/nios2eds/bin/gnu/h-x86_64-mingw32/bin/../lib/gcc/nios2-elf/5.3.0/../../../../../H-x86_64-mingw32/nios2-elf/lib/mhw-mulx\libc.a(lib_a-vfiprintf.o)
 .text          0x000000000080da14        0x0 d:/quartus_lite_18.1/nios2eds/bin/gnu/h-x86_64-mingw32/bin/../lib/gcc/nios2-elf/5.3.0/../../../../../H-x86_64-mingw32/nios2-elf/lib/mhw-mulx\libc.a(lib_a-writer.o)
 .text._write_r
                0x000000000080da14       0x60 d:/quartus_lite_18.1/nios2eds/bin/gnu/h-x86_64-mingw32/bin/../lib/gcc/nios2-elf/5.3.0/../../../../../H-x86_64-mingw32/nios2-elf/lib/mhw-mulx\libc.a(lib_a-writer.o)
                0x000000000080da14                _write_r
 .text          0x000000000080da74        0x0 d:/quartus_lite_18.1/nios2eds/bin/gnu/h-x86_64-mingw32/bin/../lib/gcc/nios2-elf/5.3.0/../../../../../H-x86_64-mingw32/nios2-elf/lib/mhw-mulx\libc.a(closer.o)
 .text._close_r
                0x000000000080da74       0x54 d:/quartus_lite_18.1/nios2eds/bin/gnu/h-x86_64-mingw32/bin/../lib/gcc/nios2-elf/5.3.0/../../../../../H-x86_64-mingw32/nios2-elf/lib/mhw-mulx\libc.a(closer.o)
                0x000000000080da74                _close_r
 .text          0x000000000080dac8        0x0 d:/quartus_lite_18.1/nios2eds/bin/gnu/h-x86_64-mingw32/bin/../lib/gcc/nios2-elf/5.3.0/../../../../../H-x86_64-mingw32/nios2-elf/lib/mhw-mulx\libc.a(lib_a-callocr.o)
 .text._calloc_r
                0x000000000080dac8       0xc4 d:/quartus_lite_18.1/nios2eds/bin/gnu/h-x86_64-mingw32/bin/../lib/gcc/nios2-elf/5.3.0/../../../../../H-x86_64-mingw32/nios2-elf/lib/mhw-mulx\libc.a(lib_a-callocr.o)
                0x000000000080dac8                _calloc_r
 .text          0x000000000080db8c        0x0 d:/quartus_lite_18.1/nios2eds/bin/gnu/h-x86_64-mingw32/bin/../lib/gcc/nios2-elf/5.3.0/../../../../../H-x86_64-mingw32/nios2-elf/lib/mhw-mulx\libc.a(lib_a-fclose.o)
 .text._fclose_r
                0x000000000080db8c       0xf0 d:/quartus_lite_18.1/nios2eds/bin/gnu/h-x86_64-mingw32/bin/../lib/gcc/nios2-elf/5.3.0/../../../../../H-x86_64-mingw32/nios2-elf/lib/mhw-mulx\libc.a(lib_a-fclose.o)
                0x000000000080db8c                _fclose_r
 .text.fclose   0x000000000080dc7c       0x14 d:/quartus_lite_18.1/nios2eds/bin/gnu/h-x86_64-mingw32/bin/../lib/gcc/nios2-elf/5.3.0/../../../../../H-x86_64-mingw32/nios2-elf/lib/mhw-mulx\libc.a(lib_a-fclose.o)
                0x000000000080dc7c                fclose
 .text          0x000000000080dc90        0x0 d:/quartus_lite_18.1/nios2eds/bin/gnu/h-x86_64-mingw32/bin/../lib/gcc/nios2-elf/5.3.0/../../../../../H-x86_64-mingw32/nios2-elf/lib/mhw-mulx\libc.a(lib_a-fputwc.o)
 .text.__fputwc
                0x000000000080dc90      0x164 d:/quartus_lite_18.1/nios2eds/bin/gnu/h-x86_64-mingw32/bin/../lib/gcc/nios2-elf/5.3.0/../../../../../H-x86_64-mingw32/nios2-elf/lib/mhw-mulx\libc.a(lib_a-fputwc.o)
                0x000000000080dc90                __fputwc
 .text._fputwc_r
                0x000000000080ddf4       0x24 d:/quartus_lite_18.1/nios2eds/bin/gnu/h-x86_64-mingw32/bin/../lib/gcc/nios2-elf/5.3.0/../../../../../H-x86_64-mingw32/nios2-elf/lib/mhw-mulx\libc.a(lib_a-fputwc.o)
                0x000000000080ddf4                _fputwc_r
 .text.fputwc   0x000000000080de18       0x80 d:/quartus_lite_18.1/nios2eds/bin/gnu/h-x86_64-mingw32/bin/../lib/gcc/nios2-elf/5.3.0/../../../../../H-x86_64-mingw32/nios2-elf/lib/mhw-mulx\libc.a(lib_a-fputwc.o)
                0x000000000080de18                fputwc
 .text          0x000000000080de98        0x0 d:/quartus_lite_18.1/nios2eds/bin/gnu/h-x86_64-mingw32/bin/../lib/gcc/nios2-elf/5.3.0/../../../../../H-x86_64-mingw32/nios2-elf/lib/mhw-mulx\libc.a(lib_a-fstatr.o)
 .text._fstat_r
                0x000000000080de98       0x5c d:/quartus_lite_18.1/nios2eds/bin/gnu/h-x86_64-mingw32/bin/../lib/gcc/nios2-elf/5.3.0/../../../../../H-x86_64-mingw32/nios2-elf/lib/mhw-mulx\libc.a(lib_a-fstatr.o)
                0x000000000080de98                _fstat_r
 .text          0x000000000080def4        0x0 d:/quartus_lite_18.1/nios2eds/bin/gnu/h-x86_64-mingw32/bin/../lib/gcc/nios2-elf/5.3.0/../../../../../H-x86_64-mingw32/nios2-elf/lib/mhw-mulx\libc.a(lib_a-int_errno.o)
 .text          0x000000000080def4        0x0 d:/quartus_lite_18.1/nios2eds/bin/gnu/h-x86_64-mingw32/bin/../lib/gcc/nios2-elf/5.3.0/../../../../../H-x86_64-mingw32/nios2-elf/lib/mhw-mulx\libc.a(lib_a-isattyr.o)
 .text._isatty_r
                0x000000000080def4       0x54 d:/quartus_lite_18.1/nios2eds/bin/gnu/h-x86_64-mingw32/bin/../lib/gcc/nios2-elf/5.3.0/../../../../../H-x86_64-mingw32/nios2-elf/lib/mhw-mulx\libc.a(lib_a-isattyr.o)
                0x000000000080def4                _isatty_r
 .text          0x000000000080df48        0x0 d:/quartus_lite_18.1/nios2eds/bin/gnu/h-x86_64-mingw32/bin/../lib/gcc/nios2-elf/5.3.0/../../../../../H-x86_64-mingw32/nios2-elf/lib/mhw-mulx\libc.a(lib_a-lseekr.o)
 .text._lseek_r
                0x000000000080df48       0x60 d:/quartus_lite_18.1/nios2eds/bin/gnu/h-x86_64-mingw32/bin/../lib/gcc/nios2-elf/5.3.0/../../../../../H-x86_64-mingw32/nios2-elf/lib/mhw-mulx\libc.a(lib_a-lseekr.o)
                0x000000000080df48                _lseek_r
 .text          0x000000000080dfa8        0x0 d:/quartus_lite_18.1/nios2eds/bin/gnu/h-x86_64-mingw32/bin/../lib/gcc/nios2-elf/5.3.0/../../../../../H-x86_64-mingw32/nios2-elf/lib/mhw-mulx\libc.a(lib_a-readr.o)
 .text._read_r  0x000000000080dfa8       0x60 d:/quartus_lite_18.1/nios2eds/bin/gnu/h-x86_64-mingw32/bin/../lib/gcc/nios2-elf/5.3.0/../../../../../H-x86_64-mingw32/nios2-elf/lib/mhw-mulx\libc.a(lib_a-readr.o)
                0x000000000080dfa8                _read_r
 .text          0x000000000080e008        0x0 d:/quartus_lite_18.1/nios2eds/bin/gnu/h-x86_64-mingw32/bin/../lib/gcc/nios2-elf/5.3.0/../../../../../H-x86_64-mingw32/nios2-elf/lib/mhw-mulx\libc.a(lib_a-wbuf.o)
 .text.__swbuf_r
                0x000000000080e008      0x140 d:/quartus_lite_18.1/nios2eds/bin/gnu/h-x86_64-mingw32/bin/../lib/gcc/nios2-elf/5.3.0/../../../../../H-x86_64-mingw32/nios2-elf/lib/mhw-mulx\libc.a(lib_a-wbuf.o)
                0x000000000080e008                __swbuf_r
 .text.__swbuf  0x000000000080e148       0x18 d:/quartus_lite_18.1/nios2eds/bin/gnu/h-x86_64-mingw32/bin/../lib/gcc/nios2-elf/5.3.0/../../../../../H-x86_64-mingw32/nios2-elf/lib/mhw-mulx\libc.a(lib_a-wbuf.o)
                0x000000000080e148                __swbuf
 .text          0x000000000080e160        0x0 d:/quartus_lite_18.1/nios2eds/bin/gnu/h-x86_64-mingw32/bin/../lib/gcc/nios2-elf/5.3.0/../../../../../H-x86_64-mingw32/nios2-elf/lib/mhw-mulx\libc.a(lib_a-wcrtomb.o)
 .text._wcrtomb_r
                0x000000000080e160       0x9c d:/quartus_lite_18.1/nios2eds/bin/gnu/h-x86_64-mingw32/bin/../lib/gcc/nios2-elf/5.3.0/../../../../../H-x86_64-mingw32/nios2-elf/lib/mhw-mulx\libc.a(lib_a-wcrtomb.o)
                0x000000000080e160                _wcrtomb_r
 .text.wcrtomb  0x000000000080e1fc       0xc0 d:/quartus_lite_18.1/nios2eds/bin/gnu/h-x86_64-mingw32/bin/../lib/gcc/nios2-elf/5.3.0/../../../../../H-x86_64-mingw32/nios2-elf/lib/mhw-mulx\libc.a(lib_a-wcrtomb.o)
                0x000000000080e1fc                wcrtomb
 .text          0x000000000080e2bc        0x0 d:/quartus_lite_18.1/nios2eds/bin/gnu/h-x86_64-mingw32/bin/../lib/gcc/nios2-elf/5.3.0/../../../../../H-x86_64-mingw32/nios2-elf/lib/mhw-mulx\libc.a(lib_a-wctomb_r.o)
 .text.__ascii_wctomb
                0x000000000080e2bc       0x30 d:/quartus_lite_18.1/nios2eds/bin/gnu/h-x86_64-mingw32/bin/../lib/gcc/nios2-elf/5.3.0/../../../../../H-x86_64-mingw32/nios2-elf/lib/mhw-mulx\libc.a(lib_a-wctomb_r.o)
                0x000000000080e2bc                __ascii_wctomb
 .text._wctomb_r
                0x000000000080e2ec       0x5c d:/quartus_lite_18.1/nios2eds/bin/gnu/h-x86_64-mingw32/bin/../lib/gcc/nios2-elf/5.3.0/../../../../../H-x86_64-mingw32/nios2-elf/lib/mhw-mulx\libc.a(lib_a-wctomb_r.o)
                0x000000000080e2ec                _wctomb_r
 .text          0x000000000080e348      0x578 d:/quartus_lite_18.1/nios2eds/bin/gnu/h-x86_64-mingw32/bin/../lib/gcc/nios2-elf/5.3.0/mhw-mulx\libgcc.a(_udivdi3.o)
                0x000000000080e348                __udivdi3
 .text          0x000000000080e8c0      0x538 d:/quartus_lite_18.1/nios2eds/bin/gnu/h-x86_64-mingw32/bin/../lib/gcc/nios2-elf/5.3.0/mhw-mulx\libgcc.a(_umoddi3.o)
                0x000000000080e8c0                __umoddi3
 .text          0x000000000080edf8      0x8e8 d:/quartus_lite_18.1/nios2eds/bin/gnu/h-x86_64-mingw32/bin/../lib/gcc/nios2-elf/5.3.0/mhw-mulx\libgcc.a(divdf3.o)
                0x000000000080edf8                __divdf3
 .text          0x000000000080f6e0       0xf4 d:/quartus_lite_18.1/nios2eds/bin/gnu/h-x86_64-mingw32/bin/../lib/gcc/nios2-elf/5.3.0/mhw-mulx\libgcc.a(ledf2.o)
                0x000000000080f6e0                __ledf2
                0x000000000080f6e0                __ltdf2
 .text          0x000000000080f7d4       0xa8 d:/quartus_lite_18.1/nios2eds/bin/gnu/h-x86_64-mingw32/bin/../lib/gcc/nios2-elf/5.3.0/mhw-mulx\libgcc.a(floatunsidf.o)
                0x000000000080f7d4                __floatunsidf
 .text          0x000000000080f87c      0x10c ../task6_lut_bsp/\libhal_bsp.a(alt_close.o)
                0x000000000080f8b8                close
 .text          0x000000000080f988       0x2c ../task6_lut_bsp/\libhal_bsp.a(alt_dev.o)
 .text          0x000000000080f9b4        0x0 ../task6_lut_bsp/\libhal_bsp.a(alt_errno.o)
 .text          0x000000000080f9b4       0xec ../task6_lut_bsp/\libhal_bsp.a(alt_fstat.o)
                0x000000000080f9f0                fstat
 .text          0x000000000080faa0       0xe0 ../task6_lut_bsp/\libhal_bsp.a(alt_isatty.o)
                0x000000000080fadc                isatty
 .text          0x000000000080fb80       0xec ../task6_lut_bsp/\libhal_bsp.a(alt_load.o)
                0x000000000080fbe8                alt_load
 .text          0x000000000080fc6c      0x110 ../task6_lut_bsp/\libhal_bsp.a(alt_lseek.o)
                0x000000000080fca8                lseek
 .text          0x000000000080fd7c       0x7c ../task6_lut_bsp/\libhal_bsp.a(alt_main.o)
                0x000000000080fd7c                alt_main
 .text          0x000000000080fdf8       0x48 ../task6_lut_bsp/\libhal_bsp.a(alt_malloc_lock.o)
                0x000000000080fdf8                __malloc_lock
                0x000000000080fe1c                __malloc_unlock
 .text          0x000000000080fe40      0x138 ../task6_lut_bsp/\libhal_bsp.a(alt_read.o)
                0x000000000080fe7c                read
 .text          0x000000000080ff78       0x64 ../task6_lut_bsp/\libhal_bsp.a(alt_release_fd.o)
                0x000000000080ff78                alt_release_fd
 .text          0x000000000080ffdc       0xb0 ../task6_lut_bsp/\libhal_bsp.a(alt_sbrk.o)
                0x000000000080ffdc                sbrk
 .text          0x000000000081008c       0xb4 ../task6_lut_bsp/\libhal_bsp.a(alt_times.o)
                0x00000000008100c8                times
 .text          0x0000000000810140      0x134 ../task6_lut_bsp/\libhal_bsp.a(alt_write.o)
                0x000000000081017c                write
 .text          0x0000000000810274       0xd0 ../task6_lut_bsp/\libhal_bsp.a(alt_sys_init.o)
                0x00000000008102a8                alt_irq_init
                0x00000000008102e0                alt_sys_init
 .text          0x0000000000810344      0x164 ../task6_lut_bsp/\libhal_bsp.a(altera_avalon_jtag_uart_fd.o)
                0x0000000000810344                altera_avalon_jtag_uart_read_fd
                0x00000000008103a4                altera_avalon_jtag_uart_write_fd
                0x0000000000810404                altera_avalon_jtag_uart_close_fd
                0x0000000000810454                altera_avalon_jtag_uart_ioctl_fd
 .text          0x00000000008104a8      0x3d4 ../task6_lut_bsp/\libhal_bsp.a(altera_avalon_jtag_uart_init.o)
                0x00000000008104a8                altera_avalon_jtag_uart_init
                0x0000000000810814                altera_avalon_jtag_uart_close
 .text          0x000000000081087c       0xf0 ../task6_lut_bsp/\libhal_bsp.a(altera_avalon_jtag_uart_ioctl.o)
                0x000000000081087c                altera_avalon_jtag_uart_ioctl
 .text          0x000000000081096c      0x21c ../task6_lut_bsp/\libhal_bsp.a(altera_avalon_jtag_uart_read.o)
                0x000000000081096c                altera_avalon_jtag_uart_read
 .text          0x0000000000810b88      0x224 ../task6_lut_bsp/\libhal_bsp.a(altera_avalon_jtag_uart_write.o)
                0x0000000000810b88                altera_avalon_jtag_uart_write
 .text          0x0000000000810dac       0xf4 ../task6_lut_bsp/\libhal_bsp.a(altera_avalon_timer_sc.o)
                0x0000000000810e24                alt_avalon_timer_sc_init
 .text          0x0000000000810ea0      0x12c ../task6_lut_bsp/\libhal_bsp.a(alt_alarm_start.o)
                0x0000000000810ea0                alt_alarm_start
 .text          0x0000000000810fcc       0x48 ../task6_lut_bsp/\libhal_bsp.a(alt_dcache_flush_all.o)
                0x0000000000810fcc                alt_dcache_flush_all
 .text          0x0000000000811014       0xe0 ../task6_lut_bsp/\libhal_bsp.a(alt_dev_llist_insert.o)
                0x0000000000811050                alt_dev_llist_insert
 .text          0x00000000008110f4       0x60 ../task6_lut_bsp/\libhal_bsp.a(alt_do_ctors.o)
                0x00000000008110f4                _do_ctors
 .text          0x0000000000811154       0x60 ../task6_lut_bsp/\libhal_bsp.a(alt_do_dtors.o)
                0x0000000000811154                _do_dtors
 .text          0x00000000008111b4       0x34 ../task6_lut_bsp/\libhal_bsp.a(alt_icache_flush_all.o)
                0x00000000008111b4                alt_icache_flush_all
 .text          0x00000000008111e8      0x1b0 ../task6_lut_bsp/\libhal_bsp.a(alt_iic.o)
                0x00000000008111e8                alt_ic_isr_register
                0x0000000000811238                alt_ic_irq_enable
                0x00000000008112c0                alt_ic_irq_disable
                0x000000000081134c                alt_ic_irq_enabled
 .text          0x0000000000811398       0xf0 ../task6_lut_bsp/\libhal_bsp.a(alt_iic_isr_register.o)
                0x0000000000811398                alt_iic_isr_register
 .text          0x0000000000811488      0x140 ../task6_lut_bsp/\libhal_bsp.a(alt_io_redirect.o)
                0x000000000081154c                alt_io_redirect
 .text          0x00000000008115c8        0x0 ../task6_lut_bsp/\libhal_bsp.a(alt_irq_entry.o)
 .text          0x00000000008115c8        0x0 ../task6_lut_bsp/\libhal_bsp.a(alt_irq_handler.o)
 .text          0x00000000008115c8        0x0 ../task6_lut_bsp/\libhal_bsp.a(alt_irq_vars.o)
 .text          0x00000000008115c8      0x254 ../task6_lut_bsp/\libhal_bsp.a(alt_open.o)
                0x00000000008116c8                open
 .text          0x000000000081181c      0x1a4 ../task6_lut_bsp/\libhal_bsp.a(alt_tick.o)
                0x000000000081181c                alt_alarm_stop
                0x00000000008118b8                alt_tick
 .text          0x00000000008119c0       0x24 ../task6_lut_bsp/\libhal_bsp.a(altera_nios2_gen2_irq.o)
                0x00000000008119c0                altera_nios2_gen2_irq_init
 .text          0x00000000008119e4        0x0 ../task6_lut_bsp/\libhal_bsp.a(alt_exception_entry.o)
 .text          0x00000000008119e4       0x90 ../task6_lut_bsp/\libhal_bsp.a(alt_find_dev.o)
                0x00000000008119e4                alt_find_dev
 .text          0x0000000000811a74      0x108 ../task6_lut_bsp/\libhal_bsp.a(alt_find_file.o)
                0x0000000000811a74                alt_find_file
 .text          0x0000000000811b7c       0xa4 ../task6_lut_bsp/\libhal_bsp.a(alt_get_fd.o)
                0x0000000000811b7c                alt_get_fd
 .text          0x0000000000811c20       0x90 ../task6_lut_bsp/\libhal_bsp.a(alt_icache_flush.o)
                0x0000000000811c20                alt_icache_flush
 .text          0x0000000000811cb0       0x9c ../task6_lut_bsp/\libhal_bsp.a(alt_instruction_exception_entry.o)
                0x0000000000811cb0                alt_exception_cause_generated_bad_addr
 .text          0x0000000000811d4c        0x0 d:/quartus_lite_18.1/nios2eds/bin/gnu/h-x86_64-mingw32/bin/../lib/gcc/nios2-elf/5.3.0/../../../../../H-x86_64-mingw32/nios2-elf/lib/mhw-mulx\libc.a(lib_a-atexit.o)
 .text.atexit   0x0000000000811d4c       0x14 d:/quartus_lite_18.1/nios2eds/bin/gnu/h-x86_64-mingw32/bin/../lib/gcc/nios2-elf/5.3.0/../../../../../H-x86_64-mingw32/nios2-elf/lib/mhw-mulx\libc.a(lib_a-atexit.o)
                0x0000000000811d4c                atexit
 .text          0x0000000000811d60        0x0 d:/quartus_lite_18.1/nios2eds/bin/gnu/h-x86_64-mingw32/bin/../lib/gcc/nios2-elf/5.3.0/../../../../../H-x86_64-mingw32/nios2-elf/lib/mhw-mulx\libc.a(lib_a-exit.o)
 .text.exit     0x0000000000811d60       0x38 d:/quartus_lite_18.1/nios2eds/bin/gnu/h-x86_64-mingw32/bin/../lib/gcc/nios2-elf/5.3.0/../../../../../H-x86_64-mingw32/nios2-elf/lib/mhw-mulx\libc.a(lib_a-exit.o)
                0x0000000000811d60                exit
 .text          0x0000000000811d98        0x0 d:/quartus_lite_18.1/nios2eds/bin/gnu/h-x86_64-mingw32/bin/../lib/gcc/nios2-elf/5.3.0/../../../../../H-x86_64-mingw32/nios2-elf/lib/mhw-mulx\libc.a(lib_a-memcmp.o)
 .text.memcmp   0x0000000000811d98       0x7c d:/quartus_lite_18.1/nios2eds/bin/gnu/h-x86_64-mingw32/bin/../lib/gcc/nios2-elf/5.3.0/../../../../../H-x86_64-mingw32/nios2-elf/lib/mhw-mulx\libc.a(lib_a-memcmp.o)
                0x0000000000811d98                memcmp
 .text          0x0000000000811e14        0x0 d:/quartus_lite_18.1/nios2eds/bin/gnu/h-x86_64-mingw32/bin/../lib/gcc/nios2-elf/5.3.0/../../../../../H-x86_64-mingw32/nios2-elf/lib/mhw-mulx\libc.a(lib_a-__atexit.o)
 .text.__register_exitproc
                0x0000000000811e14      0x118 d:/quartus_lite_18.1/nios2eds/bin/gnu/h-x86_64-mingw32/bin/../lib/gcc/nios2-elf/5.3.0/../../../../../H-x86_64-mingw32/nios2-elf/lib/mhw-mulx\libc.a(lib_a-__atexit.o)
                0x0000000000811e14                __register_exitproc
 .text          0x0000000000811f2c        0x0 d:/quartus_lite_18.1/nios2eds/bin/gnu/h-x86_64-mingw32/bin/../lib/gcc/nios2-elf/5.3.0/../../../../../H-x86_64-mingw32/nios2-elf/lib/mhw-mulx\libc.a(lib_a-__call_atexit.o)
 .text.__call_exitprocs
                0x0000000000811f2c      0x180 d:/quartus_lite_18.1/nios2eds/bin/gnu/h-x86_64-mingw32/bin/../lib/gcc/nios2-elf/5.3.0/../../../../../H-x86_64-mingw32/nios2-elf/lib/mhw-mulx\libc.a(lib_a-__call_atexit.o)
                0x0000000000811f2c                __call_exitprocs
 .text          0x00000000008120ac       0x34 ../task6_lut_bsp/\libhal_bsp.a(alt_exit.o)
                0x00000000008120ac                _exit
 *(.gnu.warning.*)
 *(.fini)
                [!provide]                        PROVIDE (__etext, ABSOLUTE (.))
                [!provide]                        PROVIDE (_etext, ABSOLUTE (.))
                [!provide]                        PROVIDE (etext, ABSOLUTE (.))
 *(.eh_frame_hdr)
                0x00000000008120e0                . = ALIGN (0x4)
                [!provide]                        PROVIDE (__preinit_array_start, ABSOLUTE (.))
 *(.preinit_array)
                [!provide]                        PROVIDE (__preinit_array_end, ABSOLUTE (.))
                [!provide]                        PROVIDE (__init_array_start, ABSOLUTE (.))
 *(.init_array)
                [!provide]                        PROVIDE (__init_array_end, ABSOLUTE (.))
                [!provide]                        PROVIDE (__fini_array_start, ABSOLUTE (.))
 *(.fini_array)
                [!provide]                        PROVIDE (__fini_array_end, ABSOLUTE (.))
 *(.eh_frame)
 *(.gcc_except_table .gcc_except_table.*)
 *(.dynamic)
                0x00000000008120e0                PROVIDE (__CTOR_LIST__, ABSOLUTE (.))
 *(.ctors)
 *(SORT(.ctors.*))
                0x00000000008120e0                PROVIDE (__CTOR_END__, ABSOLUTE (.))
                0x00000000008120e0                PROVIDE (__DTOR_LIST__, ABSOLUTE (.))
 *(.dtors)
 *(SORT(.dtors.*))
                0x00000000008120e0                PROVIDE (__DTOR_END__, ABSOLUTE (.))
 *(.jcr)
                0x00000000008120e0                . = ALIGN (0x4)

.rodata         0x00000000008120e0      0x520
                0x00000000008120e0                PROVIDE (__ram_rodata_start, ABSOLUTE (.))
                0x00000000008120e0                . = ALIGN (0x4)
 *(.rodata .rodata.* .gnu.linkonce.r.*)
 .rodata        0x00000000008120e0       0x4d obj/default/hello_world.o
 *fill*         0x000000000081212d        0x3 
 .rodata.npio2_hw
                0x0000000000812130       0x80 d:/quartus_lite_18.1/nios2eds/bin/gnu/h-x86_64-mingw32/bin/../lib/gcc/nios2-elf/5.3.0/../../../../../H-x86_64-mingw32/nios2-elf/lib/mhw-mulx\libm.a(lib_a-e_rem_pio2.o)
 .rodata.two_over_pi
                0x00000000008121b0      0x108 d:/quartus_lite_18.1/nios2eds/bin/gnu/h-x86_64-mingw32/bin/../lib/gcc/nios2-elf/5.3.0/../../../../../H-x86_64-mingw32/nios2-elf/lib/mhw-mulx\libm.a(lib_a-e_rem_pio2.o)
 .rodata.PIo2   0x00000000008122b8       0x40 d:/quartus_lite_18.1/nios2eds/bin/gnu/h-x86_64-mingw32/bin/../lib/gcc/nios2-elf/5.3.0/../../../../../H-x86_64-mingw32/nios2-elf/lib/mhw-mulx\libm.a(lib_a-k_rem_pio2.o)
 .rodata.init_jk
                0x00000000008122f8       0x10 d:/quartus_lite_18.1/nios2eds/bin/gnu/h-x86_64-mingw32/bin/../lib/gcc/nios2-elf/5.3.0/../../../../../H-x86_64-mingw32/nios2-elf/lib/mhw-mulx\libm.a(lib_a-k_rem_pio2.o)
 .rodata        0x0000000000812308      0x100 d:/quartus_lite_18.1/nios2eds/bin/gnu/h-x86_64-mingw32/bin/../lib/gcc/nios2-elf/5.3.0/mhw-mulx\libgcc.a(_clz.o)
                0x0000000000812308                __clz_tab
 .rodata.str1.4
                0x0000000000812408        0x2 d:/quartus_lite_18.1/nios2eds/bin/gnu/h-x86_64-mingw32/bin/../lib/gcc/nios2-elf/5.3.0/../../../../../H-x86_64-mingw32/nios2-elf/lib/mhw-mulx\libc.a(lib_a-puts.o)
 *fill*         0x000000000081240a        0x2 
 .rodata.str1.4
                0x000000000081240c       0x42 d:/quartus_lite_18.1/nios2eds/bin/gnu/h-x86_64-mingw32/bin/../lib/gcc/nios2-elf/5.3.0/../../../../../H-x86_64-mingw32/nios2-elf/lib/mhw-mulx\libc.a(lib_a-vfprintf.o)
 .rodata.zeroes.4404
                0x000000000081244e       0x10 d:/quartus_lite_18.1/nios2eds/bin/gnu/h-x86_64-mingw32/bin/../lib/gcc/nios2-elf/5.3.0/../../../../../H-x86_64-mingw32/nios2-elf/lib/mhw-mulx\libc.a(lib_a-vfprintf.o)
 .rodata.blanks.4403
                0x000000000081245e       0x10 d:/quartus_lite_18.1/nios2eds/bin/gnu/h-x86_64-mingw32/bin/../lib/gcc/nios2-elf/5.3.0/../../../../../H-x86_64-mingw32/nios2-elf/lib/mhw-mulx\libc.a(lib_a-vfprintf.o)
 *fill*         0x000000000081246e        0x2 
 .rodata.str1.4
                0x0000000000812470       0x10 d:/quartus_lite_18.1/nios2eds/bin/gnu/h-x86_64-mingw32/bin/../lib/gcc/nios2-elf/5.3.0/../../../../../H-x86_64-mingw32/nios2-elf/lib/mhw-mulx\libc.a(lib_a-dtoa.o)
                                         0x12 (size before relaxing)
 .rodata.str1.4
                0x0000000000812480        0x2 d:/quartus_lite_18.1/nios2eds/bin/gnu/h-x86_64-mingw32/bin/../lib/gcc/nios2-elf/5.3.0/../../../../../H-x86_64-mingw32/nios2-elf/lib/mhw-mulx\libc.a(lib_a-impure.o)
 *fill*         0x0000000000812482        0x2 
 .rodata.str1.4
                0x0000000000812484        0xc d:/quartus_lite_18.1/nios2eds/bin/gnu/h-x86_64-mingw32/bin/../lib/gcc/nios2-elf/5.3.0/../../../../../H-x86_64-mingw32/nios2-elf/lib/mhw-mulx\libc.a(lib_a-locale.o)
                                         0x12 (size before relaxing)
 .rodata.p05.2768
                0x0000000000812490        0xc d:/quartus_lite_18.1/nios2eds/bin/gnu/h-x86_64-mingw32/bin/../lib/gcc/nios2-elf/5.3.0/../../../../../H-x86_64-mingw32/nios2-elf/lib/mhw-mulx\libc.a(lib_a-mprec.o)
 .rodata.__mprec_tinytens
                0x000000000081249c       0x28 d:/quartus_lite_18.1/nios2eds/bin/gnu/h-x86_64-mingw32/bin/../lib/gcc/nios2-elf/5.3.0/../../../../../H-x86_64-mingw32/nios2-elf/lib/mhw-mulx\libc.a(lib_a-mprec.o)
                0x000000000081249c                __mprec_tinytens
 .rodata.__mprec_bigtens
                0x00000000008124c4       0x28 d:/quartus_lite_18.1/nios2eds/bin/gnu/h-x86_64-mingw32/bin/../lib/gcc/nios2-elf/5.3.0/../../../../../H-x86_64-mingw32/nios2-elf/lib/mhw-mulx\libc.a(lib_a-mprec.o)
                0x00000000008124c4                __mprec_bigtens
 .rodata.__mprec_tens
                0x00000000008124ec       0xc8 d:/quartus_lite_18.1/nios2eds/bin/gnu/h-x86_64-mingw32/bin/../lib/gcc/nios2-elf/5.3.0/../../../../../H-x86_64-mingw32/nios2-elf/lib/mhw-mulx\libc.a(lib_a-mprec.o)
                0x00000000008124ec                __mprec_tens
 .rodata.str1.4
                0x00000000008125b4       0x2f d:/quartus_lite_18.1/nios2eds/bin/gnu/h-x86_64-mingw32/bin/../lib/gcc/nios2-elf/5.3.0/../../../../../H-x86_64-mingw32/nios2-elf/lib/mhw-mulx\libc.a(lib_a-vfiprintf.o)
 .rodata.zeroes.4349
                0x00000000008125b4       0x10 d:/quartus_lite_18.1/nios2eds/bin/gnu/h-x86_64-mingw32/bin/../lib/gcc/nios2-elf/5.3.0/../../../../../H-x86_64-mingw32/nios2-elf/lib/mhw-mulx\libc.a(lib_a-vfiprintf.o)
 .rodata.blanks.4348
                0x00000000008125c4       0x10 d:/quartus_lite_18.1/nios2eds/bin/gnu/h-x86_64-mingw32/bin/../lib/gcc/nios2-elf/5.3.0/../../../../../H-x86_64-mingw32/nios2-elf/lib/mhw-mulx\libc.a(lib_a-vfiprintf.o)
 .rodata        0x00000000008125d4        0xa ../task6_lut_bsp/\libhal_bsp.a(alt_dev.o)
 *fill*         0x00000000008125de        0x2 
 .rodata        0x00000000008125e0        0xf ../task6_lut_bsp/\libhal_bsp.a(alt_main.o)
 *fill*         0x00000000008125ef        0x1 
 .rodata        0x00000000008125f0        0xf ../task6_lut_bsp/\libhal_bsp.a(alt_sys_init.o)
 *(.rodata1)
                0x0000000000812600                . = ALIGN (0x4)
 *fill*         0x00000000008125ff        0x1 
                0x0000000000812600                PROVIDE (__ram_rodata_end, ABSOLUTE (.))
                0x00000000008120e0                PROVIDE (__flash_rodata_start, LOADADDR (.rodata))

.rwdata         0x0000000000812600     0x1aec load address 0x00000000008140ec
                0x0000000000812600                PROVIDE (__ram_rwdata_start, ABSOLUTE (.))
                0x0000000000812600                . = ALIGN (0x4)
 *(.got.plt)
 *(.got)
 *(.data1)
 *(.data .data.* .gnu.linkonce.d.*)
 .data          0x0000000000812600        0x0 ../task6_lut_bsp//obj/HAL/src/crt0.o
 .data          0x0000000000812600        0x0 obj/default/hello_world.o
 .data          0x0000000000812600        0x0 d:/quartus_lite_18.1/nios2eds/bin/gnu/h-x86_64-mingw32/bin/../lib/gcc/nios2-elf/5.3.0/../../../../../H-x86_64-mingw32/nios2-elf/lib/mhw-mulx\libm.a(lib_a-s_cos.o)
 .data          0x0000000000812600        0x0 d:/quartus_lite_18.1/nios2eds/bin/gnu/h-x86_64-mingw32/bin/../lib/gcc/nios2-elf/5.3.0/../../../../../H-x86_64-mingw32/nios2-elf/lib/mhw-mulx\libm.a(lib_a-e_rem_pio2.o)
 .data          0x0000000000812600        0x0 d:/quartus_lite_18.1/nios2eds/bin/gnu/h-x86_64-mingw32/bin/../lib/gcc/nios2-elf/5.3.0/../../../../../H-x86_64-mingw32/nios2-elf/lib/mhw-mulx\libm.a(lib_a-k_cos.o)
 .data          0x0000000000812600        0x0 d:/quartus_lite_18.1/nios2eds/bin/gnu/h-x86_64-mingw32/bin/../lib/gcc/nios2-elf/5.3.0/../../../../../H-x86_64-mingw32/nios2-elf/lib/mhw-mulx\libm.a(lib_a-k_rem_pio2.o)
 .data          0x0000000000812600        0x0 d:/quartus_lite_18.1/nios2eds/bin/gnu/h-x86_64-mingw32/bin/../lib/gcc/nios2-elf/5.3.0/../../../../../H-x86_64-mingw32/nios2-elf/lib/mhw-mulx\libm.a(lib_a-k_sin.o)
 .data          0x0000000000812600        0x0 d:/quartus_lite_18.1/nios2eds/bin/gnu/h-x86_64-mingw32/bin/../lib/gcc/nios2-elf/5.3.0/../../../../../H-x86_64-mingw32/nios2-elf/lib/mhw-mulx\libm.a(lib_a-s_fabs.o)
 .data          0x0000000000812600        0x0 d:/quartus_lite_18.1/nios2eds/bin/gnu/h-x86_64-mingw32/bin/../lib/gcc/nios2-elf/5.3.0/../../../../../H-x86_64-mingw32/nios2-elf/lib/mhw-mulx\libm.a(lib_a-s_floor.o)
 .data          0x0000000000812600        0x0 d:/quartus_lite_18.1/nios2eds/bin/gnu/h-x86_64-mingw32/bin/../lib/gcc/nios2-elf/5.3.0/../../../../../H-x86_64-mingw32/nios2-elf/lib/mhw-mulx\libm.a(lib_a-s_scalbn.o)
 .data          0x0000000000812600        0x0 d:/quartus_lite_18.1/nios2eds/bin/gnu/h-x86_64-mingw32/bin/../lib/gcc/nios2-elf/5.3.0/../../../../../H-x86_64-mingw32/nios2-elf/lib/mhw-mulx\libm.a(lib_a-s_copysign.o)
 .data          0x0000000000812600        0x0 d:/quartus_lite_18.1/nios2eds/bin/gnu/h-x86_64-mingw32/bin/../lib/gcc/nios2-elf/5.3.0/mhw-mulx\libgcc.a(lib2-divmod.o)
 .data          0x0000000000812600        0x0 d:/quartus_lite_18.1/nios2eds/bin/gnu/h-x86_64-mingw32/bin/../lib/gcc/nios2-elf/5.3.0/mhw-mulx\libgcc.a(lesf2.o)
 .data          0x0000000000812600        0x0 d:/quartus_lite_18.1/nios2eds/bin/gnu/h-x86_64-mingw32/bin/../lib/gcc/nios2-elf/5.3.0/mhw-mulx\libgcc.a(fixsfsi.o)
 .data          0x0000000000812600        0x0 d:/quartus_lite_18.1/nios2eds/bin/gnu/h-x86_64-mingw32/bin/../lib/gcc/nios2-elf/5.3.0/mhw-mulx\libgcc.a(floatsisf.o)
 .data          0x0000000000812600        0x0 d:/quartus_lite_18.1/nios2eds/bin/gnu/h-x86_64-mingw32/bin/../lib/gcc/nios2-elf/5.3.0/mhw-mulx\libgcc.a(adddf3.o)
 .data          0x0000000000812600        0x0 d:/quartus_lite_18.1/nios2eds/bin/gnu/h-x86_64-mingw32/bin/../lib/gcc/nios2-elf/5.3.0/mhw-mulx\libgcc.a(eqdf2.o)
 .data          0x0000000000812600        0x0 d:/quartus_lite_18.1/nios2eds/bin/gnu/h-x86_64-mingw32/bin/../lib/gcc/nios2-elf/5.3.0/mhw-mulx\libgcc.a(gedf2.o)
 .data          0x0000000000812600        0x0 d:/quartus_lite_18.1/nios2eds/bin/gnu/h-x86_64-mingw32/bin/../lib/gcc/nios2-elf/5.3.0/mhw-mulx\libgcc.a(muldf3.o)
 .data          0x0000000000812600        0x0 d:/quartus_lite_18.1/nios2eds/bin/gnu/h-x86_64-mingw32/bin/../lib/gcc/nios2-elf/5.3.0/mhw-mulx\libgcc.a(subdf3.o)
 .data          0x0000000000812600        0x0 d:/quartus_lite_18.1/nios2eds/bin/gnu/h-x86_64-mingw32/bin/../lib/gcc/nios2-elf/5.3.0/mhw-mulx\libgcc.a(fixdfsi.o)
 .data          0x0000000000812600        0x0 d:/quartus_lite_18.1/nios2eds/bin/gnu/h-x86_64-mingw32/bin/../lib/gcc/nios2-elf/5.3.0/mhw-mulx\libgcc.a(floatsidf.o)
 .data          0x0000000000812600        0x0 d:/quartus_lite_18.1/nios2eds/bin/gnu/h-x86_64-mingw32/bin/../lib/gcc/nios2-elf/5.3.0/mhw-mulx\libgcc.a(extendsfdf2.o)
 .data          0x0000000000812600        0x0 d:/quartus_lite_18.1/nios2eds/bin/gnu/h-x86_64-mingw32/bin/../lib/gcc/nios2-elf/5.3.0/mhw-mulx\libgcc.a(truncdfsf2.o)
 .data          0x0000000000812600        0x0 d:/quartus_lite_18.1/nios2eds/bin/gnu/h-x86_64-mingw32/bin/../lib/gcc/nios2-elf/5.3.0/mhw-mulx\libgcc.a(_clzsi2.o)
 .data          0x0000000000812600        0x0 d:/quartus_lite_18.1/nios2eds/bin/gnu/h-x86_64-mingw32/bin/../lib/gcc/nios2-elf/5.3.0/mhw-mulx\libgcc.a(_clz.o)
 .data          0x0000000000812600        0x0 d:/quartus_lite_18.1/nios2eds/bin/gnu/h-x86_64-mingw32/bin/../lib/gcc/nios2-elf/5.3.0/../../../../../H-x86_64-mingw32/nios2-elf/lib/mhw-mulx\libc.a(lib_a-printf.o)
 .data          0x0000000000812600        0x0 d:/quartus_lite_18.1/nios2eds/bin/gnu/h-x86_64-mingw32/bin/../lib/gcc/nios2-elf/5.3.0/../../../../../H-x86_64-mingw32/nios2-elf/lib/mhw-mulx\libc.a(lib_a-puts.o)
 .data          0x0000000000812600        0x0 d:/quartus_lite_18.1/nios2eds/bin/gnu/h-x86_64-mingw32/bin/../lib/gcc/nios2-elf/5.3.0/../../../../../H-x86_64-mingw32/nios2-elf/lib/mhw-mulx\libc.a(lib_a-strlen.o)
 .data          0x0000000000812600        0x0 d:/quartus_lite_18.1/nios2eds/bin/gnu/h-x86_64-mingw32/bin/../lib/gcc/nios2-elf/5.3.0/../../../../../H-x86_64-mingw32/nios2-elf/lib/mhw-mulx\libc.a(lib_a-vfprintf.o)
 .data          0x0000000000812600        0x0 d:/quartus_lite_18.1/nios2eds/bin/gnu/h-x86_64-mingw32/bin/../lib/gcc/nios2-elf/5.3.0/../../../../../H-x86_64-mingw32/nios2-elf/lib/mhw-mulx\libc.a(lib_a-wsetup.o)
 .data          0x0000000000812600        0x0 d:/quartus_lite_18.1/nios2eds/bin/gnu/h-x86_64-mingw32/bin/../lib/gcc/nios2-elf/5.3.0/../../../../../H-x86_64-mingw32/nios2-elf/lib/mhw-mulx\libc.a(lib_a-dtoa.o)
 .data          0x0000000000812600        0x0 d:/quartus_lite_18.1/nios2eds/bin/gnu/h-x86_64-mingw32/bin/../lib/gcc/nios2-elf/5.3.0/../../../../../H-x86_64-mingw32/nios2-elf/lib/mhw-mulx\libc.a(lib_a-fflush.o)
 .data          0x0000000000812600        0x0 d:/quartus_lite_18.1/nios2eds/bin/gnu/h-x86_64-mingw32/bin/../lib/gcc/nios2-elf/5.3.0/../../../../../H-x86_64-mingw32/nios2-elf/lib/mhw-mulx\libc.a(lib_a-findfp.o)
 .data          0x0000000000812600        0x0 d:/quartus_lite_18.1/nios2eds/bin/gnu/h-x86_64-mingw32/bin/../lib/gcc/nios2-elf/5.3.0/../../../../../H-x86_64-mingw32/nios2-elf/lib/mhw-mulx\libc.a(lib_a-freer.o)
 .data          0x0000000000812600        0x0 d:/quartus_lite_18.1/nios2eds/bin/gnu/h-x86_64-mingw32/bin/../lib/gcc/nios2-elf/5.3.0/../../../../../H-x86_64-mingw32/nios2-elf/lib/mhw-mulx\libc.a(lib_a-fvwrite.o)
 .data          0x0000000000812600        0x0 d:/quartus_lite_18.1/nios2eds/bin/gnu/h-x86_64-mingw32/bin/../lib/gcc/nios2-elf/5.3.0/../../../../../H-x86_64-mingw32/nios2-elf/lib/mhw-mulx\libc.a(lib_a-fwalk.o)
 .data          0x0000000000812600        0x0 d:/quartus_lite_18.1/nios2eds/bin/gnu/h-x86_64-mingw32/bin/../lib/gcc/nios2-elf/5.3.0/../../../../../H-x86_64-mingw32/nios2-elf/lib/mhw-mulx\libc.a(lib_a-impure.o)
 .data.impure_data
                0x0000000000812600      0x424 d:/quartus_lite_18.1/nios2eds/bin/gnu/h-x86_64-mingw32/bin/../lib/gcc/nios2-elf/5.3.0/../../../../../H-x86_64-mingw32/nios2-elf/lib/mhw-mulx\libc.a(lib_a-impure.o)
 .data          0x0000000000812a24        0x0 d:/quartus_lite_18.1/nios2eds/bin/gnu/h-x86_64-mingw32/bin/../lib/gcc/nios2-elf/5.3.0/../../../../../H-x86_64-mingw32/nios2-elf/lib/mhw-mulx\libc.a(lib_a-locale.o)
 .data.lc_message_charset
                0x0000000000812a24       0x20 d:/quartus_lite_18.1/nios2eds/bin/gnu/h-x86_64-mingw32/bin/../lib/gcc/nios2-elf/5.3.0/../../../../../H-x86_64-mingw32/nios2-elf/lib/mhw-mulx\libc.a(lib_a-locale.o)
 .data.lc_ctype_charset
                0x0000000000812a44       0x20 d:/quartus_lite_18.1/nios2eds/bin/gnu/h-x86_64-mingw32/bin/../lib/gcc/nios2-elf/5.3.0/../../../../../H-x86_64-mingw32/nios2-elf/lib/mhw-mulx\libc.a(lib_a-locale.o)
 .data.lconv    0x0000000000812a64       0x38 d:/quartus_lite_18.1/nios2eds/bin/gnu/h-x86_64-mingw32/bin/../lib/gcc/nios2-elf/5.3.0/../../../../../H-x86_64-mingw32/nios2-elf/lib/mhw-mulx\libc.a(lib_a-locale.o)
 .data          0x0000000000812a9c        0x0 d:/quartus_lite_18.1/nios2eds/bin/gnu/h-x86_64-mingw32/bin/../lib/gcc/nios2-elf/5.3.0/../../../../../H-x86_64-mingw32/nios2-elf/lib/mhw-mulx\libc.a(lib_a-makebuf.o)
 .data          0x0000000000812a9c        0x0 d:/quartus_lite_18.1/nios2eds/bin/gnu/h-x86_64-mingw32/bin/../lib/gcc/nios2-elf/5.3.0/../../../../../H-x86_64-mingw32/nios2-elf/lib/mhw-mulx\libc.a(lib_a-mallocr.o)
 .data.__malloc_av_
                0x0000000000812a9c      0x408 d:/quartus_lite_18.1/nios2eds/bin/gnu/h-x86_64-mingw32/bin/../lib/gcc/nios2-elf/5.3.0/../../../../../H-x86_64-mingw32/nios2-elf/lib/mhw-mulx\libc.a(lib_a-mallocr.o)
                0x0000000000812a9c                __malloc_av_
 .data          0x0000000000812ea4        0x0 d:/quartus_lite_18.1/nios2eds/bin/gnu/h-x86_64-mingw32/bin/../lib/gcc/nios2-elf/5.3.0/../../../../../H-x86_64-mingw32/nios2-elf/lib/mhw-mulx\libc.a(lib_a-memchr.o)
 .data          0x0000000000812ea4        0x0 d:/quartus_lite_18.1/nios2eds/bin/gnu/h-x86_64-mingw32/bin/../lib/gcc/nios2-elf/5.3.0/../../../../../H-x86_64-mingw32/nios2-elf/lib/mhw-mulx\libc.a(lib_a-memcpy.o)
 .data          0x0000000000812ea4        0x0 d:/quartus_lite_18.1/nios2eds/bin/gnu/h-x86_64-mingw32/bin/../lib/gcc/nios2-elf/5.3.0/../../../../../H-x86_64-mingw32/nios2-elf/lib/mhw-mulx\libc.a(lib_a-memmove.o)
 .data          0x0000000000812ea4        0x0 d:/quartus_lite_18.1/nios2eds/bin/gnu/h-x86_64-mingw32/bin/../lib/gcc/nios2-elf/5.3.0/../../../../../H-x86_64-mingw32/nios2-elf/lib/mhw-mulx\libc.a(lib_a-memset.o)
 .data          0x0000000000812ea4        0x0 d:/quartus_lite_18.1/nios2eds/bin/gnu/h-x86_64-mingw32/bin/../lib/gcc/nios2-elf/5.3.0/../../../../../H-x86_64-mingw32/nios2-elf/lib/mhw-mulx\libc.a(lib_a-mprec.o)
 .data          0x0000000000812ea4        0x0 d:/quartus_lite_18.1/nios2eds/bin/gnu/h-x86_64-mingw32/bin/../lib/gcc/nios2-elf/5.3.0/../../../../../H-x86_64-mingw32/nios2-elf/lib/mhw-mulx\libc.a(lib_a-reallocr.o)
 .data          0x0000000000812ea4        0x0 d:/quartus_lite_18.1/nios2eds/bin/gnu/h-x86_64-mingw32/bin/../lib/gcc/nios2-elf/5.3.0/../../../../../H-x86_64-mingw32/nios2-elf/lib/mhw-mulx\libc.a(lib_a-s_fpclassify.o)
 .data          0x0000000000812ea4        0x0 d:/quartus_lite_18.1/nios2eds/bin/gnu/h-x86_64-mingw32/bin/../lib/gcc/nios2-elf/5.3.0/../../../../../H-x86_64-mingw32/nios2-elf/lib/mhw-mulx\libc.a(lib_a-sbrkr.o)
 .data          0x0000000000812ea4        0x0 d:/quartus_lite_18.1/nios2eds/bin/gnu/h-x86_64-mingw32/bin/../lib/gcc/nios2-elf/5.3.0/../../../../../H-x86_64-mingw32/nios2-elf/lib/mhw-mulx\libc.a(lib_a-stdio.o)
 .data          0x0000000000812ea4        0x0 d:/quartus_lite_18.1/nios2eds/bin/gnu/h-x86_64-mingw32/bin/../lib/gcc/nios2-elf/5.3.0/../../../../../H-x86_64-mingw32/nios2-elf/lib/mhw-mulx\libc.a(lib_a-strcmp.o)
 .data          0x0000000000812ea4        0x0 d:/quartus_lite_18.1/nios2eds/bin/gnu/h-x86_64-mingw32/bin/../lib/gcc/nios2-elf/5.3.0/../../../../../H-x86_64-mingw32/nios2-elf/lib/mhw-mulx\libc.a(lib_a-vfiprintf.o)
 .data          0x0000000000812ea4        0x0 d:/quartus_lite_18.1/nios2eds/bin/gnu/h-x86_64-mingw32/bin/../lib/gcc/nios2-elf/5.3.0/../../../../../H-x86_64-mingw32/nios2-elf/lib/mhw-mulx\libc.a(lib_a-writer.o)
 .data          0x0000000000812ea4        0x0 d:/quartus_lite_18.1/nios2eds/bin/gnu/h-x86_64-mingw32/bin/../lib/gcc/nios2-elf/5.3.0/../../../../../H-x86_64-mingw32/nios2-elf/lib/mhw-mulx\libc.a(closer.o)
 .data          0x0000000000812ea4        0x0 d:/quartus_lite_18.1/nios2eds/bin/gnu/h-x86_64-mingw32/bin/../lib/gcc/nios2-elf/5.3.0/../../../../../H-x86_64-mingw32/nios2-elf/lib/mhw-mulx\libc.a(lib_a-callocr.o)
 .data          0x0000000000812ea4        0x0 d:/quartus_lite_18.1/nios2eds/bin/gnu/h-x86_64-mingw32/bin/../lib/gcc/nios2-elf/5.3.0/../../../../../H-x86_64-mingw32/nios2-elf/lib/mhw-mulx\libc.a(lib_a-fclose.o)
 .data          0x0000000000812ea4        0x0 d:/quartus_lite_18.1/nios2eds/bin/gnu/h-x86_64-mingw32/bin/../lib/gcc/nios2-elf/5.3.0/../../../../../H-x86_64-mingw32/nios2-elf/lib/mhw-mulx\libc.a(lib_a-fputwc.o)
 .data          0x0000000000812ea4        0x0 d:/quartus_lite_18.1/nios2eds/bin/gnu/h-x86_64-mingw32/bin/../lib/gcc/nios2-elf/5.3.0/../../../../../H-x86_64-mingw32/nios2-elf/lib/mhw-mulx\libc.a(lib_a-fstatr.o)
 .data          0x0000000000812ea4        0x0 d:/quartus_lite_18.1/nios2eds/bin/gnu/h-x86_64-mingw32/bin/../lib/gcc/nios2-elf/5.3.0/../../../../../H-x86_64-mingw32/nios2-elf/lib/mhw-mulx\libc.a(lib_a-int_errno.o)
 .data          0x0000000000812ea4        0x0 d:/quartus_lite_18.1/nios2eds/bin/gnu/h-x86_64-mingw32/bin/../lib/gcc/nios2-elf/5.3.0/../../../../../H-x86_64-mingw32/nios2-elf/lib/mhw-mulx\libc.a(lib_a-isattyr.o)
 .data          0x0000000000812ea4        0x0 d:/quartus_lite_18.1/nios2eds/bin/gnu/h-x86_64-mingw32/bin/../lib/gcc/nios2-elf/5.3.0/../../../../../H-x86_64-mingw32/nios2-elf/lib/mhw-mulx\libc.a(lib_a-lseekr.o)
 .data          0x0000000000812ea4        0x0 d:/quartus_lite_18.1/nios2eds/bin/gnu/h-x86_64-mingw32/bin/../lib/gcc/nios2-elf/5.3.0/../../../../../H-x86_64-mingw32/nios2-elf/lib/mhw-mulx\libc.a(lib_a-readr.o)
 .data          0x0000000000812ea4        0x0 d:/quartus_lite_18.1/nios2eds/bin/gnu/h-x86_64-mingw32/bin/../lib/gcc/nios2-elf/5.3.0/../../../../../H-x86_64-mingw32/nios2-elf/lib/mhw-mulx\libc.a(lib_a-wbuf.o)
 .data          0x0000000000812ea4        0x0 d:/quartus_lite_18.1/nios2eds/bin/gnu/h-x86_64-mingw32/bin/../lib/gcc/nios2-elf/5.3.0/../../../../../H-x86_64-mingw32/nios2-elf/lib/mhw-mulx\libc.a(lib_a-wcrtomb.o)
 .data          0x0000000000812ea4        0x0 d:/quartus_lite_18.1/nios2eds/bin/gnu/h-x86_64-mingw32/bin/../lib/gcc/nios2-elf/5.3.0/../../../../../H-x86_64-mingw32/nios2-elf/lib/mhw-mulx\libc.a(lib_a-wctomb_r.o)
 .data          0x0000000000812ea4        0x0 d:/quartus_lite_18.1/nios2eds/bin/gnu/h-x86_64-mingw32/bin/../lib/gcc/nios2-elf/5.3.0/mhw-mulx\libgcc.a(_udivdi3.o)
 .data          0x0000000000812ea4        0x0 d:/quartus_lite_18.1/nios2eds/bin/gnu/h-x86_64-mingw32/bin/../lib/gcc/nios2-elf/5.3.0/mhw-mulx\libgcc.a(_umoddi3.o)
 .data          0x0000000000812ea4        0x0 d:/quartus_lite_18.1/nios2eds/bin/gnu/h-x86_64-mingw32/bin/../lib/gcc/nios2-elf/5.3.0/mhw-mulx\libgcc.a(divdf3.o)
 .data          0x0000000000812ea4        0x0 d:/quartus_lite_18.1/nios2eds/bin/gnu/h-x86_64-mingw32/bin/../lib/gcc/nios2-elf/5.3.0/mhw-mulx\libgcc.a(ledf2.o)
 .data          0x0000000000812ea4        0x0 d:/quartus_lite_18.1/nios2eds/bin/gnu/h-x86_64-mingw32/bin/../lib/gcc/nios2-elf/5.3.0/mhw-mulx\libgcc.a(floatunsidf.o)
 .data          0x0000000000812ea4        0x0 ../task6_lut_bsp/\libhal_bsp.a(alt_close.o)
 .data          0x0000000000812ea4      0x1a8 ../task6_lut_bsp/\libhal_bsp.a(alt_dev.o)
                0x0000000000812ea4                alt_dev_null
                0x0000000000812ecc                alt_fd_list
 .data          0x000000000081304c        0x0 ../task6_lut_bsp/\libhal_bsp.a(alt_errno.o)
 .data          0x000000000081304c        0x0 ../task6_lut_bsp/\libhal_bsp.a(alt_fstat.o)
 .data          0x000000000081304c        0x0 ../task6_lut_bsp/\libhal_bsp.a(alt_isatty.o)
 .data          0x000000000081304c        0x0 ../task6_lut_bsp/\libhal_bsp.a(alt_load.o)
 .data          0x000000000081304c        0x0 ../task6_lut_bsp/\libhal_bsp.a(alt_lseek.o)
 .data          0x000000000081304c        0x0 ../task6_lut_bsp/\libhal_bsp.a(alt_main.o)
 .data          0x000000000081304c        0x0 ../task6_lut_bsp/\libhal_bsp.a(alt_malloc_lock.o)
 .data          0x000000000081304c        0x0 ../task6_lut_bsp/\libhal_bsp.a(alt_read.o)
 .data          0x000000000081304c        0x0 ../task6_lut_bsp/\libhal_bsp.a(alt_release_fd.o)
 .data          0x000000000081304c        0x0 ../task6_lut_bsp/\libhal_bsp.a(alt_sbrk.o)
 .data          0x000000000081304c        0x0 ../task6_lut_bsp/\libhal_bsp.a(alt_times.o)
 .data          0x000000000081304c        0x0 ../task6_lut_bsp/\libhal_bsp.a(alt_write.o)
 .data          0x000000000081304c     0x1060 ../task6_lut_bsp/\libhal_bsp.a(alt_sys_init.o)
 .data          0x00000000008140ac        0x0 ../task6_lut_bsp/\libhal_bsp.a(altera_avalon_jtag_uart_fd.o)
 .data          0x00000000008140ac        0x0 ../task6_lut_bsp/\libhal_bsp.a(altera_avalon_jtag_uart_init.o)
 .data          0x00000000008140ac        0x0 ../task6_lut_bsp/\libhal_bsp.a(altera_avalon_jtag_uart_ioctl.o)
 .data          0x00000000008140ac        0x0 ../task6_lut_bsp/\libhal_bsp.a(altera_avalon_jtag_uart_read.o)
 .data          0x00000000008140ac        0x0 ../task6_lut_bsp/\libhal_bsp.a(altera_avalon_jtag_uart_write.o)
 .data          0x00000000008140ac        0x0 ../task6_lut_bsp/\libhal_bsp.a(altera_avalon_timer_sc.o)
 .data          0x00000000008140ac        0x0 ../task6_lut_bsp/\libhal_bsp.a(alt_alarm_start.o)
 .data          0x00000000008140ac        0x0 ../task6_lut_bsp/\libhal_bsp.a(alt_dcache_flush_all.o)
 .data          0x00000000008140ac        0x0 ../task6_lut_bsp/\libhal_bsp.a(alt_dev_llist_insert.o)
 .data          0x00000000008140ac        0x0 ../task6_lut_bsp/\libhal_bsp.a(alt_do_ctors.o)
 .data          0x00000000008140ac        0x0 ../task6_lut_bsp/\libhal_bsp.a(alt_do_dtors.o)
 .data          0x00000000008140ac        0x0 ../task6_lut_bsp/\libhal_bsp.a(alt_icache_flush_all.o)
 .data          0x00000000008140ac        0x0 ../task6_lut_bsp/\libhal_bsp.a(alt_iic.o)
 .data          0x00000000008140ac        0x0 ../task6_lut_bsp/\libhal_bsp.a(alt_iic_isr_register.o)
 .data          0x00000000008140ac        0x0 ../task6_lut_bsp/\libhal_bsp.a(alt_io_redirect.o)
 .data          0x00000000008140ac        0x0 ../task6_lut_bsp/\libhal_bsp.a(alt_irq_entry.o)
 .data          0x00000000008140ac        0x0 ../task6_lut_bsp/\libhal_bsp.a(alt_irq_handler.o)
 .data          0x00000000008140ac        0x0 ../task6_lut_bsp/\libhal_bsp.a(alt_irq_vars.o)
 .data          0x00000000008140ac        0x0 ../task6_lut_bsp/\libhal_bsp.a(alt_open.o)
 .data          0x00000000008140ac        0x0 ../task6_lut_bsp/\libhal_bsp.a(alt_tick.o)
 .data          0x00000000008140ac        0x0 ../task6_lut_bsp/\libhal_bsp.a(altera_nios2_gen2_irq.o)
 .data          0x00000000008140ac        0x0 ../task6_lut_bsp/\libhal_bsp.a(alt_exception_entry.o)
 .data          0x00000000008140ac        0x0 ../task6_lut_bsp/\libhal_bsp.a(alt_find_dev.o)
 .data          0x00000000008140ac        0x0 ../task6_lut_bsp/\libhal_bsp.a(alt_find_file.o)
 .data          0x00000000008140ac        0x0 ../task6_lut_bsp/\libhal_bsp.a(alt_get_fd.o)
 .data          0x00000000008140ac        0x0 ../task6_lut_bsp/\libhal_bsp.a(alt_icache_flush.o)
 .data          0x00000000008140ac        0x0 ../task6_lut_bsp/\libhal_bsp.a(alt_instruction_exception_entry.o)
 .data          0x00000000008140ac        0x0 d:/quartus_lite_18.1/nios2eds/bin/gnu/h-x86_64-mingw32/bin/../lib/gcc/nios2-elf/5.3.0/../../../../../H-x86_64-mingw32/nios2-elf/lib/mhw-mulx\libc.a(lib_a-atexit.o)
 .data          0x00000000008140ac        0x0 d:/quartus_lite_18.1/nios2eds/bin/gnu/h-x86_64-mingw32/bin/../lib/gcc/nios2-elf/5.3.0/../../../../../H-x86_64-mingw32/nios2-elf/lib/mhw-mulx\libc.a(lib_a-exit.o)
 .data          0x00000000008140ac        0x0 d:/quartus_lite_18.1/nios2eds/bin/gnu/h-x86_64-mingw32/bin/../lib/gcc/nios2-elf/5.3.0/../../../../../H-x86_64-mingw32/nios2-elf/lib/mhw-mulx\libc.a(lib_a-memcmp.o)
 .data          0x00000000008140ac        0x0 d:/quartus_lite_18.1/nios2eds/bin/gnu/h-x86_64-mingw32/bin/../lib/gcc/nios2-elf/5.3.0/../../../../../H-x86_64-mingw32/nios2-elf/lib/mhw-mulx\libc.a(lib_a-__atexit.o)
 .data          0x00000000008140ac        0x0 d:/quartus_lite_18.1/nios2eds/bin/gnu/h-x86_64-mingw32/bin/../lib/gcc/nios2-elf/5.3.0/../../../../../H-x86_64-mingw32/nios2-elf/lib/mhw-mulx\libc.a(lib_a-__call_atexit.o)
 .data          0x00000000008140ac        0x0 ../task6_lut_bsp/\libhal_bsp.a(alt_exit.o)
                0x000000000081c0ac                _gp = ABSOLUTE ((. + 0x8000))
                [!provide]                        PROVIDE (gp, _gp)
 *(.rwdata .rwdata.*)
 *(.sdata .sdata.* .gnu.linkonce.s.*)
 .sdata._global_impure_ptr
                0x00000000008140ac        0x4 d:/quartus_lite_18.1/nios2eds/bin/gnu/h-x86_64-mingw32/bin/../lib/gcc/nios2-elf/5.3.0/../../../../../H-x86_64-mingw32/nios2-elf/lib/mhw-mulx\libc.a(lib_a-impure.o)
                0x00000000008140ac                _global_impure_ptr
 .sdata._impure_ptr
                0x00000000008140b0        0x4 d:/quartus_lite_18.1/nios2eds/bin/gnu/h-x86_64-mingw32/bin/../lib/gcc/nios2-elf/5.3.0/../../../../../H-x86_64-mingw32/nios2-elf/lib/mhw-mulx\libc.a(lib_a-impure.o)
                0x00000000008140b0                _impure_ptr
 .sdata.__mb_cur_max
                0x00000000008140b4        0x4 d:/quartus_lite_18.1/nios2eds/bin/gnu/h-x86_64-mingw32/bin/../lib/gcc/nios2-elf/5.3.0/../../../../../H-x86_64-mingw32/nios2-elf/lib/mhw-mulx\libc.a(lib_a-locale.o)
                0x00000000008140b4                __mb_cur_max
 .sdata.__malloc_sbrk_base
                0x00000000008140b8        0x4 d:/quartus_lite_18.1/nios2eds/bin/gnu/h-x86_64-mingw32/bin/../lib/gcc/nios2-elf/5.3.0/../../../../../H-x86_64-mingw32/nios2-elf/lib/mhw-mulx\libc.a(lib_a-mallocr.o)
                0x00000000008140b8                __malloc_sbrk_base
 .sdata.__malloc_trim_threshold
                0x00000000008140bc        0x4 d:/quartus_lite_18.1/nios2eds/bin/gnu/h-x86_64-mingw32/bin/../lib/gcc/nios2-elf/5.3.0/../../../../../H-x86_64-mingw32/nios2-elf/lib/mhw-mulx\libc.a(lib_a-mallocr.o)
                0x00000000008140bc                __malloc_trim_threshold
 .sdata.__wctomb
                0x00000000008140c0        0x4 d:/quartus_lite_18.1/nios2eds/bin/gnu/h-x86_64-mingw32/bin/../lib/gcc/nios2-elf/5.3.0/../../../../../H-x86_64-mingw32/nios2-elf/lib/mhw-mulx\libc.a(lib_a-wctomb_r.o)
                0x00000000008140c0                __wctomb
 .sdata         0x00000000008140c4       0x14 ../task6_lut_bsp/\libhal_bsp.a(alt_dev.o)
                0x00000000008140c4                alt_fs_list
                0x00000000008140cc                alt_dev_list
                0x00000000008140d4                alt_max_fd
 .sdata         0x00000000008140d8        0x4 ../task6_lut_bsp/\libhal_bsp.a(alt_errno.o)
                0x00000000008140d8                alt_errno
 .sdata         0x00000000008140dc        0x4 ../task6_lut_bsp/\libhal_bsp.a(alt_sbrk.o)
 .sdata         0x00000000008140e0        0x4 ../task6_lut_bsp/\libhal_bsp.a(alt_irq_vars.o)
                0x00000000008140e0                alt_priority_mask
 .sdata         0x00000000008140e4        0x8 ../task6_lut_bsp/\libhal_bsp.a(alt_tick.o)
                0x00000000008140e4                alt_alarm_list
 *(.sdata2 .sdata2.* .gnu.linkonce.s2.*)
                0x00000000008140ec                . = ALIGN (0x4)
                0x00000000008140ec                _edata = ABSOLUTE (.)
                [!provide]                        PROVIDE (edata, ABSOLUTE (.))
                0x00000000008140ec                PROVIDE (__ram_rwdata_end, ABSOLUTE (.))
                0x00000000008140ec                PROVIDE (__flash_rwdata_start, LOADADDR (.rwdata))

.bss            0x0000000000815bd8     0x1508
                0x0000000000815bd8                __bss_start = ABSOLUTE (.)
                [!provide]                        PROVIDE (__sbss_start, ABSOLUTE (.))
                [!provide]                        PROVIDE (___sbss_start, ABSOLUTE (.))
 *(.dynsbss)
 *(.sbss .sbss.* .gnu.linkonce.sb.*)
 .sbss._PathLocale
                0x0000000000815bd8        0x4 d:/quartus_lite_18.1/nios2eds/bin/gnu/h-x86_64-mingw32/bin/../lib/gcc/nios2-elf/5.3.0/../../../../../H-x86_64-mingw32/nios2-elf/lib/mhw-mulx\libc.a(lib_a-locale.o)
                0x0000000000815bd8                _PathLocale
 .sbss.__mlocale_changed
                0x0000000000815bdc        0x4 d:/quartus_lite_18.1/nios2eds/bin/gnu/h-x86_64-mingw32/bin/../lib/gcc/nios2-elf/5.3.0/../../../../../H-x86_64-mingw32/nios2-elf/lib/mhw-mulx\libc.a(lib_a-locale.o)
                0x0000000000815bdc                __mlocale_changed
 .sbss.__nlocale_changed
                0x0000000000815be0        0x4 d:/quartus_lite_18.1/nios2eds/bin/gnu/h-x86_64-mingw32/bin/../lib/gcc/nios2-elf/5.3.0/../../../../../H-x86_64-mingw32/nios2-elf/lib/mhw-mulx\libc.a(lib_a-locale.o)
                0x0000000000815be0                __nlocale_changed
 .sbss.__malloc_max_total_mem
                0x0000000000815be4        0x4 d:/quartus_lite_18.1/nios2eds/bin/gnu/h-x86_64-mingw32/bin/../lib/gcc/nios2-elf/5.3.0/../../../../../H-x86_64-mingw32/nios2-elf/lib/mhw-mulx\libc.a(lib_a-mallocr.o)
                0x0000000000815be4                __malloc_max_total_mem
 .sbss.__malloc_max_sbrked_mem
                0x0000000000815be8        0x4 d:/quartus_lite_18.1/nios2eds/bin/gnu/h-x86_64-mingw32/bin/../lib/gcc/nios2-elf/5.3.0/../../../../../H-x86_64-mingw32/nios2-elf/lib/mhw-mulx\libc.a(lib_a-mallocr.o)
                0x0000000000815be8                __malloc_max_sbrked_mem
 .sbss.__malloc_top_pad
                0x0000000000815bec        0x4 d:/quartus_lite_18.1/nios2eds/bin/gnu/h-x86_64-mingw32/bin/../lib/gcc/nios2-elf/5.3.0/../../../../../H-x86_64-mingw32/nios2-elf/lib/mhw-mulx\libc.a(lib_a-mallocr.o)
                0x0000000000815bec                __malloc_top_pad
 .sbss          0x0000000000815bf0        0x4 d:/quartus_lite_18.1/nios2eds/bin/gnu/h-x86_64-mingw32/bin/../lib/gcc/nios2-elf/5.3.0/../../../../../H-x86_64-mingw32/nios2-elf/lib/mhw-mulx\libc.a(lib_a-int_errno.o)
                0x0000000000815bf0                errno
 .sbss          0x0000000000815bf4        0xc ../task6_lut_bsp/\libhal_bsp.a(alt_main.o)
                0x0000000000815bf4                alt_argc
                0x0000000000815bf8                alt_argv
                0x0000000000815bfc                alt_envp