------------------------------------------------------------
Timing Analyzer Summary
------------------------------------------------------------

Type  : Slow 1100mV 85C Model Setup 'sopc_clk'
Slack : 2.355
TNS   : 0.000

Type  : Slow 1100mV 85C Model Setup 'altera_reserved_tck'
Slack : 23.300
TNS   : 0.000

Type  : Slow 1100mV 85C Model Hold 'altera_reserved_tck'
Slack : 0.116
TNS   : 0.000

Type  : Slow 1100mV 85C Model Hold 'sopc_clk'
Slack : 0.124
TNS   : 0.000

Type  : Slow 1100mV 85C Model Recovery 'sopc_clk'
Slack : 10.434
TNS   : 0.000

Type  : Slow 1100mV 85C Model Recovery 'altera_reserved_tck'
Slack : 48.329
TNS   : 0.000

Type  : Slow 1100mV 85C Model Removal 'sopc_clk'
Slack : 0.295
TNS   : 0.000

Type  : Slow 1100mV 85C Model Removal 'altera_reserved_tck'
Slack : 0.889
TNS   : 0.000

Type  : Slow 1100mV 85C Model Minimum Pulse Width 'sopc_clk'
Slack : 8.883
TNS   : 0.000

Type  : Slow 1100mV 85C Model Minimum Pulse Width 'altera_reserved_tck'
Slack : 48.854
TNS   : 0.000

Type  : Slow 1100mV 0C Model Setup 'sopc_clk'
Slack : 1.906
TNS   : 0.000

Type  : Slow 1100mV 0C Model Setup 'altera_reserved_tck'
Slack : 23.440
TNS   : 0.000

Type  : Slow 1100mV 0C Model Hold 'sopc_clk'
Slack : 0.076
TNS   : 0.000

Type  : Slow 1100mV 0C Model Hold 'altera_reserved_tck'
Slack : 0.110
TNS   : 0.000

Type  : Slow 1100mV 0C Model Recovery 'sopc_clk'
Slack : 10.665
TNS   : 0.000

Type  : Slow 1100mV 0C Model Recovery 'altera_reserved_tck'
Slack : 48.443
TNS   : 0.000

Type  : Slow 1100mV 0C Model Removal 'sopc_clk'
Slack : 0.219
TNS   : 0.000

Type  : Slow 1100mV 0C Model Removal 'altera_reserved_tck'
Slack : 0.812
TNS   : 0.000

Type  : Slow 1100mV 0C Model Minimum Pulse Width 'sopc_clk'
Slack : 8.911
TNS   : 0.000

Type  : Slow 1100mV 0C Model Minimum Pulse Width 'altera_reserved_tck'
Slack : 48.838
TNS   : 0.000

Type  : Fast 1100mV 85C Model Setup 'sopc_clk'
Slack : 9.998
TNS   : 0.000

Type  : Fast 1100mV 85C Model Setup 'altera_reserved_tck'
Slack : 25.357
TNS   : 0.000

Type  : Fast 1100mV 85C Model Hold 'altera_reserved_tck'
Slack : 0.021
TNS   : 0.000

Type  : Fast 1100mV 85C Model Hold 'sopc_clk'
Slack : 0.065
TNS   : 0.000

Type  : Fast 1100mV 85C Model Recovery 'sopc_clk'
Slack : 14.276
TNS   : 0.000

Type  : Fast 1100mV 85C Model Recovery 'altera_reserved_tck'
Slack : 49.352
TNS   : 0.000

Type  : Fast 1100mV 85C Model Removal 'sopc_clk'
Slack : 0.197
TNS   : 0.000

Type  : Fast 1100mV 85C Model Removal 'altera_reserved_tck'
Slack : 0.443
TNS   : 0.000

Type  : Fast 1100mV 85C Model Minimum Pulse Width 'sopc_clk'
Slack : 8.496
TNS   : 0.000

Type  : Fast 1100mV 85C Model Minimum Pulse Width 'altera_reserved_tck'
Slack : 48.764
TNS   : 0.000

Type  : Fast 1100mV 0C Model Setup 'sopc_clk'
Slack : 10.561
TNS   : 0.000

Type  : Fast 1100mV 0C Model Setup 'altera_reserved_tck'
Slack : 25.535
TNS   : 0.000

Type  : Fast 1100mV 0C Model Hold 'altera_reserved_tck'
Slack : 0.005
TNS   : 0.000

Type  : Fast 1100mV 0C Model Hold 'sopc_clk'
Slack : 0.033
TNS   : 0.000

Type  : Fast 1100mV 0C Model Recovery 'sopc_clk'
Slack : 14.660
TNS   : 0.000

Type  : Fast 1100mV 0C Model Recovery 'altera_reserved_tck'
Slack : 49.520
TNS   : 0.000

Type  : Fast 1100mV 0C Model Removal 'sopc_clk'
Slack : 0.130
TNS   : 0.000

Type  : Fast 1100mV 0C Model Removal 'altera_reserved_tck'
Slack : 0.387
TNS   : 0.000

Type  : Fast 1100mV 0C Model Minimum Pulse Width 'sopc_clk'
Slack : 8.450
TNS   : 0.000

Type  : Fast 1100mV 0C Model Minimum Pulse Width 'altera_reserved_tck'
Slack : 48.749
TNS   : 0.000

------------------------------------------------------------
