Archive member included to satisfy reference by file (symbol)

d:/quartus_lite_18.1/nios2eds/bin/gnu/h-x86_64-mingw32/bin/../lib/gcc/nios2-elf/5.3.0/../../../../../H-x86_64-mingw32/nios2-elf/lib/mhw-mulx\libm.a(lib_a-s_cos.o)
                              obj/default/hello_world.o (cos)
d:/quartus_lite_18.1/nios2eds/bin/gnu/h-x86_64-mingw32/bin/../lib/gcc/nios2-elf/5.3.0/../../../../../H-x86_64-mingw32/nios2-elf/lib/mhw-mulx\libm.a(lib_a-e_rem_pio2.o)
                              d:/quartus_lite_18.1/nios2eds/bin/gnu/h-x86_64-mingw32/bin/../lib/gcc/nios2-elf/5.3.0/../../../../../H-x86_64-mingw32/nios2-elf/lib/mhw-mulx\libm.a(lib_a-s_cos.o) (__ieee754_rem_pio2)
d:/quartus_lite_18.1/nios2eds/bin/gnu/h-x86_64-mingw32/bin/../lib/gcc/nios2-elf/5.3.0/../../../../../H-x86_64-mingw32/nios2-elf/lib/mhw-mulx\libm.a(lib_a-k_cos.o)
                              d:/quartus_lite_18.1/nios2eds/bin/gnu/h-x86_64-mingw32/bin/../lib/gcc/nios2-elf/5.3.0/../../../../../H-x86_64-mingw32/nios2-elf/lib/mhw-mulx\libm.a(lib_a-s_cos.o) (__kernel_cos)
d:/quartus_lite_18.1/nios2eds/bin/gnu/h-x86_64-mingw32/bin/../lib/gcc/nios2-elf/5.3.0/../../../../../H-x86_64-mingw32/nios2-elf/lib/mhw-mulx\libm.a(lib_a-k_rem_pio2.o)
                              d:/quartus_lite_18.1/nios2eds/bin/gnu/h-x86_64-mingw32/bin/../lib/gcc/nios2-elf/5.3.0/../../../../../H-x86_64-mingw32/nios2-elf/lib/mhw-mulx\libm.a(lib_a-e_rem_pio2.o) (__kernel_rem_pio2)
d:/quartus_lite_18.1/nios2eds/bin/gnu/h-x86_64-mingw32/bin/../lib/gcc/nios2-elf/5.3.0/../../../../../H-x86_64-mingw32/nios2-elf/lib/mhw-mulx\libm.a(lib_a-k_sin.o)
                              d:/quartus_lite_18.1/nios2eds/bin/gnu/h-x86_64-mingw32/bin/../lib/gcc/nios2-elf/5.3.0/../../../../../H-x86_64-mingw32/nios2-elf/lib/mhw-mulx\libm.a(lib_a-s_cos.o) (__kernel_sin)
d:/quartus_lite_18.1/nios2eds/bin/gnu/h-x86_64-mingw32/bin/../lib/gcc/nios2-elf/5.3.0/../../../../../H-x86_64-mingw32/nios2-elf/lib/mhw-mulx\libm.a(lib_a-s_fabs.o)
                              d:/quartus_lite_18.1/nios2eds/bin/gnu/h-x86_64-mingw32/bin/../lib/gcc/nios2-elf/5.3.0/../../../../../H-x86_64-mingw32/nios2-elf/lib/mhw-mulx\libm.a(lib_a-e_rem_pio2.o) (fabs)
d:/quartus_lite_18.1/nios2eds/bin/gnu/h-x86_64-mingw32/bin/../lib/gcc/nios2-elf/5.3.0/../../../../../H-x86_64-mingw32/nios2-elf/lib/mhw-mulx\libm.a(lib_a-s_floor.o)
                              d:/quartus_lite_18.1/nios2eds/bin/gnu/h-x86_64-mingw32/bin/../lib/gcc/nios2-elf/5.3.0/../../../../../H-x86_64-mingw32/nios2-elf/lib/mhw-mulx\libm.a(lib_a-k_rem_pio2.o) (floor)
d:/quartus_lite_18.1/nios2eds/bin/gnu/h-x86_64-mingw32/bin/../lib/gcc/nios2-elf/5.3.0/../../../../../H-x86_64-mingw32/nios2-elf/lib/mhw-mulx\libm.a(lib_a-s_scalbn.o)
                              d:/quartus_lite_18.1/nios2eds/bin/gnu/h-x86_64-mingw32/bin/../lib/gcc/nios2-elf/5.3.0/../../../../../H-x86_64-mingw32/nios2-elf/lib/mhw-mulx\libm.a(lib_a-k_rem_pio2.o) (scalbn)
d:/quartus_lite_18.1/nios2eds/bin/gnu/h-x86_64-mingw32/bin/../lib/gcc/nios2-elf/5.3.0/../../../../../H-x86_64-mingw32/nios2-elf/lib/mhw-mulx\libm.a(lib_a-s_copysign.o)
                              d:/quartus_lite_18.1/nios2eds/bin/gnu/h-x86_64-mingw32/bin/../lib/gcc/nios2-elf/5.3.0/../../../../../H-x86_64-mingw32/nios2-elf/lib/mhw-mulx\libm.a(lib_a-s_scalbn.o) (copysign)
d:/quartus_lite_18.1/nios2eds/bin/gnu/h-x86_64-mingw32/bin/../lib/gcc/nios2-elf/5.3.0/mhw-mulx\libgcc.a(lib2-divmod.o)
                              d:/quartus_lite_18.1/nios2eds/bin/gnu/h-x86_64-mingw32/bin/../lib/gcc/nios2-elf/5.3.0/../../../../../H-x86_64-mingw32/nios2-elf/lib/mhw-mulx\libm.a(lib_a-k_rem_pio2.o) (__divsi3)
d:/quartus_lite_18.1/nios2eds/bin/gnu/h-x86_64-mingw32/bin/../lib/gcc/nios2-elf/5.3.0/mhw-mulx\libgcc.a(fixsfsi.o)
                              obj/default/hello_world.o (__fixsfsi)
d:/quartus_lite_18.1/nios2eds/bin/gnu/h-x86_64-mingw32/bin/../lib/gcc/nios2-elf/5.3.0/mhw-mulx\libgcc.a(floatsisf.o)
                              obj/default/hello_world.o (__floatsisf)
d:/quartus_lite_18.1/nios2eds/bin/gnu/h-x86_64-mingw32/bin/../lib/gcc/nios2-elf/5.3.0/mhw-mulx\libgcc.a(adddf3.o)
                              d:/quartus_lite_18.1/nios2eds/bin/gnu/h-x86_64-mingw32/bin/../lib/gcc/nios2-elf/5.3.0/../../../../../H-x86_64-mingw32/nios2-elf/lib/mhw-mulx\libm.a(lib_a-e_rem_pio2.o) (__adddf3)
d:/quartus_lite_18.1/nios2eds/bin/gnu/h-x86_64-mingw32/bin/../lib/gcc/nios2-elf/5.3.0/mhw-mulx\libgcc.a(eqdf2.o)
                              d:/quartus_lite_18.1/nios2eds/bin/gnu/h-x86_64-mingw32/bin/../lib/gcc/nios2-elf/5.3.0/../../../../../H-x86_64-mingw32/nios2-elf/lib/mhw-mulx\libm.a(lib_a-e_rem_pio2.o) (__eqdf2)
d:/quartus_lite_18.1/nios2eds/bin/gnu/h-x86_64-mingw32/bin/../lib/gcc/nios2-elf/5.3.0/mhw-mulx\libgcc.a(gedf2.o)
                              d:/quartus_lite_18.1/nios2eds/bin/gnu/h-x86_64-mingw32/bin/../lib/gcc/nios2-elf/5.3.0/../../../../../H-x86_64-mingw32/nios2-elf/lib/mhw-mulx\libm.a(lib_a-k_rem_pio2.o) (__gedf2)
[...]
Memory Configuration

Name             Origin             Length             Attributes
reset            0x0000000000800000 0x0000000000000020
sdram            0x0000000000800020 0x00000000007fffe0
*default*        0x0000000000000000 0xffffffffffffffff

Linker script and memory map

LOAD ../task6_bsp//obj/HAL/src/crt0.o
LOAD obj/default/hello_world.o
LOAD d:/quartus_lite_18.1/nios2eds/bin/gnu/h-x86_64-mingw32/bin/../lib/gcc/nios2-elf/5.3.0/../../../../../H-x86_64-mingw32/nios2-elf/lib/mhw-mulx\libstdc++.a
LOAD d:/quartus_lite_18.1/nios2eds/bin/gnu/h-x86_64-mingw32/bin/../lib/gcc/nios2-elf/5.3.0/../../../../../H-x86_64-mingw32/nios2-elf/lib/mhw-mulx\libm.a
LOAD d:/quartus_lite_18.1/nios2eds/bin/gnu/h-x86_64-mingw32/bin/../lib/gcc/nios2-elf/5.3.0/mhw-mulx\libgcc.a
START GROUP
LOAD d:/quartus_lite_18.1/nios2eds/bin/gnu/h-x86_64-mingw32/bin/../lib/gcc/nios2-elf/5.3.0/../../../../../H-x86_64-mingw32/nios2-elf/lib/mhw-mulx\libc.a
LOAD d:/quartus_lite_18.1/nios2eds/bin/gnu/h-x86_64-mingw32/bin/../lib/gcc/nios2-elf/5.3.0/mhw-mulx\libgcc.a
LOAD ../task6_bsp/\libhal_bsp.a
LOAD d:/quartus_lite_18.1/nios2eds/bin/gnu/h-x86_64-mingw32/bin/../lib/gcc/nios2-elf/5.3.0/../../../../../H-x86_64-mingw32/nios2-elf/lib/mhw-mulx\libm.a
END GROUP
LOAD d:/quartus_lite_18.1/nios2eds/bin/gnu/h-x86_64-mingw32/bin/../lib/gcc/nios2-elf/5.3.0/mhw-mulx\libgcc.a
                0x0000000000800000                __alt_mem_sdram = 0x800000

.entry          0x0000000000800000       0x20
 *(.entry)
 .entry         0x0000000000800000       0x20 ../task6_bsp//obj/HAL/src/crt0.o
                0x0000000000800000                __reset

.exceptions     0x0000000000800020      0x224
                0x0000000000800020                PROVIDE (__ram_exceptions_start, ABSOLUTE (.))
                0x0000000000800020                . = ALIGN (0x20)
 *(.irq)
 *(.exceptions.entry.label)
 .exceptions.entry.label
                0x0000000000800020        0x0 ../task6_bsp/\libhal_bsp.a(alt_irq_entry.o)
                0x0000000000800020                alt_irq_entry
 .exceptions.entry.label
                0x0000000000800020        0x0 ../task6_bsp/\libhal_bsp.a(alt_exception_entry.o)
                0x0000000000800020                alt_exception
 *(.exceptions.entry.user)
 *(.exceptions.entry.ecc_fatal)
 *(.exceptions.entry)
 .exceptions.entry
                0x0000000000800020       0x54 ../task6_bsp/\libhal_bsp.a(alt_exception_entry.o)
 *(.exceptions.irqtest.user)
 *(.exceptions.irqtest)
 .exceptions.irqtest
                0x0000000000800074       0x10 ../task6_bsp/\libhal_bsp.a(alt_irq_entry.o)
 *(.exceptions.irqhandler.user)
 *(.exceptions.irqhandler)
 .exceptions.irqhandler
                0x0000000000800084        0x4 ../task6_bsp/\libhal_bsp.a(alt_irq_entry.o)
 *(.exceptions.irqreturn.user)
 *(.exceptions.irqreturn)
 .exceptions.irqreturn
                0x0000000000800088        0x4 ../task6_bsp/\libhal_bsp.a(alt_irq_entry.o)
 *(.exceptions.notirq.label)
 .exceptions.notirq.label
                0x000000000080008c        0x0 ../task6_bsp/\libhal_bsp.a(alt_irq_entry.o)
 *(.exceptions.notirq.user)
 *(.exceptions.notirq)
 .exceptions.notirq
                0x000000000080008c        0x8 ../task6_bsp/\libhal_bsp.a(alt_exception_entry.o)
 *(.exceptions.soft.user)
 *(.exceptions.soft)
 *(.exceptions.unknown.user)
 *(.exceptions.unknown)
 .exceptions.unknown
                0x0000000000800094       0x14 ../task6_bsp/\libhal_bsp.a(alt_exception_entry.o)
 *(.exceptions.exit.label)
 .exceptions.exit.label
                0x00000000008000a8        0x0 ../task6_bsp/\libhal_bsp.a(alt_irq_entry.o)
 .exceptions.exit.label
                0x00000000008000a8        0x0 ../task6_bsp/\libhal_bsp.a(alt_exception_entry.o)
 *(.exceptions.exit.user)
 *(.exceptions.exit)
 .exceptions.exit
                0x00000000008000a8       0x54 ../task6_bsp/\libhal_bsp.a(alt_exception_entry.o)
 *(.exceptions)
 .exceptions    0x00000000008000fc       0xd4 ../task6_bsp/\libhal_bsp.a(alt_irq_handler.o)
                0x00000000008000fc                alt_irq_handler
 .exceptions    0x00000000008001d0       0x74 ../task6_bsp/\libhal_bsp.a(alt_instruction_exception_entry.o)
                0x00000000008001d0                alt_instruction_exception_entry
                0x0000000000800244                PROVIDE (__ram_exceptions_end, ABSOLUTE (.))
                0x0000000000800020                PROVIDE (__flash_exceptions_start, LOADADDR (.exceptions))

.text           0x0000000000800244    0x11b54
                [!provide]                        PROVIDE (stext, ABSOLUTE (.))
 *(.interp)
 *(.hash)
 *(.dynsym)
 *(.dynstr)
 *(.gnu.version)
 *(.gnu.version_d)
 *(.gnu.version_r)
 *(.rel.init)
 *(.rela.init)
 *(.rel.text .rel.text.* .rel.gnu.linkonce.t.*)
 *(.rela.text .rela.text.* .rela.gnu.linkonce.t.*)
 *(.rel.fini)
 *(.rela.fini)
 *(.rel.rodata .rel.rodata.* .rel.gnu.linkonce.r.*)
 *(.rela.rodata .rela.rodata.* .rela.gnu.linkonce.r.*)
 *(.rel.data .rel.data.* .rel.gnu.linkonce.d.*)
 *(.rela.data .rela.data.* .rela.gnu.linkonce.d.*)
 *(.rel.tdata .rel.tdata.* .rel.gnu.linkonce.td.*)
 *(.rela.tdata .rela.tdata.* .rela.gnu.linkonce.td.*)
 *(.rel.tbss .rel.tbss.* .rel.gnu.linkonce.tb.*)
 *(.rela.tbss .rela.tbss.* .rela.gnu.linkonce.tb.*)
 *(.rel.ctors)
 *(.rela.ctors)
 *(.rel.dtors)
 *(.rela.dtors)
 *(.rel.got)
 *(.rela.got)
 *(.rel.sdata .rel.sdata.* .rel.gnu.linkonce.s.*)
 *(.rela.sdata .rela.sdata.* .rela.gnu.linkonce.s.*)
 *(.rel.sbss .rel.sbss.* .rel.gnu.linkonce.sb.*)
 *(.rela.sbss .rela.sbss.* .rela.gnu.linkonce.sb.*)
 *(.rel.sdata2 .rel.sdata2.* .rel.gnu.linkonce.s2.*)
 *(.rela.sdata2 .rela.sdata2.* .rela.gnu.linkonce.s2.*)
 *(.rel.sbss2 .rel.sbss2.* .rel.gnu.linkonce.sb2.*)
 *(.rela.sbss2 .rela.sbss2.* .rela.gnu.linkonce.sb2.*)
 *(.rel.bss .rel.bss.* .rel.gnu.linkonce.b.*)
 *(.rela.bss .rela.bss.* .rela.gnu.linkonce.b.*)
 *(.rel.plt)
 *(.rela.plt)
 *(.rel.dyn)
 *(.init)
 *(.plt)
 *(.text .stub .text.* .gnu.linkonce.t.*)
 .text          0x0000000000800244       0x4c ../task6_bsp//obj/HAL/src/crt0.o
                0x0000000000800244                _start
 .text          0x0000000000800290      0x428 obj/default/hello_world.o
                0x0000000000800290                generateCosLookupTable
                0x0000000000800378                lookupCos
                0x00000000008003e8                generateVector
                0x0000000000800484                func
                0x000000000080060c                main
 .text          0x00000000008006b8        0x0 d:/quartus_lite_18.1/nios2eds/bin/gnu/h-x86_64-mingw32/bin/../lib/gcc/nios2-elf/5.3.0/../../../../../H-x86_64-mingw32/nios2-elf/lib/mhw-mulx\libm.a(lib_a-s_cos.o)
 .text.cos      0x00000000008006b8       0xec d:/quartus_lite_18.1/nios2eds/bin/gnu/h-x86_64-mingw32/bin/../lib/gcc/nios2-elf/5.3.0/../../../../../H-x86_64-mingw32/nios2-elf/lib/mhw-mulx\libm.a(lib_a-s_cos.o)
                0x00000000008006b8                cos
 .text          0x00000000008007a4        0x0 d:/quartus_lite_18.1/nios2eds/bin/gnu/h-x86_64-mingw32/bin/../lib/gcc/nios2-elf/5.3.0/../../../../../H-x86_64-mingw32/nios2-elf/lib/mhw-mulx\libm.a(lib_a-e_rem_pio2.o)
 .text.__ieee754_rem_pio2
                0x00000000008007a4      0x76c d:/quartus_lite_18.1/nios2eds/bin/gnu/h-x86_64-mingw32/bin/../lib/gcc/nios2-elf/5.3.0/../../../../../H-x86_64-mingw32/nios2-elf/lib/mhw-mulx\libm.a(lib_a-e_rem_pio2.o)
                0x00000000008007a4                __ieee754_rem_pio2
 .text          0x0000000000800f10        0x0 d:/quartus_lite_18.1/nios2eds/bin/gnu/h-x86_64-mingw32/bin/../lib/gcc/nios2-elf/5.3.0/../../../../../H-x86_64-mingw32/nios2-elf/lib/mhw-mulx\libm.a(lib_a-k_cos.o)
 .text.__kernel_cos
                0x0000000000800f10      0x4a4 d:/quartus_lite_18.1/nios2eds/bin/gnu/h-x86_64-mingw32/bin/../lib/gcc/nios2-elf/5.3.0/../../../../../H-x86_64-mingw32/nios2-elf/lib/mhw-mulx\libm.a(lib_a-k_cos.o)
                0x0000000000800f10                __kernel_cos
 .text          0x00000000008013b4        0x0 d:/quartus_lite_18.1/nios2eds/bin/gnu/h-x86_64-mingw32/bin/../lib/gcc/nios2-elf/5.3.0/../../../../../H-x86_64-mingw32/nios2-elf/lib/mhw-mulx\libm.a(lib_a-k_rem_pio2.o)
 .text.__kernel_rem_pio2
                0x00000000008013b4      0xd90 d:/quartus_lite_18.1/nios2eds/bin/gnu/h-x86_64-mingw32/bin/../lib/gcc/nios2-elf/5.3.0/../../../../../H-x86_64-mingw32/nios2-elf/lib/mhw-mulx\libm.a(lib_a-k_rem_pio2.o)
                0x00000000008013b4                __kernel_rem_pio2
 .text          0x0000000000802144        0x0 d:/quartus_lite_18.1/nios2eds/bin/gnu/h-x86_64-mingw32/bin/../lib/gcc/nios2-elf/5.3.0/../../../../../H-x86_64-mingw32/nios2-elf/lib/mhw-mulx\libm.a(lib_a-k_sin.o)
 .text.__kernel_sin
                0x0000000000802144      0x2cc d:/quartus_lite_18.1/nios2eds/bin/gnu/h-x86_64-mingw32/bin/../lib/gcc/nios2-elf/5.3.0/../../../../../H-x86_64-mingw32/nios2-elf/lib/mhw-mulx\libm.a(lib_a-k_sin.o)
                0x0000000000802144                __kernel_sin
 .text          0x0000000000802410        0x0 d:/quartus_lite_18.1/nios2eds/bin/gnu/h-x86_64-mingw32/bin/../lib/gcc/nios2-elf/5.3.0/../../../../../H-x86_64-mingw32/nios2-elf/lib/mhw-mulx\libm.a(lib_a-s_fabs.o)
 .text.fabs     0x0000000000802410       0x14 d:/quartus_lite_18.1/nios2eds/bin/gnu/h-x86_64-mingw32/bin/../lib/gcc/nios2-elf/5.3.0/../../../../../H-x86_64-mingw32/nios2-elf/lib/mhw-mulx\libm.a(lib_a-s_fabs.o)
                0x0000000000802410                fabs
 .text          0x0000000000802424        0x0 d:/quartus_lite_18.1/nios2eds/bin/gnu/h-x86_64-mingw32/bin/../lib/gcc/nios2-elf/5.3.0/../../../../../H-x86_64-mingw32/nios2-elf/lib/mhw-mulx\libm.a(lib_a-s_floor.o)
 .text.floor    0x0000000000802424      0x1ec d:/quartus_lite_18.1/nios2eds/bin/gnu/h-x86_64-mingw32/bin/../lib/gcc/nios2-elf/5.3.0/../../../../../H-x86_64-mingw32/nios2-elf/lib/mhw-mulx\libm.a(lib_a-s_floor.o)
                0x0000000000802424                floor
 .text          0x0000000000802610        0x0 d:/quartus_lite_18.1/nios2eds/bin/gnu/h-x86_64-mingw32/bin/../lib/gcc/nios2-elf/5.3.0/../../../../../H-x86_64-mingw32/nios2-elf/lib/mhw-mulx\libm.a(lib_a-s_scalbn.o)
 .text.scalbn   0x0000000000802610      0x19c d:/quartus_lite_18.1/nios2eds/bin/gnu/h-x86_64-mingw32/bin/../lib/gcc/nios2-elf/5.3.0/../../../../../H-x86_64-mingw32/nios2-elf/lib/mhw-mulx\libm.a(lib_a-s_scalbn.o)
                0x0000000000802610                scalbn
 .text          0x00000000008027ac        0x0 d:/quartus_lite_18.1/nios2eds/bin/gnu/h-x86_64-mingw32/bin/../lib/gcc/nios2-elf/5.3.0/../../../../../H-x86_64-mingw32/nios2-elf/lib/mhw-mulx\libm.a(lib_a-s_copysign.o)
 .text.copysign
                0x00000000008027ac       0x1c d:/quartus_lite_18.1/nios2eds/bin/gnu/h-x86_64-mingw32/bin/../lib/gcc/nios2-elf/5.3.0/../../../../../H-x86_64-mingw32/nios2-elf/lib/mhw-mulx\libm.a(lib_a-s_copysign.o)
                0x00000000008027ac                copysign
 .text          0x00000000008027c8      0x1b4 d:/quartus_lite_18.1/nios2eds/bin/gnu/h-x86_64-mingw32/bin/../lib/gcc/nios2-elf/5.3.0/mhw-mulx\libgcc.a(lib2-divmod.o)
                0x00000000008027c8                __divsi3
                0x000000000080284c                __modsi3
                0x00000000008028c0                __udivsi3
                0x0000000000802924                __umodsi3
 .text          0x000000000080297c       0x70 d:/quartus_lite_18.1/nios2eds/bin/gnu/h-x86_64-mingw32/bin/../lib/gcc/nios2-elf/5.3.0/mhw-mulx\libgcc.a(fixsfsi.o)
                0x000000000080297c                __fixsfsi
 .text          0x00000000008029ec      0x124 d:/quartus_lite_18.1/nios2eds/bin/gnu/h-x86_64-mingw32/bin/../lib/gcc/nios2-elf/5.3.0/mhw-mulx\libgcc.a(floatsisf.o)
                0x00000000008029ec                __floatsisf
 .text          0x0000000000802b10      0x8ac d:/quartus_lite_18.1/nios2eds/bin/gnu/h-x86_64-mingw32/bin/../lib/gcc/nios2-elf/5.3.0/mhw-mulx\libgcc.a(adddf3.o)
                0x0000000000802b10                __adddf3
 .text          0x00000000008033bc       0x88 d:/quartus_lite_18.1/nios2eds/bin/gnu/h-x86_64-mingw32/bin/../lib/gcc/nios2-elf/5.3.0/mhw-mulx\libgcc.a(eqdf2.o)
                0x00000000008033bc                __nedf2
                0x00000000008033bc                __eqdf2
 .text          0x0000000000803444       0xdc d:/quartus_lite_18.1/nios2eds/bin/gnu/h-x86_64-mingw32/bin/../lib/gcc/nios2-elf/5.3.0/mhw-mulx\libgcc.a(gedf2.o)
                0x0000000000803444                __gedf2
                0x0000000000803444                __gtdf2
 .text          0x0000000000803520      0x718 d:/quartus_lite_18.1/nios2eds/bin/gnu/h-x86_64-mingw32/bin/../lib/gcc/nios2-elf/5.3.0/mhw-mulx\libgcc.a(muldf3.o)
                0x0000000000803520                __muldf3
 .text          0x0000000000803c38      0x8fc d:/quartus_lite_18.1/nios2eds/bin/gnu/h-x86_64-mingw32/bin/../lib/gcc/nios2-elf/5.3.0/mhw-mulx\libgcc.a(subdf3.o)
                0x0000000000803c38                __subdf3
 .text          0x0000000000804534       0x80 d:/quartus_lite_18.1/nios2eds/bin/gnu/h-x86_64-mingw32/bin/../lib/gcc/nios2-elf/5.3.0/mhw-mulx\libgcc.a(fixdfsi.o)
                0x0000000000804534                __fixdfsi
 .text          0x00000000008045b4       0xdc d:/quartus_lite_18.1/nios2eds/bin/gnu/h-x86_64-mingw32/bin/../lib/gcc/nios2-elf/5.3.0/mhw-mulx\libgcc.a(floatsidf.o)
                0x00000000008045b4                __floatsidf
 .text          0x0000000000804690      0x110 d:/quartus_lite_18.1/nios2eds/bin/gnu/h-x86_64-mingw32/bin/../lib/gcc/nios2-elf/5.3.0/mhw-mulx\libgcc.a(extendsfdf2.o)
                0x0000000000804690                __extendsfdf2
 .text          0x00000000008047a0      0x1a8 d:/quartus_lite_18.1/nios2eds/bin/gnu/h-x86_64-mingw32/bin/../lib/gcc/nios2-elf/5.3.0/mhw-mulx\libgcc.a(truncdfsf2.o)
                0x00000000008047a0                __truncdfsf2
 .text          0x0000000000804948       0x64 d:/quartus_lite_18.1/nios2eds/bin/gnu/h-x86_64-mingw32/bin/../lib/gcc/nios2-elf/5.3.0/mhw-mulx\libgcc.a(_clzsi2.o)
                0x0000000000804948                __clzsi2
 .text          0x00000000008049ac        0x0 d:/quartus_lite_18.1/nios2eds/bin/gnu/h-x86_64-mingw32/bin/../lib/gcc/nios2-elf/5.3.0/mhw-mulx\libgcc.a(_clz.o)
 .text          0x00000000008049ac        0x0 d:/quartus_lite_18.1/nios2eds/bin/gnu/h-x86_64-mingw32/bin/../lib/gcc/nios2-elf/5.3.0/../../../../../H-x86_64-mingw32/nios2-elf/lib/mhw-mulx\libc.a(lib_a-printf.o)
 .text._printf_r
                0x00000000008049ac       0x30 d:/quartus_lite_18.1/nios2eds/bin/gnu/h-x86_64-mingw32/bin/../lib/gcc/nios2-elf/5.3.0/../../../../../H-x86_64-mingw32/nios2-elf/lib/mhw-mulx\libc.a(lib_a-printf.o)
                0x00000000008049ac                _printf_r
 .text.printf   0x00000000008049dc       0x3c d:/quartus_lite_18.1/nios2eds/bin/gnu/h-x86_64-mingw32/bin/../lib/gcc/nios2-elf/5.3.0/../../../../../H-x86_64-mingw32/nios2-elf/lib/mhw-mulx\libc.a(lib_a-printf.o)
                0x00000000008049dc                printf
 .text          0x0000000000804a18        0x0 d:/quartus_lite_18.1/nios2eds/bin/gnu/h-x86_64-mingw32/bin/../lib/gcc/nios2-elf/5.3.0/../../../../../H-x86_64-mingw32/nios2-elf/lib/mhw-mulx\libc.a(lib_a-puts.o)
 .text._puts_r  0x0000000000804a18       0xc0 d:/quartus_lite_18.1/nios2eds/bin/gnu/h-x86_64-mingw32/bin/../lib/gcc/nios2-elf/5.3.0/../../../../../H-x86_64-mingw32/nios2-elf/lib/mhw-mulx\libc.a(lib_a-puts.o)
                0x0000000000804a18                _puts_r
 .text.puts     0x0000000000804ad8       0x14 d:/quartus_lite_18.1/nios2eds/bin/gnu/h-x86_64-mingw32/bin/../lib/gcc/nios2-elf/5.3.0/../../../../../H-x86_64-mingw32/nios2-elf/lib/mhw-mulx\libc.a(lib_a-puts.o)
                0x0000000000804ad8                puts
 .text          0x0000000000804aec        0x0 d:/quartus_lite_18.1/nios2eds/bin/gnu/h-x86_64-mingw32/bin/../lib/gcc/nios2-elf/5.3.0/../../../../../H-x86_64-mingw32/nios2-elf/lib/mhw-mulx\libc.a(lib_a-strlen.o)
 .text.strlen   0x0000000000804aec       0x98 d:/quartus_lite_18.1/nios2eds/bin/gnu/h-x86_64-mingw32/bin/../lib/gcc/nios2-elf/5.3.0/../../../../../H-x86_64-mingw32/nios2-elf/lib/mhw-mulx\libc.a(lib_a-strlen.o)
                0x0000000000804aec                strlen
 .text          0x0000000000804b84        0x0 d:/quartus_lite_18.1/nios2eds/bin/gnu/h-x86_64-mingw32/bin/../lib/gcc/nios2-elf/5.3.0/../../../../../H-x86_64-mingw32/nios2-elf/lib/mhw-mulx\libc.a(lib_a-vfprintf.o)
 .text.___vfprintf_internal_r
                0x0000000000804b84     0x21f8 d:/quartus_lite_18.1/nios2eds/bin/gnu/h-x86_64-mingw32/bin/../lib/gcc/nios2-elf/5.3.0/../../../../../H-x86_64-mingw32/nios2-elf/lib/mhw-mulx\libc.a(lib_a-vfprintf.o)
                0x0000000000804b84                ___vfprintf_internal_r
 .text.__vfprintf_internal
                0x0000000000806d7c       0x1c d:/quartus_lite_18.1/nios2eds/bin/gnu/h-x86_64-mingw32/bin/../lib/gcc/nios2-elf/5.3.0/../../../../../H-x86_64-mingw32/nios2-elf/lib/mhw-mulx\libc.a(lib_a-vfprintf.o)
                0x0000000000806d7c                __vfprintf_internal
 .text.__sbprintf
                0x0000000000806d98       0xbc d:/quartus_lite_18.1/nios2eds/bin/gnu/h-x86_64-mingw32/bin/../lib/gcc/nios2-elf/5.3.0/../../../../../H-x86_64-mingw32/nios2-elf/lib/mhw-mulx\libc.a(lib_a-vfprintf.o)
 .text          0x0000000000806e54        0x0 d:/quartus_lite_18.1/nios2eds/bin/gnu/h-x86_64-mingw32/bin/../lib/gcc/nios2-elf/5.3.0/../../../../../H-x86_64-mingw32/nios2-elf/lib/mhw-mulx\libc.a(lib_a-wsetup.o)
 .text.__swsetup_r
                0x0000000000806e54      0x154 d:/quartus_lite_18.1/nios2eds/bin/gnu/h-x86_64-mingw32/bin/../lib/gcc/nios2-elf/5.3.0/../../../../../H-x86_64-mingw32/nios2-elf/lib/mhw-mulx\libc.a(lib_a-wsetup.o)
                0x0000000000806e54                __swsetup_r
 .text          0x0000000000806fa8        0x0 d:/quartus_lite_18.1/nios2eds/bin/gnu/h-x86_64-mingw32/bin/../lib/gcc/nios2-elf/5.3.0/../../../../../H-x86_64-mingw32/nios2-elf/lib/mhw-mulx\libc.a(lib_a-dtoa.o)
 .text.quorem   0x0000000000806fa8      0x200 d:/quartus_lite_18.1/nios2eds/bin/gnu/h-x86_64-mingw32/bin/../lib/gcc/nios2-elf/5.3.0/../../../../../H-x86_64-mingw32/nios2-elf/lib/mhw-mulx\libc.a(lib_a-dtoa.o)
 .text._dtoa_r  0x00000000008071a8     0x1688 d:/quartus_lite_18.1/nios2eds/bin/gnu/h-x86_64-mingw32/bin/../lib/gcc/nios2-elf/5.3.0/../../../../../H-x86_64-mingw32/nios2-elf/lib/mhw-mulx\libc.a(lib_a-dtoa.o)
                0x00000000008071a8                _dtoa_r
 .text          0x0000000000808830        0x0 d:/quartus_lite_18.1/nios2eds/bin/gnu/h-x86_64-mingw32/bin/../lib/gcc/nios2-elf/5.3.0/../../../../../H-x86_64-mingw32/nios2-elf/lib/mhw-mulx\libc.a(lib_a-fflush.o)
 .text.__sflush_r
                0x0000000000808830      0x21c d:/quartus_lite_18.1/nios2eds/bin/gnu/h-x86_64-mingw32/bin/../lib/gcc/nios2-elf/5.3.0/../../../../../H-x86_64-mingw32/nios2-elf/lib/mhw-mulx\libc.a(lib_a-fflush.o)
                0x0000000000808830                __sflush_r
 .text._fflush_r
                0x0000000000808a4c       0x5c d:/quartus_lite_18.1/nios2eds/bin/gnu/h-x86_64-mingw32/bin/../lib/gcc/nios2-elf/5.3.0/../../../../../H-x86_64-mingw32/nios2-elf/lib/mhw-mulx\libc.a(lib_a-fflush.o)
                0x0000000000808a4c                _fflush_r
 .text.fflush   0x0000000000808aa8       0x30 d:/quartus_lite_18.1/nios2eds/bin/gnu/h-x86_64-mingw32/bin/../lib/gcc/nios2-elf/5.3.0/../../../../../H-x86_64-mingw32/nios2-elf/lib/mhw-mulx\libc.a(lib_a-fflush.o)
                0x0000000000808aa8                fflush
 .text          0x0000000000808ad8        0x0 d:/quartus_lite_18.1/nios2eds/bin/gnu/h-x86_64-mingw32/bin/../lib/gcc/nios2-elf/5.3.0/../../../../../H-x86_64-mingw32/nios2-elf/lib/mhw-mulx\libc.a(lib_a-findfp.o)
 .text.__fp_unlock
                0x0000000000808ad8        0x8 d:/quartus_lite_18.1/nios2eds/bin/gnu/h-x86_64-mingw32/bin/../lib/gcc/nios2-elf/5.3.0/../../../../../H-x86_64-mingw32/nios2-elf/lib/mhw-mulx\libc.a(lib_a-findfp.o)
 .text._cleanup_r
                0x0000000000808ae0        0xc d:/quartus_lite_18.1/nios2eds/bin/gnu/h-x86_64-mingw32/bin/../lib/gcc/nios2-elf/5.3.0/../../../../../H-x86_64-mingw32/nios2-elf/lib/mhw-mulx\libc.a(lib_a-findfp.o)
                0x0000000000808ae0                _cleanup_r
 .text.__sinit.part.1
                0x0000000000808aec      0x19c d:/quartus_lite_18.1/nios2eds/bin/gnu/h-x86_64-mingw32/bin/../lib/gcc/nios2-elf/5.3.0/../../../../../H-x86_64-mingw32/nios2-elf/lib/mhw-mulx\libc.a(lib_a-findfp.o)
 .text.__fp_lock
                0x0000000000808c88        0x8 d:/quartus_lite_18.1/nios2eds/bin/gnu/h-x86_64-mingw32/bin/../lib/gcc/nios2-elf/5.3.0/../../../../../H-x86_64-mingw32/nios2-elf/lib/mhw-mulx\libc.a(lib_a-findfp.o)
 .text.__sfmoreglue
                0x0000000000808c90       0x68 d:/quartus_lite_18.1/nios2eds/bin/gnu/h-x86_64-mingw32/bin/../lib/gcc/nios2-elf/5.3.0/../../../../../H-x86_64-mingw32/nios2-elf/lib/mhw-mulx\libc.a(lib_a-findfp.o)
                0x0000000000808c90                __sfmoreglue
 .text.__sfp    0x0000000000808cf8      0x118 d:/quartus_lite_18.1/nios2eds/bin/gnu/h-x86_64-mingw32/bin/../lib/gcc/nios2-elf/5.3.0/../../../../../H-x86_64-mingw32/nios2-elf/lib/mhw-mulx\libc.a(lib_a-findfp.o)
                0x0000000000808cf8                __sfp
 .text._cleanup
                0x0000000000808e10       0x18 d:/quartus_lite_18.1/nios2eds/bin/gnu/h-x86_64-mingw32/bin/../lib/gcc/nios2-elf/5.3.0/../../../../../H-x86_64-mingw32/nios2-elf/lib/mhw-mulx\libc.a(lib_a-findfp.o)
                0x0000000000808e10                _cleanup
 .text.__sinit  0x0000000000808e28       0x10 d:/quartus_lite_18.1/nios2eds/bin/gnu/h-x86_64-mingw32/bin/../lib/gcc/nios2-elf/5.3.0/../../../../../H-x86_64-mingw32/nios2-elf/lib/mhw-mulx\libc.a(lib_a-findfp.o)
                0x0000000000808e28                __sinit
 .text.__sfp_lock_acquire
                0x0000000000808e38        0x4 d:/quartus_lite_18.1/nios2eds/bin/gnu/h-x86_64-mingw32/bin/../lib/gcc/nios2-elf/5.3.0/../../../../../H-x86_64-mingw32/nios2-elf/lib/mhw-mulx\libc.a(lib_a-findfp.o)
                0x0000000000808e38                __sfp_lock_acquire
 .text.__sfp_lock_release
                0x0000000000808e3c        0x4 d:/quartus_lite_18.1/nios2eds/bin/gnu/h-x86_64-mingw32/bin/../lib/gcc/nios2-elf/5.3.0/../../../../../H-x86_64-mingw32/nios2-elf/lib/mhw-mulx\libc.a(lib_a-findfp.o)
                0x0000000000808e3c                __sfp_lock_release
 .text.__sinit_lock_acquire
                0x0000000000808e40        0x4 d:/quartus_lite_18.1/nios2eds/bin/gnu/h-x86_64-mingw32/bin/../lib/gcc/nios2-elf/5.3.0/../../../../../H-x86_64-mingw32/nios2-elf/lib/mhw-mulx\libc.a(lib_a-findfp.o)
                0x0000000000808e40                __sinit_lock_acquire
 .text.__sinit_lock_release
                0x0000000000808e44        0x4 d:/quartus_lite_18.1/nios2eds/bin/gnu/h-x86_64-mingw32/bin/../lib/gcc/nios2-elf/5.3.0/../../../../../H-x86_64-mingw32/nios2-elf/lib/mhw-mulx\libc.a(lib_a-findfp.o)
                0x0000000000808e44                __sinit_lock_release
 .text.__fp_lock_all
                0x0000000000808e48       0x18 d:/quartus_lite_18.1/nios2eds/bin/gnu/h-x86_64-mingw32/bin/../lib/gcc/nios2-elf/5.3.0/../../../../../H-x86_64-mingw32/nios2-elf/lib/mhw-mulx\libc.a(lib_a-findfp.o)
                0x0000000000808e48                __fp_lock_all
 .text.__fp_unlock_all
                0x0000000000808e60       0x18 d:/quartus_lite_18.1/nios2eds/bin/gnu/h-x86_64-mingw32/bin/../lib/gcc/nios2-elf/5.3.0/../../../../../H-x86_64-mingw32/nios2-elf/lib/mhw-mulx\libc.a(lib_a-findfp.o)
                0x0000000000808e60                __fp_unlock_all
 .text          0x0000000000808e78        0x0 d:/quartus_lite_18.1/nios2eds/bin/gnu/h-x86_64-mingw32/bin/../lib/gcc/nios2-elf/5.3.0/../../../../../H-x86_64-mingw32/nios2-elf/lib/mhw-mulx\libc.a(lib_a-freer.o)
 .text._malloc_trim_r
                0x0000000000808e78      0x124 d:/quartus_lite_18.1/nios2eds/bin/gnu/h-x86_64-mingw32/bin/../lib/gcc/nios2-elf/5.3.0/../../../../../H-x86_64-mingw32/nios2-elf/lib/mhw-mulx\libc.a(lib_a-freer.o)
                0x0000000000808e78                _malloc_trim_r
 .text._free_r  0x0000000000808f9c      0x310 d:/quartus_lite_18.1/nios2eds/bin/gnu/h-x86_64-mingw32/bin/../lib/gcc/nios2-elf/5.3.0/../../../../../H-x86_64-mingw32/nios2-elf/lib/mhw-mulx\libc.a(lib_a-freer.o)
                0x0000000000808f9c                _free_r
 .text          0x00000000008092ac        0x0 d:/quartus_lite_18.1/nios2eds/bin/gnu/h-x86_64-mingw32/bin/../lib/gcc/nios2-elf/5.3.0/../../../../../H-x86_64-mingw32/nios2-elf/lib/mhw-mulx\libc.a(lib_a-fvwrite.o)
 .text.__sfvwrite_r
                0x00000000008092ac      0x4bc d:/quartus_lite_18.1/nios2eds/bin/gnu/h-x86_64-mingw32/bin/../lib/gcc/nios2-elf/5.3.0/../../../../../H-x86_64-mingw32/nios2-elf/lib/mhw-mulx\libc.a(lib_a-fvwrite.o)
                0x00000000008092ac                __sfvwrite_r
 .text          0x0000000000809768        0x0 d:/quartus_lite_18.1/nios2eds/bin/gnu/h-x86_64-mingw32/bin/../lib/gcc/nios2-elf/5.3.0/../../../../../H-x86_64-mingw32/nios2-elf/lib/mhw-mulx\libc.a(lib_a-fwalk.o)
 .text._fwalk   0x0000000000809768       0xc4 d:/quartus_lite_18.1/nios2eds/bin/gnu/h-x86_64-mingw32/bin/../lib/gcc/nios2-elf/5.3.0/../../../../../H-x86_64-mingw32/nios2-elf/lib/mhw-mulx\libc.a(lib_a-fwalk.o)
                0x0000000000809768                _fwalk
 .text._fwalk_reent
                0x000000000080982c       0xc4 d:/quartus_lite_18.1/nios2eds/bin/gnu/h-x86_64-mingw32/bin/../lib/gcc/nios2-elf/5.3.0/../../../../../H-x86_64-mingw32/nios2-elf/lib/mhw-mulx\libc.a(lib_a-fwalk.o)
                0x000000000080982c                _fwalk_reent
 .text          0x00000000008098f0        0x0 d:/quartus_lite_18.1/nios2eds/bin/gnu/h-x86_64-mingw32/bin/../lib/gcc/nios2-elf/5.3.0/../../../../../H-x86_64-mingw32/nios2-elf/lib/mhw-mulx\libc.a(lib_a-impure.o)
 .text          0x00000000008098f0        0x0 d:/quartus_lite_18.1/nios2eds/bin/gnu/h-x86_64-mingw32/bin/../lib/gcc/nios2-elf/5.3.0/../../../../../H-x86_64-mingw32/nios2-elf/lib/mhw-mulx\libc.a(lib_a-locale.o)
 .text._setlocale_r
                0x00000000008098f0       0x7c d:/quartus_lite_18.1/nios2eds/bin/gnu/h-x86_64-mingw32/bin/../lib/gcc/nios2-elf/5.3.0/../../../../../H-x86_64-mingw32/nios2-elf/lib/mhw-mulx\libc.a(lib_a-locale.o)
                0x00000000008098f0                _setlocale_r
 .text.__locale_charset
                0x000000000080996c        0xc d:/quartus_lite_18.1/nios2eds/bin/gnu/h-x86_64-mingw32/bin/../lib/gcc/nios2-elf/5.3.0/../../../../../H-x86_64-mingw32/nios2-elf/lib/mhw-mulx\libc.a(lib_a-locale.o)
                0x000000000080996c                __locale_charset
 .text.__locale_mb_cur_max
                0x0000000000809978       0x10 d:/quartus_lite_18.1/nios2eds/bin/gnu/h-x86_64-mingw32/bin/../lib/gcc/nios2-elf/5.3.0/../../../../../H-x86_64-mingw32/nios2-elf/lib/mhw-mulx\libc.a(lib_a-locale.o)
                0x0000000000809978                __locale_mb_cur_max
 .text.__locale_msgcharset
                0x0000000000809988        0xc d:/quartus_lite_18.1/nios2eds/bin/gnu/h-x86_64-mingw32/bin/../lib/gcc/nios2-elf/5.3.0/../../../../../H-x86_64-mingw32/nios2-elf/lib/mhw-mulx\libc.a(lib_a-locale.o)
                0x0000000000809988                __locale_msgcharset
 .text.__locale_cjk_lang
                0x0000000000809994        0x8 d:/quartus_lite_18.1/nios2eds/bin/gnu/h-x86_64-mingw32/bin/../lib/gcc/nios2-elf/5.3.0/../../../../../H-x86_64-mingw32/nios2-elf/lib/mhw-mulx\libc.a(lib_a-locale.o)
                0x0000000000809994                __locale_cjk_lang
 .text._localeconv_r
                0x000000000080999c        0xc d:/quartus_lite_18.1/nios2eds/bin/gnu/h-x86_64-mingw32/bin/../lib/gcc/nios2-elf/5.3.0/../../../../../H-x86_64-mingw32/nios2-elf/lib/mhw-mulx\libc.a(lib_a-locale.o)
                0x000000000080999c                _localeconv_r
 .text.setlocale
                0x00000000008099a8       0x18 d:/quartus_lite_18.1/nios2eds/bin/gnu/h-x86_64-mingw32/bin/../lib/gcc/nios2-elf/5.3.0/../../../../../H-x86_64-mingw32/nios2-elf/lib/mhw-mulx\libc.a(lib_a-locale.o)
                0x00000000008099a8                setlocale
 .text.localeconv
                0x00000000008099c0        0xc d:/quartus_lite_18.1/nios2eds/bin/gnu/h-x86_64-mingw32/bin/../lib/gcc/nios2-elf/5.3.0/../../../../../H-x86_64-mingw32/nios2-elf/lib/mhw-mulx\libc.a(lib_a-locale.o)
                0x00000000008099c0                localeconv
 .text          0x00000000008099cc        0x0 d:/quartus_lite_18.1/nios2eds/bin/gnu/h-x86_64-mingw32/bin/../lib/gcc/nios2-elf/5.3.0/../../../../../H-x86_64-mingw32/nios2-elf/lib/mhw-mulx\libc.a(lib_a-makebuf.o)
 .text.__smakebuf_r
                0x00000000008099cc      0x1bc d:/quartus_lite_18.1/nios2eds/bin/gnu/h-x86_64-mingw32/bin/../lib/gcc/nios2-elf/5.3.0/../../../../../H-x86_64-mingw32/nios2-elf/lib/mhw-mulx\libc.a(lib_a-makebuf.o)
                0x00000000008099cc                __smakebuf_r
 .text          0x0000000000809b88        0x0 d:/quartus_lite_18.1/nios2eds/bin/gnu/h-x86_64-mingw32/bin/../lib/gcc/nios2-elf/5.3.0/../../../../../H-x86_64-mingw32/nios2-elf/lib/mhw-mulx\libc.a(lib_a-mallocr.o)
 .text._malloc_r
                0x0000000000809b88      0x80c d:/quartus_lite_18.1/nios2eds/bin/gnu/h-x86_64-mingw32/bin/../lib/gcc/nios2-elf/5.3.0/../../../../../H-x86_64-mingw32/nios2-elf/lib/mhw-mulx\libc.a(lib_a-mallocr.o)
                0x0000000000809b88                _malloc_r
 .text          0x000000000080a394        0x0 d:/quartus_lite_18.1/nios2eds/bin/gnu/h-x86_64-mingw32/bin/../lib/gcc/nios2-elf/5.3.0/../../../../../H-x86_64-mingw32/nios2-elf/lib/mhw-mulx\libc.a(lib_a-memchr.o)
 .text.memchr   0x000000000080a394       0xe4 d:/quartus_lite_18.1/nios2eds/bin/gnu/h-x86_64-mingw32/bin/../lib/gcc/nios2-elf/5.3.0/../../../../../H-x86_64-mingw32/nios2-elf/lib/mhw-mulx\libc.a(lib_a-memchr.o)
                0x000000000080a394                memchr
 .text          0x000000000080a478        0x0 d:/quartus_lite_18.1/nios2eds/bin/gnu/h-x86_64-mingw32/bin/../lib/gcc/nios2-elf/5.3.0/../../../../../H-x86_64-mingw32/nios2-elf/lib/mhw-mulx\libc.a(lib_a-memcpy.o)
 .text.memcpy   0x000000000080a478      0x148 d:/quartus_lite_18.1/nios2eds/bin/gnu/h-x86_64-mingw32/bin/../lib/gcc/nios2-elf/5.3.0/../../../../../H-x86_64-mingw32/nios2-elf/lib/mhw-mulx\libc.a(lib_a-memcpy.o)
                0x000000000080a478                memcpy
 .text          0x000000000080a5c0        0x0 d:/quartus_lite_18.1/nios2eds/bin/gnu/h-x86_64-mingw32/bin/../lib/gcc/nios2-elf/5.3.0/../../../../../H-x86_64-mingw32/nios2-elf/lib/mhw-mulx\libc.a(lib_a-memmove.o)
 .text.memmove  0x000000000080a5c0      0x15c d:/quartus_lite_18.1/nios2eds/bin/gnu/h-x86_64-mingw32/bin/../lib/gcc/nios2-elf/5.3.0/../../../../../H-x86_64-mingw32/nios2-elf/lib/mhw-mulx\libc.a(lib_a-memmove.o)
                0x000000000080a5c0                memmove
 .text          0x000000000080a71c        0x0 d:/quartus_lite_18.1/nios2eds/bin/gnu/h-x86_64-mingw32/bin/../lib/gcc/nios2-elf/5.3.0/../../../../../H-x86_64-mingw32/nios2-elf/lib/mhw-mulx\libc.a(lib_a-memset.o)
 .text.memset   0x000000000080a71c      0x128 d:/quartus_lite_18.1/nios2eds/bin/gnu/h-x86_64-mingw32/bin/../lib/gcc/nios2-elf/5.3.0/../../../../../H-x86_64-mingw32/nios2-elf/lib/mhw-mulx\libc.a(lib_a-memset.o)
                0x000000000080a71c                memset
 .text          0x000000000080a844        0x0 d:/quartus_lite_18.1/nios2eds/bin/gnu/h-x86_64-mingw32/bin/../lib/gcc/nios2-elf/5.3.0/../../../../../H-x86_64-mingw32/nios2-elf/lib/mhw-mulx\libc.a(lib_a-mprec.o)
 .text._Balloc  0x000000000080a844       0xa8 d:/quartus_lite_18.1/nios2eds/bin/gnu/h-x86_64-mingw32/bin/../lib/gcc/nios2-elf/5.3.0/../../../../../H-x86_64-mingw32/nios2-elf/lib/mhw-mulx\libc.a(lib_a-mprec.o)
                0x000000000080a844                _Balloc
 .text._Bfree   0x000000000080a8ec       0x28 d:/quartus_lite_18.1/nios2eds/bin/gnu/h-x86_64-mingw32/bin/../lib/gcc/nios2-elf/5.3.0/../../../../../H-x86_64-mingw32/nios2-elf/lib/mhw-mulx\libc.a(lib_a-mprec.o)
                0x000000000080a8ec                _Bfree
 .text.__multadd
                0x000000000080a914      0x120 d:/quartus_lite_18.1/nios2eds/bin/gnu/h-x86_64-mingw32/bin/../lib/gcc/nios2-elf/5.3.0/../../../../../H-x86_64-mingw32/nios2-elf/lib/mhw-mulx\libc.a(lib_a-mprec.o)
                0x000000000080a914                __multadd
 .text.__s2b    0x000000000080aa34      0x104 d:/quartus_lite_18.1/nios2eds/bin/gnu/h-x86_64-mingw32/bin/../lib/gcc/nios2-elf/5.3.0/../../../../../H-x86_64-mingw32/nios2-elf/lib/mhw-mulx\libc.a(lib_a-mprec.o)
                0x000000000080aa34                __s2b
 .text.__hi0bits
                0x000000000080ab38       0x68 d:/quartus_lite_18.1/nios2eds/bin/gnu/h-x86_64-mingw32/bin/../lib/gcc/nios2-elf/5.3.0/../../../../../H-x86_64-mingw32/nios2-elf/lib/mhw-mulx\libc.a(lib_a-mprec.o)
                0x000000000080ab38                __hi0bits
 .text.__lo0bits
                0x000000000080aba0       0xb0 d:/quartus_lite_18.1/nios2eds/bin/gnu/h-x86_64-mingw32/bin/../lib/gcc/nios2-elf/5.3.0/../../../../../H-x86_64-mingw32/nios2-elf/lib/mhw-mulx\libc.a(lib_a-mprec.o)
                0x000000000080aba0                __lo0bits
 .text.__i2b    0x000000000080ac50       0x3c d:/quartus_lite_18.1/nios2eds/bin/gnu/h-x86_64-mingw32/bin/../lib/gcc/nios2-elf/5.3.0/../../../../../H-x86_64-mingw32/nios2-elf/lib/mhw-mulx\libc.a(lib_a-mprec.o)
                0x000000000080ac50                __i2b
 .text.__multiply
                0x000000000080ac8c      0x1f8 d:/quartus_lite_18.1/nios2eds/bin/gnu/h-x86_64-mingw32/bin/../lib/gcc/nios2-elf/5.3.0/../../../../../H-x86_64-mingw32/nios2-elf/lib/mhw-mulx\libc.a(lib_a-mprec.o)
                0x000000000080ac8c                __multiply
 .text.__pow5mult
                0x000000000080ae84      0x140 d:/quartus_lite_18.1/nios2eds/bin/gnu/h-x86_64-mingw32/bin/../lib/gcc/nios2-elf/5.3.0/../../../../../H-x86_64-mingw32/nios2-elf/lib/mhw-mulx\libc.a(lib_a-mprec.o)
                0x000000000080ae84                __pow5mult
 .text.__lshift
                0x000000000080afc4      0x148 d:/quartus_lite_18.1/nios2eds/bin/gnu/h-x86_64-mingw32/bin/../lib/gcc/nios2-elf/5.3.0/../../../../../H-x86_64-mingw32/nios2-elf/lib/mhw-mulx\libc.a(lib_a-mprec.o)
                0x000000000080afc4                __lshift
 .text.__mcmp   0x000000000080b10c       0x60 d:/quartus_lite_18.1/nios2eds/bin/gnu/h-x86_64-mingw32/bin/../lib/gcc/nios2-elf/5.3.0/../../../../../H-x86_64-mingw32/nios2-elf/lib/mhw-mulx\libc.a(lib_a-mprec.o)
                0x000000000080b10c                __mcmp
 .text.__mdiff  0x000000000080b16c      0x1fc d:/quartus_lite_18.1/nios2eds/bin/gnu/h-x86_64-mingw32/bin/../lib/gcc/nios2-elf/5.3.0/../../../../../H-x86_64-mingw32/nios2-elf/lib/mhw-mulx\libc.a(lib_a-mprec.o)
                0x000000000080b16c                __mdiff
 .text.__ulp    0x000000000080b368       0x64 d:/quartus_lite_18.1/nios2eds/bin/gnu/h-x86_64-mingw32/bin/../lib/gcc/nios2-elf/5.3.0/../../../../../H-x86_64-mingw32/nios2-elf/lib/mhw-mulx\libc.a(lib_a-mprec.o)
                0x000000000080b368                __ulp
 .text.__b2d    0x000000000080b3cc      0x10c d:/quartus_lite_18.1/nios2eds/bin/gnu/h-x86_64-mingw32/bin/../lib/gcc/nios2-elf/5.3.0/../../../../../H-x86_64-mingw32/nios2-elf/lib/mhw-mulx\libc.a(lib_a-mprec.o)
                0x000000000080b3cc                __b2d
 .text.__d2b    0x000000000080b4d8      0x14c d:/quartus_lite_18.1/nios2eds/bin/gnu/h-x86_64-mingw32/bin/../lib/gcc/nios2-elf/5.3.0/../../../../../H-x86_64-mingw32/nios2-elf/lib/mhw-mulx\libc.a(lib_a-mprec.o)
                0x000000000080b4d8                __d2b
 .text.__ratio  0x000000000080b624       0xa4 d:/quartus_lite_18.1/nios2eds/bin/gnu/h-x86_64-mingw32/bin/../lib/gcc/nios2-elf/5.3.0/../../../../../H-x86_64-mingw32/nios2-elf/lib/mhw-mulx\libc.a(lib_a-mprec.o)
                0x000000000080b624                __ratio
 .text._mprec_log10
                0x000000000080b6c8       0x74 d:/quartus_lite_18.1/nios2eds/bin/gnu/h-x86_64-mingw32/bin/../lib/gcc/nios2-elf/5.3.0/../../../../../H-x86_64-mingw32/nios2-elf/lib/mhw-mulx\libc.a(lib_a-mprec.o)
                0x000000000080b6c8                _mprec_log10
 .text.__copybits
                0x000000000080b73c       0x78 d:/quartus_lite_18.1/nios2eds/bin/gnu/h-x86_64-mingw32/bin/../lib/gcc/nios2-elf/5.3.0/../../../../../H-x86_64-mingw32/nios2-elf/lib/mhw-mulx\libc.a(lib_a-mprec.o)
                0x000000000080b73c                __copybits
 .text.__any_on
                0x000000000080b7b4       0x8c d:/quartus_lite_18.1/nios2eds/bin/gnu/h-x86_64-mingw32/bin/../lib/gcc/nios2-elf/5.3.0/../../../../../H-x86_64-mingw32/nios2-elf/lib/mhw-mulx\libc.a(lib_a-mprec.o)
                0x000000000080b7b4                __any_on
 .text          0x000000000080b840        0x0 d:/quartus_lite_18.1/nios2eds/bin/gnu/h-x86_64-mingw32/bin/../lib/gcc/nios2-elf/5.3.0/../../../../../H-x86_64-mingw32/nios2-elf/lib/mhw-mulx\libc.a(lib_a-reallocr.o)
 .text._realloc_r
                0x000000000080b840      0x564 d:/quartus_lite_18.1/nios2eds/bin/gnu/h-x86_64-mingw32/bin/../lib/gcc/nios2-elf/5.3.0/../../../../../H-x86_64-mingw32/nios2-elf/lib/mhw-mulx\libc.a(lib_a-reallocr.o)
                0x000000000080b840                _realloc_r
 .text          0x000000000080bda4        0x0 d:/quartus_lite_18.1/nios2eds/bin/gnu/h-x86_64-mingw32/bin/../lib/gcc/nios2-elf/5.3.0/../../../../../H-x86_64-mingw32/nios2-elf/lib/mhw-mulx\libc.a(lib_a-s_fpclassify.o)
 .text.__fpclassifyd
                0x000000000080bda4       0x74 d:/quartus_lite_18.1/nios2eds/bin/gnu/h-x86_64-mingw32/bin/../lib/gcc/nios2-elf/5.3.0/../../../../../H-x86_64-mingw32/nios2-elf/lib/mhw-mulx\libc.a(lib_a-s_fpclassify.o)
                0x000000000080bda4                __fpclassifyd
 .text          0x000000000080be18        0x0 d:/quartus_lite_18.1/nios2eds/bin/gnu/h-x86_64-mingw32/bin/../lib/gcc/nios2-elf/5.3.0/../../../../../H-x86_64-mingw32/nios2-elf/lib/mhw-mulx\libc.a(lib_a-sbrkr.o)
 .text._sbrk_r  0x000000000080be18       0x54 d:/quartus_lite_18.1/nios2eds/bin/gnu/h-x86_64-mingw32/bin/../lib/gcc/nios2-elf/5.3.0/../../../../../H-x86_64-mingw32/nios2-elf/lib/mhw-mulx\libc.a(lib_a-sbrkr.o)
                0x000000000080be18                _sbrk_r
 .text          0x000000000080be6c        0x0 d:/quartus_lite_18.1/nios2eds/bin/gnu/h-x86_64-mingw32/bin/../lib/gcc/nios2-elf/5.3.0/../../../../../H-x86_64-mingw32/nios2-elf/lib/mhw-mulx\libc.a(lib_a-stdio.o)
 .text.__sread  0x000000000080be6c       0x54 d:/quartus_lite_18.1/nios2eds/bin/gnu/h-x86_64-mingw32/bin/../lib/gcc/nios2-elf/5.3.0/../../../../../H-x86_64-mingw32/nios2-elf/lib/mhw-mulx\libc.a(lib_a-stdio.o)
                0x000000000080be6c                __sread
 .text.__seofread
                0x000000000080bec0        0x8 d:/quartus_lite_18.1/nios2eds/bin/gnu/h-x86_64-mingw32/bin/../lib/gcc/nios2-elf/5.3.0/../../../../../H-x86_64-mingw32/nios2-elf/lib/mhw-mulx\libc.a(lib_a-stdio.o)
                0x000000000080bec0                __seofread
 .text.__swrite
                0x000000000080bec8       0x7c d:/quartus_lite_18.1/nios2eds/bin/gnu/h-x86_64-mingw32/bin/../lib/gcc/nios2-elf/5.3.0/../../../../../H-x86_64-mingw32/nios2-elf/lib/mhw-mulx\libc.a(lib_a-stdio.o)
                0x000000000080bec8                __swrite
 .text.__sseek  0x000000000080bf44       0x5c d:/quartus_lite_18.1/nios2eds/bin/gnu/h-x86_64-mingw32/bin/../lib/gcc/nios2-elf/5.3.0/../../../../../H-x86_64-mingw32/nios2-elf/lib/mhw-mulx\libc.a(lib_a-stdio.o)
                0x000000000080bf44                __sseek
 .text.__sclose
                0x000000000080bfa0        0x8 d:/quartus_lite_18.1/nios2eds/bin/gnu/h-x86_64-mingw32/bin/../lib/gcc/nios2-elf/5.3.0/../../../../../H-x86_64-mingw32/nios2-elf/lib/mhw-mulx\libc.a(lib_a-stdio.o)
                0x000000000080bfa0                __sclose
 .text          0x000000000080bfa8        0x0 d:/quartus_lite_18.1/nios2eds/bin/gnu/h-x86_64-mingw32/bin/../lib/gcc/nios2-elf/5.3.0/../../../../../H-x86_64-mingw32/nios2-elf/lib/mhw-mulx\libc.a(lib_a-strcmp.o)
 .text.strcmp   0x000000000080bfa8       0xdc d:/quartus_lite_18.1/nios2eds/bin/gnu/h-x86_64-mingw32/bin/../lib/gcc/nios2-elf/5.3.0/../../../../../H-x86_64-mingw32/nios2-elf/lib/mhw-mulx\libc.a(lib_a-strcmp.o)
                0x000000000080bfa8                strcmp
 .text          0x000000000080c084        0x0 d:/quartus_lite_18.1/nios2eds/bin/gnu/h-x86_64-mingw32/bin/../lib/gcc/nios2-elf/5.3.0/../../../../../H-x86_64-mingw32/nios2-elf/lib/mhw-mulx\libc.a(lib_a-vfiprintf.o)
 .text.__sprint_r.part.0
                0x000000000080c084       0xfc d:/quartus_lite_18.1/nios2eds/bin/gnu/h-x86_64-mingw32/bin/../lib/gcc/nios2-elf/5.3.0/../../../../../H-x86_64-mingw32/nios2-elf/lib/mhw-mulx\libc.a(lib_a-vfiprintf.o)
 .text.__sprint_r
                0x000000000080c180       0x18 d:/quartus_lite_18.1/nios2eds/bin/gnu/h-x86_64-mingw32/bin/../lib/gcc/nios2-elf/5.3.0/../../../../../H-x86_64-mingw32/nios2-elf/lib/mhw-mulx\libc.a(lib_a-vfiprintf.o)
                0x000000000080c180                __sprint_r
 .text.___vfiprintf_internal_r
                0x000000000080c198     0x145c d:/quartus_lite_18.1/nios2eds/bin/gnu/h-x86_64-mingw32/bin/../lib/gcc/nios2-elf/5.3.0/../../../../../H-x86_64-mingw32/nios2-elf/lib/mhw-mulx\libc.a(lib_a-vfiprintf.o)
                0x000000000080c198                ___vfiprintf_internal_r
 .text.__vfiprintf_internal
                0x000000000080d5f4       0x1c d:/quartus_lite_18.1/nios2eds/bin/gnu/h-x86_64-mingw32/bin/../lib/gcc/nios2-elf/5.3.0/../../../../../H-x86_64-mingw32/nios2-elf/lib/mhw-mulx\libc.a(lib_a-vfiprintf.o)
                0x000000000080d5f4                __vfiprintf_internal
 .text.__sbprintf
                0x000000000080d610       0xbc d:/quartus_lite_18.1/nios2eds/bin/gnu/h-x86_64-mingw32/bin/../lib/gcc/nios2-elf/5.3.0/../../../../../H-x86_64-mingw32/nios2-elf/lib/mhw-mulx\libc.a(lib_a-vfiprintf.o)
 .text          0x000000000080d6cc        0x0 d:/quartus_lite_18.1/nios2eds/bin/gnu/h-x86_64-mingw32/bin/../lib/gcc/nios2-elf/5.3.0/../../../../../H-x86_64-mingw32/nios2-elf/lib/mhw-mulx\libc.a(lib_a-writer.o)
 .text._write_r
                0x000000000080d6cc       0x60 d:/quartus_lite_18.1/nios2eds/bin/gnu/h-x86_64-mingw32/bin/../lib/gcc/nios2-elf/5.3.0/../../../../../H-x86_64-mingw32/nios2-elf/lib/mhw-mulx\libc.a(lib_a-writer.o)
                0x000000000080d6cc                _write_r
 .text          0x000000000080d72c        0x0 d:/quartus_lite_18.1/nios2eds/bin/gnu/h-x86_64-mingw32/bin/../lib/gcc/nios2-elf/5.3.0/../../../../../H-x86_64-mingw32/nios2-elf/lib/mhw-mulx\libc.a(closer.o)
 .text._close_r
                0x000000000080d72c       0x54 d:/quartus_lite_18.1/nios2eds/bin/gnu/h-x86_64-mingw32/bin/../lib/gcc/nios2-elf/5.3.0/../../../../../H-x86_64-mingw32/nios2-elf/lib/mhw-mulx\libc.a(closer.o)
                0x000000000080d72c                _close_r
 .text          0x000000000080d780        0x0 d:/quartus_lite_18.1/nios2eds/bin/gnu/h-x86_64-mingw32/bin/../lib/gcc/nios2-elf/5.3.0/../../../../../H-x86_64-mingw32/nios2-elf/lib/mhw-mulx\libc.a(lib_a-callocr.o)
 .text._calloc_r
                0x000000000080d780       0xc4 d:/quartus_lite_18.1/nios2eds/bin/gnu/h-x86_64-mingw32/bin/../lib/gcc/nios2-elf/5.3.0/../../../../../H-x86_64-mingw32/nios2-elf/lib/mhw-mulx\libc.a(lib_a-callocr.o)
                0x000000000080d780                _calloc_r
 .text          0x000000000080d844        0x0 d:/quartus_lite_18.1/nios2eds/bin/gnu/h-x86_64-mingw32/bin/../lib/gcc/nios2-elf/5.3.0/../../../../../H-x86_64-mingw32/nios2-elf/lib/mhw-mulx\libc.a(lib_a-fclose.o)
 .text._fclose_r
                0x000000000080d844       0xf0 d:/quartus_lite_18.1/nios2eds/bin/gnu/h-x86_64-mingw32/bin/../lib/gcc/nios2-elf/5.3.0/../../../../../H-x86_64-mingw32/nios2-elf/lib/mhw-mulx\libc.a(lib_a-fclose.o)
                0x000000000080d844                _fclose_r
 .text.fclose   0x000000000080d934       0x14 d:/quartus_lite_18.1/nios2eds/bin/gnu/h-x86_64-mingw32/bin/../lib/gcc/nios2-elf/5.3.0/../../../../../H-x86_64-mingw32/nios2-elf/lib/mhw-mulx\libc.a(lib_a-fclose.o)
                0x000000000080d934                fclose
 .text          0x000000000080d948        0x0 d:/quartus_lite_18.1/nios2eds/bin/gnu/h-x86_64-mingw32/bin/../lib/gcc/nios2-elf/5.3.0/../../../../../H-x86_64-mingw32/nios2-elf/lib/mhw-mulx\libc.a(lib_a-fputwc.o)
 .text.__fputwc
                0x000000000080d948      0x164 d:/quartus_lite_18.1/nios2eds/bin/gnu/h-x86_64-mingw32/bin/../lib/gcc/nios2-elf/5.3.0/../../../../../H-x86_64-mingw32/nios2-elf/lib/mhw-mulx\libc.a(lib_a-fputwc.o)
                0x000000000080d948                __fputwc
 .text._fputwc_r
                0x000000000080daac       0x24 d:/quartus_lite_18.1/nios2eds/bin/gnu/h-x86_64-mingw32/bin/../lib/gcc/nios2-elf/5.3.0/../../../../../H-x86_64-mingw32/nios2-elf/lib/mhw-mulx\libc.a(lib_a-fputwc.o)
                0x000000000080daac                _fputwc_r
 .text.fputwc   0x000000000080dad0       0x80 d:/quartus_lite_18.1/nios2eds/bin/gnu/h-x86_64-mingw32/bin/../lib/gcc/nios2-elf/5.3.0/../../../../../H-x86_64-mingw32/nios2-elf/lib/mhw-mulx\libc.a(lib_a-fputwc.o)
                0x000000000080dad0                fputwc
 .text          0x000000000080db50        0x0 d:/quartus_lite_18.1/nios2eds/bin/gnu/h-x86_64-mingw32/bin/../lib/gcc/nios2-elf/5.3.0/../../../../../H-x86_64-mingw32/nios2-elf/lib/mhw-mulx\libc.a(lib_a-fstatr.o)
 .text._fstat_r
                0x000000000080db50       0x5c d:/quartus_lite_18.1/nios2eds/bin/gnu/h-x86_64-mingw32/bin/../lib/gcc/nios2-elf/5.3.0/../../../../../H-x86_64-mingw32/nios2-elf/lib/mhw-mulx\libc.a(lib_a-fstatr.o)
                0x000000000080db50                _fstat_r
 .text          0x000000000080dbac        0x0 d:/quartus_lite_18.1/nios2eds/bin/gnu/h-x86_64-mingw32/bin/../lib/gcc/nios2-elf/5.3.0/../../../../../H-x86_64-mingw32/nios2-elf/lib/mhw-mulx\libc.a(lib_a-int_errno.o)
 .text          0x000000000080dbac        0x0 d:/quartus_lite_18.1/nios2eds/bin/gnu/h-x86_64-mingw32/bin/../lib/gcc/nios2-elf/5.3.0/../../../../../H-x86_64-mingw32/nios2-elf/lib/mhw-mulx\libc.a(lib_a-isattyr.o)
 .text._isatty_r
                0x000000000080dbac       0x54 d:/quartus_lite_18.1/nios2eds/bin/gnu/h-x86_64-mingw32/bin/../lib/gcc/nios2-elf/5.3.0/../../../../../H-x86_64-mingw32/nios2-elf/lib/mhw-mulx\libc.a(lib_a-isattyr.o)
                0x000000000080dbac                _isatty_r
 .text          0x000000000080dc00        0x0 d:/quartus_lite_18.1/nios2eds/bin/gnu/h-x86_64-mingw32/bin/../lib/gcc/nios2-elf/5.3.0/../../../../../H-x86_64-mingw32/nios2-elf/lib/mhw-mulx\libc.a(lib_a-lseekr.o)
 .text._lseek_r
                0x000000000080dc00       0x60 d:/quartus_lite_18.1/nios2eds/bin/gnu/h-x86_64-mingw32/bin/../lib/gcc/nios2-elf/5.3.0/../../../../../H-x86_64-mingw32/nios2-elf/lib/mhw-mulx\libc.a(lib_a-lseekr.o)
                0x000000000080dc00                _lseek_r
 .text          0x000000000080dc60        0x0 d:/quartus_lite_18.1/nios2eds/bin/gnu/h-x86_64-mingw32/bin/../lib/gcc/nios2-elf/5.3.0/../../../../../H-x86_64-mingw32/nios2-elf/lib/mhw-mulx\libc.a(lib_a-readr.o)
 .text._read_r  0x000000000080dc60       0x60 d:/quartus_lite_18.1/nios2eds/bin/gnu/h-x86_64-mingw32/bin/../lib/gcc/nios2-elf/5.3.0/../../../../../H-x86_64-mingw32/nios2-elf/lib/mhw-mulx\libc.a(lib_a-readr.o)
                0x000000000080dc60                _read_r
 .text          0x000000000080dcc0        0x0 d:/quartus_lite_18.1/nios2eds/bin/gnu/h-x86_64-mingw32/bin/../lib/gcc/nios2-elf/5.3.0/../../../../../H-x86_64-mingw32/nios2-elf/lib/mhw-mulx\libc.a(lib_a-wbuf.o)
 .text.__swbuf_r
                0x000000000080dcc0      0x140 d:/quartus_lite_18.1/nios2eds/bin/gnu/h-x86_64-mingw32/bin/../lib/gcc/nios2-elf/5.3.0/../../../../../H-x86_64-mingw32/nios2-elf/lib/mhw-mulx\libc.a(lib_a-wbuf.o)
                0x000000000080dcc0                __swbuf_r
 .text.__swbuf  0x000000000080de00       0x18 d:/quartus_lite_18.1/nios2eds/bin/gnu/h-x86_64-mingw32/bin/../lib/gcc/nios2-elf/5.3.0/../../../../../H-x86_64-mingw32/nios2-elf/lib/mhw-mulx\libc.a(lib_a-wbuf.o)
                0x000000000080de00                __swbuf
 .text          0x000000000080de18        0x0 d:/quartus_lite_18.1/nios2eds/bin/gnu/h-x86_64-mingw32/bin/../lib/gcc/nios2-elf/5.3.0/../../../../../H-x86_64-mingw32/nios2-elf/lib/mhw-mulx\libc.a(lib_a-wcrtomb.o)
 .text._wcrtomb_r
                0x000000000080de18       0x9c d:/quartus_lite_18.1/nios2eds/bin/gnu/h-x86_64-mingw32/bin/../lib/gcc/nios2-elf/5.3.0/../../../../../H-x86_64-mingw32/nios2-elf/lib/mhw-mulx\libc.a(lib_a-wcrtomb.o)
                0x000000000080de18                _wcrtomb_r
 .text.wcrtomb  0x000000000080deb4       0xc0 d:/quartus_lite_18.1/nios2eds/bin/gnu/h-x86_64-mingw32/bin/../lib/gcc/nios2-elf/5.3.0/../../../../../H-x86_64-mingw32/nios2-elf/lib/mhw-mulx\libc.a(lib_a-wcrtomb.o)
                0x000000000080deb4                wcrtomb
 .text          0x000000000080df74        0x0 d:/quartus_lite_18.1/nios2eds/bin/gnu/h-x86_64-mingw32/bin/../lib/gcc/nios2-elf/5.3.0/../../../../../H-x86_64-mingw32/nios2-elf/lib/mhw-mulx\libc.a(lib_a-wctomb_r.o)
 .text.__ascii_wctomb
                0x000000000080df74       0x30 d:/quartus_lite_18.1/nios2eds/bin/gnu/h-x86_64-mingw32/bin/../lib/gcc/nios2-elf/5.3.0/../../../../../H-x86_64-mingw32/nios2-elf/lib/mhw-mulx\libc.a(lib_a-wctomb_r.o)
                0x000000000080df74                __ascii_wctomb
 .text._wctomb_r
                0x000000000080dfa4       0x5c d:/quartus_lite_18.1/nios2eds/bin/gnu/h-x86_64-mingw32/bin/../lib/gcc/nios2-elf/5.3.0/../../../../../H-x86_64-mingw32/nios2-elf/lib/mhw-mulx\libc.a(lib_a-wctomb_r.o)
                0x000000000080dfa4                _wctomb_r
 .text          0x000000000080e000      0x578 d:/quartus_lite_18.1/nios2eds/bin/gnu/h-x86_64-mingw32/bin/../lib/gcc/nios2-elf/5.3.0/mhw-mulx\libgcc.a(_udivdi3.o)
                0x000000000080e000                __udivdi3
 .text          0x000000000080e578      0x538 d:/quartus_lite_18.1/nios2eds/bin/gnu/h-x86_64-mingw32/bin/../lib/gcc/nios2-elf/5.3.0/mhw-mulx\libgcc.a(_umoddi3.o)
                0x000000000080e578                __umoddi3
 .text          0x000000000080eab0      0x8e8 d:/quartus_lite_18.1/nios2eds/bin/gnu/h-x86_64-mingw32/bin/../lib/gcc/nios2-elf/5.3.0/mhw-mulx\libgcc.a(divdf3.o)
                0x000000000080eab0                __divdf3
 .text          0x000000000080f398       0xf4 d:/quartus_lite_18.1/nios2eds/bin/gnu/h-x86_64-mingw32/bin/../lib/gcc/nios2-elf/5.3.0/mhw-mulx\libgcc.a(ledf2.o)
                0x000000000080f398                __ledf2
                0x000000000080f398                __ltdf2
 .text          0x000000000080f48c       0xa8 d:/quartus_lite_18.1/nios2eds/bin/gnu/h-x86_64-mingw32/bin/../lib/gcc/nios2-elf/5.3.0/mhw-mulx\libgcc.a(floatunsidf.o)
                0x000000000080f48c                __floatunsidf
 .text          0x000000000080f534      0x10c ../task6_bsp/\libhal_bsp.a(alt_close.o)
                0x000000000080f570                close
 .text          0x000000000080f640       0x2c ../task6_bsp/\libhal_bsp.a(alt_dev.o)
 .text          0x000000000080f66c        0x0 ../task6_bsp/\libhal_bsp.a(alt_errno.o)
 .text          0x000000000080f66c       0xec ../task6_bsp/\libhal_bsp.a(alt_fstat.o)
                0x000000000080f6a8                fstat
 .text          0x000000000080f758       0xe0 ../task6_bsp/\libhal_bsp.a(alt_isatty.o)
                0x000000000080f794                isatty
 .text          0x000000000080f838       0xec ../task6_bsp/\libhal_bsp.a(alt_load.o)
                0x000000000080f8a0                alt_load
 .text          0x000000000080f924      0x110 ../task6_bsp/\libhal_bsp.a(alt_lseek.o)
                0x000000000080f960                lseek
 .text          0x000000000080fa34       0x7c ../task6_bsp/\libhal_bsp.a(alt_main.o)
                0x000000000080fa34                alt_main
 .text          0x000000000080fab0       0x48 ../task6_bsp/\libhal_bsp.a(alt_malloc_lock.o)
                0x000000000080fab0                __malloc_lock
                0x000000000080fad4                __malloc_unlock
 .text          0x000000000080faf8      0x138 ../task6_bsp/\libhal_bsp.a(alt_read.o)
                0x000000000080fb34                read
 .text          0x000000000080fc30       0x64 ../task6_bsp/\libhal_bsp.a(alt_release_fd.o)
                0x000000000080fc30                alt_release_fd
 .text          0x000000000080fc94       0xb0 ../task6_bsp/\libhal_bsp.a(alt_sbrk.o)
                0x000000000080fc94                sbrk
 .text          0x000000000080fd44       0xb4 ../task6_bsp/\libhal_bsp.a(alt_times.o)
                0x000000000080fd80                times
 .text          0x000000000080fdf8      0x134 ../task6_bsp/\libhal_bsp.a(alt_write.o)
                0x000000000080fe34                write
 .text          0x000000000080ff2c       0xd0 ../task6_bsp/\libhal_bsp.a(alt_sys_init.o)
                0x000000000080ff60                alt_irq_init
                0x000000000080ff98                alt_sys_init
 .text          0x000000000080fffc      0x164 ../task6_bsp/\libhal_bsp.a(altera_avalon_jtag_uart_fd.o)
                0x000000000080fffc                altera_avalon_jtag_uart_read_fd
                0x000000000081005c                altera_avalon_jtag_uart_write_fd
                0x00000000008100bc                altera_avalon_jtag_uart_close_fd
                0x000000000081010c                altera_avalon_jtag_uart_ioctl_fd
 .text          0x0000000000810160      0x3d4 ../task6_bsp/\libhal_bsp.a(altera_avalon_jtag_uart_init.o)
                0x0000000000810160                altera_avalon_jtag_uart_init
                0x00000000008104cc                altera_avalon_jtag_uart_close
 .text          0x0000000000810534       0xf0 ../task6_bsp/\libhal_bsp.a(altera_avalon_jtag_uart_ioctl.o)
                0x0000000000810534                altera_avalon_jtag_uart_ioctl
 .text          0x0000000000810624      0x21c ../task6_bsp/\libhal_bsp.a(altera_avalon_jtag_uart_read.o)
                0x0000000000810624                altera_avalon_jtag_uart_read
 .text          0x0000000000810840      0x224 ../task6_bsp/\libhal_bsp.a(altera_avalon_jtag_uart_write.o)
                0x0000000000810840                altera_avalon_jtag_uart_write
 .text          0x0000000000810a64       0xf4 ../task6_bsp/\libhal_bsp.a(altera_avalon_timer_sc.o)
                0x0000000000810adc                alt_avalon_timer_sc_init
 .text          0x0000000000810b58      0x12c ../task6_bsp/\libhal_bsp.a(alt_alarm_start.o)
                0x0000000000810b58                alt_alarm_start
 .text          0x0000000000810c84       0x48 ../task6_bsp/\libhal_bsp.a(alt_dcache_flush_all.o)
                0x0000000000810c84                alt_dcache_flush_all
 .text          0x0000000000810ccc       0xe0 ../task6_bsp/\libhal_bsp.a(alt_dev_llist_insert.o)
                0x0000000000810d08                alt_dev_llist_insert
 .text          0x0000000000810dac       0x60 ../task6_bsp/\libhal_bsp.a(alt_do_ctors.o)
                0x0000000000810dac                _do_ctors
 .text          0x0000000000810e0c       0x60 ../task6_bsp/\libhal_bsp.a(alt_do_dtors.o)
                0x0000000000810e0c                _do_dtors
 .text          0x0000000000810e6c       0x34 ../task6_bsp/\libhal_bsp.a(alt_icache_flush_all.o)
                0x0000000000810e6c                alt_icache_flush_all
 .text          0x0000000000810ea0      0x1b0 ../task6_bsp/\libhal_bsp.a(alt_iic.o)
                0x0000000000810ea0                alt_ic_isr_register
                0x0000000000810ef0                alt_ic_irq_enable
                0x0000000000810f78                alt_ic_irq_disable
                0x0000000000811004                alt_ic_irq_enabled
 .text          0x0000000000811050       0xf0 ../task6_bsp/\libhal_bsp.a(alt_iic_isr_register.o)
                0x0000000000811050                alt_iic_isr_register
 .text          0x0000000000811140      0x140 ../task6_bsp/\libhal_bsp.a(alt_io_redirect.o)
                0x0000000000811204                alt_io_redirect
 .text          0x0000000000811280        0x0 ../task6_bsp/\libhal_bsp.a(alt_irq_entry.o)
 .text          0x0000000000811280        0x0 ../task6_bsp/\libhal_bsp.a(alt_irq_handler.o)
 .text          0x0000000000811280        0x0 ../task6_bsp/\libhal_bsp.a(alt_irq_vars.o)
 .text          0x0000000000811280      0x254 ../task6_bsp/\libhal_bsp.a(alt_open.o)
                0x0000000000811380                open
 .text          0x00000000008114d4      0x1a4 ../task6_bsp/\libhal_bsp.a(alt_tick.o)
                0x00000000008114d4                alt_alarm_stop
                0x0000000000811570                alt_tick
 .text          0x0000000000811678       0x24 ../task6_bsp/\libhal_bsp.a(altera_nios2_gen2_irq.o)
                0x0000000000811678                altera_nios2_gen2_irq_init
 .text          0x000000000081169c        0x0 ../task6_bsp/\libhal_bsp.a(alt_exception_entry.o)
 .text          0x000000000081169c       0x90 ../task6_bsp/\libhal_bsp.a(alt_find_dev.o)
                0x000000000081169c                alt_find_dev
 .text          0x000000000081172c      0x108 ../task6_bsp/\libhal_bsp.a(alt_find_file.o)
                0x000000000081172c                alt_find_file
 .text          0x0000000000811834       0xa4 ../task6_bsp/\libhal_bsp.a(alt_get_fd.o)
                0x0000000000811834                alt_get_fd
 .text          0x00000000008118d8       0x90 ../task6_bsp/\libhal_bsp.a(alt_icache_flush.o)
                0x00000000008118d8                alt_icache_flush
 .text          0x0000000000811968       0x9c ../task6_bsp/\libhal_bsp.a(alt_instruction_exception_entry.o)
                0x0000000000811968                alt_exception_cause_generated_bad_addr
 .text          0x0000000000811a04        0x0 d:/quartus_lite_18.1/nios2eds/bin/gnu/h-x86_64-mingw32/bin/../lib/gcc/nios2-elf/5.3.0/../../../../../H-x86_64-mingw32/nios2-elf/lib/mhw-mulx\libc.a(lib_a-atexit.o)
 .text.atexit   0x0000000000811a04       0x14 d:/quartus_lite_18.1/nios2eds/bin/gnu/h-x86_64-mingw32/bin/../lib/gcc/nios2-elf/5.3.0/../../../../../H-x86_64-mingw32/nios2-elf/lib/mhw-mulx\libc.a(lib_a-atexit.o)
                0x0000000000811a04                atexit
 .text          0x0000000000811a18        0x0 d:/quartus_lite_18.1/nios2eds/bin/gnu/h-x86_64-mingw32/bin/../lib/gcc/nios2-elf/5.3.0/../../../../../H-x86_64-mingw32/nios2-elf/lib/mhw-mulx\libc.a(lib_a-exit.o)
 .text.exit     0x0000000000811a18       0x38 d:/quartus_lite_18.1/nios2eds/bin/gnu/h-x86_64-mingw32/bin/../lib/gcc/nios2-elf/5.3.0/../../../../../H-x86_64-mingw32/nios2-elf/lib/mhw-mulx\libc.a(lib_a-exit.o)
                0x0000000000811a18                exit
 .text          0x0000000000811a50        0x0 d:/quartus_lite_18.1/nios2eds/bin/gnu/h-x86_64-mingw32/bin/../lib/gcc/nios2-elf/5.3.0/../../../../../H-x86_64-mingw32/nios2-elf/lib/mhw-mulx\libc.a(lib_a-memcmp.o)
 .text.memcmp   0x0000000000811a50       0x7c d:/quartus_lite_18.1/nios2eds/bin/gnu/h-x86_64-mingw32/bin/../lib/gcc/nios2-elf/5.3.0/../../../../../H-x86_64-mingw32/nios2-elf/lib/mhw-mulx\libc.a(lib_a-memcmp.o)
                0x0000000000811a50                memcmp
 .text          0x0000000000811acc        0x0 d:/quartus_lite_18.1/nios2eds/bin/gnu/h-x86_64-mingw32/bin/../lib/gcc/nios2-elf/5.3.0/../../../../../H-x86_64-mingw32/nios2-elf/lib/mhw-mulx\libc.a(lib_a-__atexit.o)
 .text.__register_exitproc
                0x0000000000811acc      0x118 d:/quartus_lite_18.1/nios2eds/bin/gnu/h-x86_64-mingw32/bin/../lib/gcc/nios2-elf/5.3.0/../../../../../H-x86_64-mingw32/nios2-elf/lib/mhw-mulx\libc.a(lib_a-__atexit.o)
                0x0000000000811acc                __register_exitproc
 .text          0x0000000000811be4        0x0 d:/quartus_lite_18.1/nios2eds/bin/gnu/h-x86_64-mingw32/bin/../lib/gcc/nios2-elf/5.3.0/../../../../../H-x86_64-mingw32/nios2-elf/lib/mhw-mulx\libc.a(lib_a-__call_atexit.o)
 .text.__call_exitprocs
                0x0000000000811be4      0x180 d:/quartus_lite_18.1/nios2eds/bin/gnu/h-x86_64-mingw32/bin/../lib/gcc/nios2-elf/5.3.0/../../../../../H-x86_64-mingw32/nios2-elf/lib/mhw-mulx\libc.a(lib_a-__call_atexit.o)
                0x0000000000811be4                __call_exitprocs
 .text          0x0000000000811d64       0x34 ../task6_bsp/\libhal_bsp.a(alt_exit.o)
                0x0000000000811d64                _exit
 *(.gnu.warning.*)
 *(.fini)
                [!provide]                        PROVIDE (__etext, ABSOLUTE (.))
                [!provide]                        PROVIDE (_etext, ABSOLUTE (.))
                [!provide]                        PROVIDE (etext, ABSOLUTE (.))
 *(.eh_frame_hdr)
                0x0000000000811d98                . = ALIGN (0x4)
                [!provide]                        PROVIDE (__preinit_array_start, ABSOLUTE (.))
 *(.preinit_array)
                [!provide]                        PROVIDE (__preinit_array_end, ABSOLUTE (.))
                [!provide]                        PROVIDE (__init_array_start, ABSOLUTE (.))
 *(.init_array)
                [!provide]                        PROVIDE (__init_array_end, ABSOLUTE (.))
                [!provide]                        PROVIDE (__fini_array_start, ABSOLUTE (.))
 *(.fini_array)
                [!provide]                        PROVIDE (__fini_array_end, ABSOLUTE (.))
 *(.eh_frame)
 *(.gcc_except_table .gcc_except_table.*)
 *(.dynamic)
                0x0000000000811d98                PROVIDE (__CTOR_LIST__, ABSOLUTE (.))
 *(.ctors)
 *(SORT(.ctors.*))
                0x0000000000811d98                PROVIDE (__CTOR_END__, ABSOLUTE (.))
                0x0000000000811d98                PROVIDE (__DTOR_LIST__, ABSOLUTE (.))
 *(.dtors)
 *(SORT(.dtors.*))
                0x0000000000811d98                PROVIDE (__DTOR_END__, ABSOLUTE (.))
 *(.jcr)
                0x0000000000811d98                . = ALIGN (0x4)

.rodata         0x0000000000811d98      0x500
                0x0000000000811d98                PROVIDE (__ram_rodata_start, ABSOLUTE (.))
                0x0000000000811d98                . = ALIGN (0x4)
 *(.rodata .rodata.* .gnu.linkonce.r.*)
 .rodata        0x0000000000811d98       0x2d obj/default/hello_world.o
 *fill*         0x0000000000811dc5        0x3 
 .rodata.npio2_hw
                0x0000000000811dc8       0x80 d:/quartus_lite_18.1/nios2eds/bin/gnu/h-x86_64-mingw32/bin/../lib/gcc/nios2-elf/5.3.0/../../../../../H-x86_64-mingw32/nios2-elf/lib/mhw-mulx\libm.a(lib_a-e_rem_pio2.o)
 .rodata.two_over_pi
                0x0000000000811e48      0x108 d:/quartus_lite_18.1/nios2eds/bin/gnu/h-x86_64-mingw32/bin/../lib/gcc/nios2-elf/5.3.0/../../../../../H-x86_64-mingw32/nios2-elf/lib/mhw-mulx\libm.a(lib_a-e_rem_pio2.o)
 .rodata.PIo2   0x0000000000811f50       0x40 d:/quartus_lite_18.1/nios2eds/bin/gnu/h-x86_64-mingw32/bin/../lib/gcc/nios2-elf/5.3.0/../../../../../H-x86_64-mingw32/nios2-elf/lib/mhw-mulx\libm.a(lib_a-k_rem_pio2.o)
 .rodata.init_jk
                0x0000000000811f90       0x10 d:/quartus_lite_18.1/nios2eds/bin/gnu/h-x86_64-mingw32/bin/../lib/gcc/nios2-elf/5.3.0/../../../../../H-x86_64-mingw32/nios2-elf/lib/mhw-mulx\libm.a(lib_a-k_rem_pio2.o)
 .rodata        0x0000000000811fa0      0x100 d:/quartus_lite_18.1/nios2eds/bin/gnu/h-x86_64-mingw32/bin/../lib/gcc/nios2-elf/5.3.0/mhw-mulx\libgcc.a(_clz.o)
                0x0000000000811fa0                __clz_tab
 .rodata.str1.4
                0x00000000008120a0        0x2 d:/quartus_lite_18.1/nios2eds/bin/gnu/h-x86_64-mingw32/bin/../lib/gcc/nios2-elf/5.3.0/../../../../../H-x86_64-mingw32/nios2-elf/lib/mhw-mulx\libc.a(lib_a-puts.o)
 *fill*         0x00000000008120a2        0x2 
 .rodata.str1.4
                0x00000000008120a4       0x42 d:/quartus_lite_18.1/nios2eds/bin/gnu/h-x86_64-mingw32/bin/../lib/gcc/nios2-elf/5.3.0/../../../../../H-x86_64-mingw32/nios2-elf/lib/mhw-mulx\libc.a(lib_a-vfprintf.o)
 .rodata.zeroes.4404
                0x00000000008120e6       0x10 d:/quartus_lite_18.1/nios2eds/bin/gnu/h-x86_64-mingw32/bin/../lib/gcc/nios2-elf/5.3.0/../../../../../H-x86_64-mingw32/nios2-elf/lib/mhw-mulx\libc.a(lib_a-vfprintf.o)
 .rodata.blanks.4403
                0x00000000008120f6       0x10 d:/quartus_lite_18.1/nios2eds/bin/gnu/h-x86_64-mingw32/bin/../lib/gcc/nios2-elf/5.3.0/../../../../../H-x86_64-mingw32/nios2-elf/lib/mhw-mulx\libc.a(lib_a-vfprintf.o)
 *fill*         0x0000000000812106        0x2 
 .rodata.str1.4
                0x0000000000812108       0x10 d:/quartus_lite_18.1/nios2eds/bin/gnu/h-x86_64-mingw32/bin/../lib/gcc/nios2-elf/5.3.0/../../../../../H-x86_64-mingw32/nios2-elf/lib/mhw-mulx\libc.a(lib_a-dtoa.o)
                                         0x12 (size before relaxing)
 .rodata.str1.4
                0x0000000000812118        0x2 d:/quartus_lite_18.1/nios2eds/bin/gnu/h-x86_64-mingw32/bin/../lib/gcc/nios2-elf/5.3.0/../../../../../H-x86_64-mingw32/nios2-elf/lib/mhw-mulx\libc.a(lib_a-impure.o)
 *fill*         0x000000000081211a        0x2 
 .rodata.str1.4
                0x000000000081211c        0xc d:/quartus_lite_18.1/nios2eds/bin/gnu/h-x86_64-mingw32/bin/../lib/gcc/nios2-elf/5.3.0/../../../../../H-x86_64-mingw32/nios2-elf/lib/mhw-mulx\libc.a(lib_a-locale.o)
                                         0x12 (size before relaxing)
 .rodata.p05.2768
                0x0000000000812128        0xc d:/quartus_lite_18.1/nios2eds/bin/gnu/h-x86_64-mingw32/bin/../lib/gcc/nios2-elf/5.3.0/../../../../../H-x86_64-mingw32/nios2-elf/lib/mhw-mulx\libc.a(lib_a-mprec.o)
 .rodata.__mprec_tinytens
                0x0000000000812134       0x28 d:/quartus_lite_18.1/nios2eds/bin/gnu/h-x86_64-mingw32/bin/../lib/gcc/nios2-elf/5.3.0/../../../../../H-x86_64-mingw32/nios2-elf/lib/mhw-mulx\libc.a(lib_a-mprec.o)
                0x0000000000812134                __mprec_tinytens
 .rodata.__mprec_bigtens
                0x000000000081215c       0x28 d:/quartus_lite_18.1/nios2eds/bin/gnu/h-x86_64-mingw32/bin/../lib/gcc/nios2-elf/5.3.0/../../../../../H-x86_64-mingw32/nios2-elf/lib/mhw-mulx\libc.a(lib_a-mprec.o)
                0x000000000081215c                __mprec_bigtens
 .rodata.__mprec_tens
                0x0000000000812184       0xc8 d:/quartus_lite_18.1/nios2eds/bin/gnu/h-x86_64-mingw32/bin/../lib/gcc/nios2-elf/5.3.0/../../../../../H-x86_64-mingw32/nios2-elf/lib/mhw-mulx\libc.a(lib_a-mprec.o)
                0x0000000000812184                __mprec_tens
 .rodata.str1.4
                0x000000000081224c       0x2f d:/quartus_lite_18.1/nios2eds/bin/gnu/h-x86_64-mingw32/bin/../lib/gcc/nios2-elf/5.3.0/../../../../../H-x86_64-mingw32/nios2-elf/lib/mhw-mulx\libc.a(lib_a-vfiprintf.o)
 .rodata.zeroes.4349
                0x000000000081224c       0x10 d:/quartus_lite_18.1/nios2eds/bin/gnu/h-x86_64-mingw32/bin/../lib/gcc/nios2-elf/5.3.0/../../../../../H-x86_64-mingw32/nios2-elf/lib/mhw-mulx\libc.a(lib_a-vfiprintf.o)
 .rodata.blanks.4348
                0x000000000081225c       0x10 d:/quartus_lite_18.1/nios2eds/bin/gnu/h-x86_64-mingw32/bin/../lib/gcc/nios2-elf/5.3.0/../../../../../H-x86_64-mingw32/nios2-elf/lib/mhw-mulx\libc.a(lib_a-vfiprintf.o)
 .rodata        0x000000000081226c        0xa ../task6_bsp/\libhal_bsp.a(alt_dev.o)
 *fill*         0x0000000000812276        0x2 
 .rodata        0x0000000000812278        0xf ../task6_bsp/\libhal_bsp.a(alt_main.o)
 *fill*         0x0000000000812287        0x1 
 .rodata        0x0000000000812288        0xf ../task6_bsp/\libhal_bsp.a(alt_sys_init.o)
 *(.rodata1)
                0x0000000000812298                . = ALIGN (0x4)
 *fill*         0x0000000000812297        0x1 
                0x0000000000812298                PROVIDE (__ram_rodata_end, ABSOLUTE (.))
                0x0000000000811d98                PROVIDE (__flash_rodata_start, LOADADDR (.rodata))

.rwdata         0x0000000000812298     0x1aec load address 0x0000000000813d84
                0x0000000000812298                PROVIDE (__ram_rwdata_start, ABSOLUTE (.))
                0x0000000000812298                . = ALIGN (0x4)
 *(.got.plt)
 *(.got)
 *(.data1)
 *(.data .data.* .gnu.linkonce.d.*)
 .data          0x0000000000812298        0x0 ../task6_bsp//obj/HAL/src/crt0.o
 .data          0x0000000000812298        0x0 obj/default/hello_world.o
 .data          0x0000000000812298        0x0 d:/quartus_lite_18.1/nios2eds/bin/gnu/h-x86_64-mingw32/bin/../lib/gcc/nios2-elf/5.3.0/../../../../../H-x86_64-mingw32/nios2-elf/lib/mhw-mulx\libm.a(lib_a-s_cos.o)
 .data          0x0000000000812298        0x0 d:/quartus_lite_18.1/nios2eds/bin/gnu/h-x86_64-mingw32/bin/../lib/gcc/nios2-elf/5.3.0/../../../../../H-x86_64-mingw32/nios2-elf/lib/mhw-mulx\libm.a(lib_a-e_rem_pio2.o)
 .data          0x0000000000812298        0x0 d:/quartus_lite_18.1/nios2eds/bin/gnu/h-x86_64-mingw32/bin/../lib/gcc/nios2-elf/5.3.0/../../../../../H-x86_64-mingw32/nios2-elf/lib/mhw-mulx\libm.a(lib_a-k_cos.o)
 .data          0x0000000000812298        0x0 d:/quartus_lite_18.1/nios2eds/bin/gnu/h-x86_64-mingw32/bin/../lib/gcc/nios2-elf/5.3.0/../../../../../H-x86_64-mingw32/nios2-elf/lib/mhw-mulx\libm.a(lib_a-k_rem_pio2.o)
 .data          0x0000000000812298        0x0 d:/quartus_lite_18.1/nios2eds/bin/gnu/h-x86_64-mingw32/bin/../lib/gcc/nios2-elf/5.3.0/../../../../../H-x86_64-mingw32/nios2-elf/lib/mhw-mulx\libm.a(lib_a-k_sin.o)
 .data          0x0000000000812298        0x0 d:/quartus_lite_18.1/nios2eds/bin/gnu/h-x86_64-mingw32/bin/../lib/gcc/nios2-elf/5.3.0/../../../../../H-x86_64-mingw32/nios2-elf/lib/mhw-mulx\libm.a(lib_a-s_fabs.o)
 .data          0x0000000000812298        0x0 d:/quartus_lite_18.1/nios2eds/bin/gnu/h-x86_64-mingw32/bin/../lib/gcc/nios2-elf/5.3.0/../../../../../H-x86_64-mingw32/nios2-elf/lib/mhw-mulx\libm.a(lib_a-s_floor.o)
 .data          0x0000000000812298        0x0 d:/quartus_lite_18.1/nios2eds/bin/gnu/h-x86_64-mingw32/bin/../lib/gcc/nios2-elf/5.3.0/../../../../../H-x86_64-mingw32/nios2-elf/lib/mhw-mulx\libm.a(lib_a-s_scalbn.o)
 .data          0x0000000000812298        0x0 d:/quartus_lite_18.1/nios2eds/bin/gnu/h-x86_64-mingw32/bin/../lib/gcc/nios2-elf/5.3.0/../../../../../H-x86_64-mingw32/nios2-elf/lib/mhw-mulx\libm.a(lib_a-s_copysign.o)
 .data          0x0000000000812298        0x0 d:/quartus_lite_18.1/nios2eds/bin/gnu/h-x86_64-mingw32/bin/../lib/gcc/nios2-elf/5.3.0/mhw-mulx\libgcc.a(lib2-divmod.o)
 .data          0x0000000000812298        0x0 d:/quartus_lite_18.1/nios2eds/bin/gnu/h-x86_64-mingw32/bin/../lib/gcc/nios2-elf/5.3.0/mhw-mulx\libgcc.a(fixsfsi.o)
 .data          0x0000000000812298        0x0 d:/quartus_lite_18.1/nios2eds/bin/gnu/h-x86_64-mingw32/bin/../lib/gcc/nios2-elf/5.3.0/mhw-mulx\libgcc.a(floatsisf.o)
 .data          0x0000000000812298        0x0 d:/quartus_lite_18.1/nios2eds/bin/gnu/h-x86_64-mingw32/bin/../lib/gcc/nios2-elf/5.3.0/mhw-mulx\libgcc.a(adddf3.o)
 .data          0x0000000000812298        0x0 d:/quartus_lite_18.1/nios2eds/bin/gnu/h-x86_64-mingw32/bin/../lib/gcc/nios2-elf/5.3.0/mhw-mulx\libgcc.a(eqdf2.o)
 .data          0x0000000000812298        0x0 d:/quartus_lite_18.1/nios2eds/bin/gnu/h-x86_64-mingw32/bin/../lib/gcc/nios2-elf/5.3.0/mhw-mulx\libgcc.a(gedf2.o)
 .data          0x0000000000812298        0x0 d:/quartus_lite_18.1/nios2eds/bin/gnu/h-x86_64-mingw32/bin/../lib/gcc/nios2-elf/5.3.0/mhw-mulx\libgcc.a(muldf3.o)
 .data          0x0000000000812298        0x0 d:/quartus_lite_18.1/nios2eds/bin/gnu/h-x86_64-mingw32/bin/../lib/gcc/nios2-elf/5.3.0/mhw-mulx\libgcc.a(subdf3.o)
 .data          0x0000000000812298        0x0 d:/quartus_lite_18.1/nios2eds/bin/gnu/h-x86_64-mingw32/bin/../lib/gcc/nios2-elf/5.3.0/mhw-mulx\libgcc.a(fixdfsi.o)
 .data          0x0000000000812298        0x0 d:/quartus_lite_18.1/nios2eds/bin/gnu/h-x86_64-mingw32/bin/../lib/gcc/nios2-elf/5.3.0/mhw-mulx\libgcc.a(floatsidf.o)
 .data          0x0000000000812298        0x0 d:/quartus_lite_18.1/nios2eds/bin/gnu/h-x86_64-mingw32/bin/../lib/gcc/nios2-elf/5.3.0/mhw-mulx\libgcc.a(extendsfdf2.o)
 .data          0x0000000000812298        0x0 d:/quartus_lite_18.1/nios2eds/bin/gnu/h-x86_64-mingw32/bin/../lib/gcc/nios2-elf/5.3.0/mhw-mulx\libgcc.a(truncdfsf2.o)
 .data          0x0000000000812298        0x0 d:/quartus_lite_18.1/nios2eds/bin/gnu/h-x86_64-mingw32/bin/../lib/gcc/nios2-elf/5.3.0/mhw-mulx\libgcc.a(_clzsi2.o)
 .data          0x0000000000812298        0x0 d:/quartus_lite_18.1/nios2eds/bin/gnu/h-x86_64-mingw32/bin/../lib/gcc/nios2-elf/5.3.0/mhw-mulx\libgcc.a(_clz.o)
 .data          0x0000000000812298        0x0 d:/quartus_lite_18.1/nios2eds/bin/gnu/h-x86_64-mingw32/bin/../lib/gcc/nios2-elf/5.3.0/../../../../../H-x86_64-mingw32/nios2-elf/lib/mhw-mulx\libc.a(lib_a-printf.o)
 .data          0x0000000000812298        0x0 d:/quartus_lite_18.1/nios2eds/bin/gnu/h-x86_64-mingw32/bin/../lib/gcc/nios2-elf/5.3.0/../../../../../H-x86_64-mingw32/nios2-elf/lib/mhw-mulx\libc.a(lib_a-puts.o)
 .data          0x0000000000812298        0x0 d:/quartus_lite_18.1/nios2eds/bin/gnu/h-x86_64-mingw32/bin/../lib/gcc/nios2-elf/5.3.0/../../../../../H-x86_64-mingw32/nios2-elf/lib/mhw-mulx\libc.a(lib_a-strlen.o)
 .data          0x0000000000812298        0x0 d:/quartus_lite_18.1/nios2eds/bin/gnu/h-x86_64-mingw32/bin/../lib/gcc/nios2-elf/5.3.0/../../../../../H-x86_64-mingw32/nios2-elf/lib/mhw-mulx\libc.a(lib_a-vfprintf.o)
 .data          0x0000000000812298        0x0 d:/quartus_lite_18.1/nios2eds/bin/gnu/h-x86_64-mingw32/bin/../lib/gcc/nios2-elf/5.3.0/../../../../../H-x86_64-mingw32/nios2-elf/lib/mhw-mulx\libc.a(lib_a-wsetup.o)
 .data          0x0000000000812298        0x0 d:/quartus_lite_18.1/nios2eds/bin/gnu/h-x86_64-mingw32/bin/../lib/gcc/nios2-elf/5.3.0/../../../../../H-x86_64-mingw32/nios2-elf/lib/mhw-mulx\libc.a(lib_a-dtoa.o)
 .data          0x0000000000812298        0x0 d:/quartus_lite_18.1/nios2eds/bin/gnu/h-x86_64-mingw32/bin/../lib/gcc/nios2-elf/5.3.0/../../../../../H-x86_64-mingw32/nios2-elf/lib/mhw-mulx\libc.a(lib_a-fflush.o)
 .data          0x0000000000812298        0x0 d:/quartus_lite_18.1/nios2eds/bin/gnu/h-x86_64-mingw32/bin/../lib/gcc/nios2-elf/5.3.0/../../../../../H-x86_64-mingw32/nios2-elf/lib/mhw-mulx\libc.a(lib_a-findfp.o)
 .data          0x0000000000812298        0x0 d:/quartus_lite_18.1/nios2eds/bin/gnu/h-x86_64-mingw32/bin/../lib/gcc/nios2-elf/5.3.0/../../../../../H-x86_64-mingw32/nios2-elf/lib/mhw-mulx\libc.a(lib_a-freer.o)
 .data          0x0000000000812298        0x0 d:/quartus_lite_18.1/nios2eds/bin/gnu/h-x86_64-mingw32/bin/../lib/gcc/nios2-elf/5.3.0/../../../../../H-x86_64-mingw32/nios2-elf/lib/mhw-mulx\libc.a(lib_a-fvwrite.o)
 .data          0x0000000000812298        0x0 d:/quartus_lite_18.1/nios2eds/bin/gnu/h-x86_64-mingw32/bin/../lib/gcc/nios2-elf/5.3.0/../../../../../H-x86_64-mingw32/nios2-elf/lib/mhw-mulx\libc.a(lib_a-fwalk.o)
 .data          0x0000000000812298        0x0 d:/quartus_lite_18.1/nios2eds/bin/gnu/h-x86_64-mingw32/bin/../lib/gcc/nios2-elf/5.3.0/../../../../../H-x86_64-mingw32/nios2-elf/lib/mhw-mulx\libc.a(lib_a-impure.o)
 .data.impure_data
                0x0000000000812298      0x424 d:/quartus_lite_18.1/nios2eds/bin/gnu/h-x86_64-mingw32/bin/../lib/gcc/nios2-elf/5.3.0/../../../../../H-x86_64-mingw32/nios2-elf/lib/mhw-mulx\libc.a(lib_a-impure.o)
 .data          0x00000000008126bc        0x0 d:/quartus_lite_18.1/nios2eds/bin/gnu/h-x86_64-mingw32/bin/../lib/gcc/nios2-elf/5.3.0/../../../../../H-x86_64-mingw32/nios2-elf/lib/mhw-mulx\libc.a(lib_a-locale.o)
 .data.lc_message_charset
                0x00000000008126bc       0x20 d:/quartus_lite_18.1/nios2eds/bin/gnu/h-x86_64-mingw32/bin/../lib/gcc/nios2-elf/5.3.0/../../../../../H-x86_64-mingw32/nios2-elf/lib/mhw-mulx\libc.a(lib_a-locale.o)
 .data.lc_ctype_charset
                0x00000000008126dc       0x20 d:/quartus_lite_18.1/nios2eds/bin/gnu/h-x86_64-mingw32/bin/../lib/gcc/nios2-elf/5.3.0/../../../../../H-x86_64-mingw32/nios2-elf/lib/mhw-mulx\libc.a(lib_a-locale.o)
 .data.lconv    0x00000000008126fc       0x38 d:/quartus_lite_18.1/nios2eds/bin/gnu/h-x86_64-mingw32/bin/../lib/gcc/nios2-elf/5.3.0/../../../../../H-x86_64-mingw32/nios2-elf/lib/mhw-mulx\libc.a(lib_a-locale.o)
 .data          0x0000000000812734        0x0 d:/quartus_lite_18.1/nios2eds/bin/gnu/h-x86_64-mingw32/bin/../lib/gcc/nios2-elf/5.3.0/../../../../../H-x86_64-mingw32/nios2-elf/lib/mhw-mulx\libc.a(lib_a-makebuf.o)
 .data          0x0000000000812734        0x0 d:/quartus_lite_18.1/nios2eds/bin/gnu/h-x86_64-mingw32/bin/../lib/gcc/nios2-elf/5.3.0/../../../../../H-x86_64-mingw32/nios2-elf/lib/mhw-mulx\libc.a(lib_a-mallocr.o)
 .data.__malloc_av_
                0x0000000000812734      0x408 d:/quartus_lite_18.1/nios2eds/bin/gnu/h-x86_64-mingw32/bin/../lib/gcc/nios2-elf/5.3.0/../../../../../H-x86_64-mingw32/nios2-elf/lib/mhw-mulx\libc.a(lib_a-mallocr.o)
                0x0000000000812734                __malloc_av_
 .data          0x0000000000812b3c        0x0 d:/quartus_lite_18.1/nios2eds/bin/gnu/h-x86_64-mingw32/bin/../lib/gcc/nios2-elf/5.3.0/../../../../../H-x86_64-mingw32/nios2-elf/lib/mhw-mulx\libc.a(lib_a-memchr.o)
 .data          0x0000000000812b3c        0x0 d:/quartus_lite_18.1/nios2eds/bin/gnu/h-x86_64-mingw32/bin/../lib/gcc/nios2-elf/5.3.0/../../../../../H-x86_64-mingw32/nios2-elf/lib/mhw-mulx\libc.a(lib_a-memcpy.o)
 .data          0x0000000000812b3c        0x0 d:/quartus_lite_18.1/nios2eds/bin/gnu/h-x86_64-mingw32/bin/../lib/gcc/nios2-elf/5.3.0/../../../../../H-x86_64-mingw32/nios2-elf/lib/mhw-mulx\libc.a(lib_a-memmove.o)
 .data          0x0000000000812b3c        0x0 d:/quartus_lite_18.1/nios2eds/bin/gnu/h-x86_64-mingw32/bin/../lib/gcc/nios2-elf/5.3.0/../../../../../H-x86_64-mingw32/nios2-elf/lib/mhw-mulx\libc.a(lib_a-memset.o)
 .data          0x0000000000812b3c        0x0 d:/quartus_lite_18.1/nios2eds/bin/gnu/h-x86_64-mingw32/bin/../lib/gcc/nios2-elf/5.3.0/../../../../../H-x86_64-mingw32/nios2-elf/lib/mhw-mulx\libc.a(lib_a-mprec.o)
 .data          0x0000000000812b3c        0x0 d:/quartus_lite_18.1/nios2eds/bin/gnu/h-x86_64-mingw32/bin/../lib/gcc/nios2-elf/5.3.0/../../../../../H-x86_64-mingw32/nios2-elf/lib/mhw-mulx\libc.a(lib_a-reallocr.o)
 .data          0x0000000000812b3c        0x0 d:/quartus_lite_18.1/nios2eds/bin/gnu/h-x86_64-mingw32/bin/../lib/gcc/nios2-elf/5.3.0/../../../../../H-x86_64-mingw32/nios2-elf/lib/mhw-mulx\libc.a(lib_a-s_fpclassify.o)
 .data          0x0000000000812b3c        0x0 d:/quartus_lite_18.1/nios2eds/bin/gnu/h-x86_64-mingw32/bin/../lib/gcc/nios2-elf/5.3.0/../../../../../H-x86_64-mingw32/nios2-elf/lib/mhw-mulx\libc.a(lib_a-sbrkr.o)
 .data          0x0000000000812b3c        0x0 d:/quartus_lite_18.1/nios2eds/bin/gnu/h-x86_64-mingw32/bin/../lib/gcc/nios2-elf/5.3.0/../../../../../H-x86_64-mingw32/nios2-elf/lib/mhw-mulx\libc.a(lib_a-stdio.o)
 .data          0x0000000000812b3c        0x0 d:/quartus_lite_18.1/nios2eds/bin/gnu/h-x86_64-mingw32/bin/../lib/gcc/nios2-elf/5.3.0/../../../../../H-x86_64-mingw32/nios2-elf/lib/mhw-mulx\libc.a(lib_a-strcmp.o)
 .data          0x0000000000812b3c        0x0 d:/quartus_lite_18.1/nios2eds/bin/gnu/h-x86_64-mingw32/bin/../lib/gcc/nios2-elf/5.3.0/../../../../../H-x86_64-mingw32/nios2-elf/lib/mhw-mulx\libc.a(lib_a-vfiprintf.o)
 .data          0x0000000000812b3c        0x0 d:/quartus_lite_18.1/nios2eds/bin/gnu/h-x86_64-mingw32/bin/../lib/gcc/nios2-elf/5.3.0/../../../../../H-x86_64-mingw32/nios2-elf/lib/mhw-mulx\libc.a(lib_a-writer.o)
 .data          0x0000000000812b3c        0x0 d:/quartus_lite_18.1/nios2eds/bin/gnu/h-x86_64-mingw32/bin/../lib/gcc/nios2-elf/5.3.0/../../../../../H-x86_64-mingw32/nios2-elf/lib/mhw-mulx\libc.a(closer.o)
 .data          0x0000000000812b3c        0x0 d:/quartus_lite_18.1/nios2eds/bin/gnu/h-x86_64-mingw32/bin/../lib/gcc/nios2-elf/5.3.0/../../../../../H-x86_64-mingw32/nios2-elf/lib/mhw-mulx\libc.a(lib_a-callocr.o)
 .data          0x0000000000812b3c        0x0 d:/quartus_lite_18.1/nios2eds/bin/gnu/h-x86_64-mingw32/bin/../lib/gcc/nios2-elf/5.3.0/../../../../../H-x86_64-mingw32/nios2-elf/lib/mhw-mulx\libc.a(lib_a-fclose.o)
 .data          0x0000000000812b3c        0x0 d:/quartus_lite_18.1/nios2eds/bin/gnu/h-x86_64-mingw32/bin/../lib/gcc/nios2-elf/5.3.0/../../../../../H-x86_64-mingw32/nios2-elf/lib/mhw-mulx\libc.a(lib_a-fputwc.o)
 .data          0x0000000000812b3c        0x0 d:/quartus_lite_18.1/nios2eds/bin/gnu/h-x86_64-mingw32/bin/../lib/gcc/nios2-elf/5.3.0/../../../../../H-x86_64-mingw32/nios2-elf/lib/mhw-mulx\libc.a(lib_a-fstatr.o)
 .data          0x0000000000812b3c        0x0 d:/quartus_lite_18.1/nios2eds/bin/gnu/h-x86_64-mingw32/bin/../lib/gcc/nios2-elf/5.3.0/../../../../../H-x86_64-mingw32/nios2-elf/lib/mhw-mulx\libc.a(lib_a-int_errno.o)
 .data          0x0000000000812b3c        0x0 d:/quartus_lite_18.1/nios2eds/bin/gnu/h-x86_64-mingw32/bin/../lib/gcc/nios2-elf/5.3.0/../../../../../H-x86_64-mingw32/nios2-elf/lib/mhw-mulx\libc.a(lib_a-isattyr.o)
 .data          0x0000000000812b3c        0x0 d:/quartus_lite_18.1/nios2eds/bin/gnu/h-x86_64-mingw32/bin/../lib/gcc/nios2-elf/5.3.0/../../../../../H-x86_64-mingw32/nios2-elf/lib/mhw-mulx\libc.a(lib_a-lseekr.o)
 .data          0x0000000000812b3c        0x0 d:/quartus_lite_18.1/nios2eds/bin/gnu/h-x86_64-mingw32/bin/../lib/gcc/nios2-elf/5.3.0/../../../../../H-x86_64-mingw32/nios2-elf/lib/mhw-mulx\libc.a(lib_a-readr.o)
 .data          0x0000000000812b3c        0x0 d:/quartus_lite_18.1/nios2eds/bin/gnu/h-x86_64-mingw32/bin/../lib/gcc/nios2-elf/5.3.0/../../../../../H-x86_64-mingw32/nios2-elf/lib/mhw-mulx\libc.a(lib_a-wbuf.o)
 .data          0x0000000000812b3c        0x0 d:/quartus_lite_18.1/nios2eds/bin/gnu/h-x86_64-mingw32/bin/../lib/gcc/nios2-elf/5.3.0/../../../../../H-x86_64-mingw32/nios2-elf/lib/mhw-mulx\libc.a(lib_a-wcrtomb.o)
 .data          0x0000000000812b3c        0x0 d:/quartus_lite_18.1/nios2eds/bin/gnu/h-x86_64-mingw32/bin/../lib/gcc/nios2-elf/5.3.0/../../../../../H-x86_64-mingw32/nios2-elf/lib/mhw-mulx\libc.a(lib_a-wctomb_r.o)
 .data          0x0000000000812b3c        0x0 d:/quartus_lite_18.1/nios2eds/bin/gnu/h-x86_64-mingw32/bin/../lib/gcc/nios2-elf/5.3.0/mhw-mulx\libgcc.a(_udivdi3.o)
 .data          0x0000000000812b3c        0x0 d:/quartus_lite_18.1/nios2eds/bin/gnu/h-x86_64-mingw32/bin/../lib/gcc/nios2-elf/5.3.0/mhw-mulx\libgcc.a(_umoddi3.o)
 .data          0x0000000000812b3c        0x0 d:/quartus_lite_18.1/nios2eds/bin/gnu/h-x86_64-mingw32/bin/../lib/gcc/nios2-elf/5.3.0/mhw-mulx\libgcc.a(divdf3.o)
 .data          0x0000000000812b3c        0x0 d:/quartus_lite_18.1/nios2eds/bin/gnu/h-x86_64-mingw32/bin/../lib/gcc/nios2-elf/5.3.0/mhw-mulx\libgcc.a(ledf2.o)
 .data          0x0000000000812b3c        0x0 d:/quartus_lite_18.1/nios2eds/bin/gnu/h-x86_64-mingw32/bin/../lib/gcc/nios2-elf/5.3.0/mhw-mulx\libgcc.a(floatunsidf.o)
 .data          0x0000000000812b3c        0x0 ../task6_bsp/\libhal_bsp.a(alt_close.o)
 .data          0x0000000000812b3c      0x1a8 ../task6_bsp/\libhal_bsp.a(alt_dev.o)
                0x0000000000812b3c                alt_dev_null
                0x0000000000812b64                alt_fd_list
 .data          0x0000000000812ce4        0x0 ../task6_bsp/\libhal_bsp.a(alt_errno.o)
 .data          0x0000000000812ce4        0x0 ../task6_bsp/\libhal_bsp.a(alt_fstat.o)
 .data          0x0000000000812ce4        0x0 ../task6_bsp/\libhal_bsp.a(alt_isatty.o)
 .data          0x0000000000812ce4        0x0 ../task6_bsp/\libhal_bsp.a(alt_load.o)
 .data          0x0000000000812ce4        0x0 ../task6_bsp/\libhal_bsp.a(alt_lseek.o)
 .data          0x0000000000812ce4        0x0 ../task6_bsp/\libhal_bsp.a(alt_main.o)
 .data          0x0000000000812ce4        0x0 ../task6_bsp/\libhal_bsp.a(alt_malloc_lock.o)
 .data          0x0000000000812ce4        0x0 ../task6_bsp/\libhal_bsp.a(alt_read.o)
 .data          0x0000000000812ce4        0x0 ../task6_bsp/\libhal_bsp.a(alt_release_fd.o)
 .data          0x0000000000812ce4        0x0 ../task6_bsp/\libhal_bsp.a(alt_sbrk.o)
 .data          0x0000000000812ce4        0x0 ../task6_bsp/\libhal_bsp.a(alt_times.o)
 .data          0x0000000000812ce4        0x0 ../task6_bsp/\libhal_bsp.a(alt_write.o)
 .data          0x0000000000812ce4     0x1060 ../task6_bsp/\libhal_bsp.a(alt_sys_init.o)
 .data          0x0000000000813d44        0x0 ../task6_bsp/\libhal_bsp.a(altera_avalon_jtag_uart_fd.o)
 .data          0x0000000000813d44        0x0 ../task6_bsp/\libhal_bsp.a(altera_avalon_jtag_uart_init.o)
 .data          0x0000000000813d44        0x0 ../task6_bsp/\libhal_bsp.a(altera_avalon_jtag_uart_ioctl.o)
 .data          0x0000000000813d44        0x0 ../task6_bsp/\libhal_bsp.a(altera_avalon_jtag_uart_read.o)
 .data          0x0000000000813d44        0x0 ../task6_bsp/\libhal_bsp.a(altera_avalon_jtag_uart_write.o)
 .data          0x0000000000813d44        0x0 ../task6_bsp/\libhal_bsp.a(altera_avalon_timer_sc.o)
 .data          0x0000000000813d44        0x0 ../task6_bsp/\libhal_bsp.a(alt_alarm_start.o)
 .data          0x0000000000813d44        0x0 ../task6_bsp/\libhal_bsp.a(alt_dcache_flush_all.o)
 .data          0x0000000000813d44        0x0 ../task6_bsp/\libhal_bsp.a(alt_dev_llist_insert.o)
 .data          0x0000000000813d44        0x0 ../task6_bsp/\libhal_bsp.a(alt_do_ctors.o)
 .data          0x0000000000813d44        0x0 ../task6_bsp/\libhal_bsp.a(alt_do_dtors.o)
 .data          0x0000000000813d44        0x0 ../task6_bsp/\libhal_bsp.a(alt_icache_flush_all.o)
 .data          0x0000000000813d44        0x0 ../task6_bsp/\libhal_bsp.a(alt_iic.o)
 .data          0x0000000000813d44        0x0 ../task6_bsp/\libhal_bsp.a(alt_iic_isr_register.o)
 .data          0x0000000000813d44        0x0 ../task6_bsp/\libhal_bsp.a(alt_io_redirect.o)
 .data          0x0000000000813d44        0x0 ../task6_bsp/\libhal_bsp.a(alt_irq_entry.o)
 .data          0x0000000000813d44        0x0 ../task6_bsp/\libhal_bsp.a(alt_irq_handler.o)
 .data          0x0000000000813d44        0x0 ../task6_bsp/\libhal_bsp.a(alt_irq_vars.o)
 .data          0x0000000000813d44        0x0 ../task6_bsp/\libhal_bsp.a(alt_open.o)
 .data          0x0000000000813d44        0x0 ../task6_bsp/\libhal_bsp.a(alt_tick.o)
 .data          0x0000000000813d44        0x0 ../task6_bsp/\libhal_bsp.a(altera_nios2_gen2_irq.o)
 .data          0x0000000000813d44        0x0 ../task6_bsp/\libhal_bsp.a(alt_exception_entry.o)
 .data          0x0000000000813d44        0x0 ../task6_bsp/\libhal_bsp.a(alt_find_dev.o)
 .data          0x0000000000813d44        0x0 ../task6_bsp/\libhal_bsp.a(alt_find_file.o)
 .data          0x0000000000813d44        0x0 ../task6_bsp/\libhal_bsp.a(alt_get_fd.o)
 .data          0x0000000000813d44        0x0 ../task6_bsp/\libhal_bsp.a(alt_icache_flush.o)
 .data          0x0000000000813d44        0x0 ../task6_bsp/\libhal_bsp.a(alt_instruction_exception_entry.o)
 .data          0x0000000000813d44        0x0 d:/quartus_lite_18.1/nios2eds/bin/gnu/h-x86_64-mingw32/bin/../lib/gcc/nios2-elf/5.3.0/../../../../../H-x86_64-mingw32/nios2-elf/lib/mhw-mulx\libc.a(lib_a-atexit.o)
 .data          0x0000000000813d44        0x0 d:/quartus_lite_18.1/nios2eds/bin/gnu/h-x86_64-mingw32/bin/../lib/gcc/nios2-elf/5.3.0/../../../../../H-x86_64-mingw32/nios2-elf/lib/mhw-mulx\libc.a(lib_a-exit.o)
 .data          0x0000000000813d44        0x0 d:/quartus_lite_18.1/nios2eds/bin/gnu/h-x86_64-mingw32/bin/../lib/gcc/nios2-elf/5.3.0/../../../../../H-x86_64-mingw32/nios2-elf/lib/mhw-mulx\libc.a(lib_a-memcmp.o)
 .data          0x0000000000813d44        0x0 d:/quartus_lite_18.1/nios2eds/bin/gnu/h-x86_64-mingw32/bin/../lib/gcc/nios2-elf/5.3.0/../../../../../H-x86_64-mingw32/nios2-elf/lib/mhw-mulx\libc.a(lib_a-__atexit.o)
 .data          0x0000000000813d44        0x0 d:/quartus_lite_18.1/nios2eds/bin/gnu/h-x86_64-mingw32/bin/../lib/gcc/nios2-elf/5.3.0/../../../../../H-x86_64-mingw32/nios2-elf/lib/mhw-mulx\libc.a(lib_a-__call_atexit.o)
 .data          0x0000000000813d44        0x0 ../task6_bsp/\libhal_bsp.a(alt_exit.o)
                0x000000000081bd44                _gp = ABSOLUTE ((. + 0x8000))
                [!provide]                        PROVIDE (gp, _gp)
 *(.rwdata .rwdata.*)
 *(.sdata .sdata.* .gnu.linkonce.s.*)
 .sdata._global_impure_ptr
                0x0000000000813d44        0x4 d:/quartus_lite_18.1/nios2eds/bin/gnu/h-x86_64-mingw32/bin/../lib/gcc/nios2-elf/5.3.0/../../../../../H-x86_64-mingw32/nios2-elf/lib/mhw-mulx\libc.a(lib_a-impure.o)
                0x0000000000813d44                _global_impure_ptr
 .sdata._impure_ptr
                0x0000000000813d48        0x4 d:/quartus_lite_18.1/nios2eds/bin/gnu/h-x86_64-mingw32/bin/../lib/gcc/nios2-elf/5.3.0/../../../../../H-x86_64-mingw32/nios2-elf/lib/mhw-mulx\libc.a(lib_a-impure.o)
                0x0000000000813d48                _impure_ptr
 .sdata.__mb_cur_max
                0x0000000000813d4c        0x4 d:/quartus_lite_18.1/nios2eds/bin/gnu/h-x86_64-mingw32/bin/../lib/gcc/nios2-elf/5.3.0/../../../../../H-x86_64-mingw32/nios2-elf/lib/mhw-mulx\libc.a(lib_a-locale.o)
                0x0000000000813d4c                __mb_cur_max
 .sdata.__malloc_sbrk_base
                0x0000000000813d50        0x4 d:/quartus_lite_18.1/nios2eds/bin/gnu/h-x86_64-mingw32/bin/../lib/gcc/nios2-elf/5.3.0/../../../../../H-x86_64-mingw32/nios2-elf/lib/mhw-mulx\libc.a(lib_a-mallocr.o)
                0x0000000000813d50                __malloc_sbrk_base
 .sdata.__malloc_trim_threshold
                0x0000000000813d54        0x4 d:/quartus_lite_18.1/nios2eds/bin/gnu/h-x86_64-mingw32/bin/../lib/gcc/nios2-elf/5.3.0/../../../../../H-x86_64-mingw32/nios2-elf/lib/mhw-mulx\libc.a(lib_a-mallocr.o)
                0x0000000000813d54                __malloc_trim_threshold
 .sdata.__wctomb
                0x0000000000813d58        0x4 d:/quartus_lite_18.1/nios2eds/bin/gnu/h-x86_64-mingw32/bin/../lib/gcc/nios2-elf/5.3.0/../../../../../H-x86_64-mingw32/nios2-elf/lib/mhw-mulx\libc.a(lib_a-wctomb_r.o)
                0x0000000000813d58                __wctomb
 .sdata         0x0000000000813d5c       0x14 ../task6_bsp/\libhal_bsp.a(alt_dev.o)
                0x0000000000813d5c                alt_fs_list
                0x0000000000813d64                alt_dev_list
                0x0000000000813d6c                alt_max_fd
 .sdata         0x0000000000813d70        0x4 ../task6_bsp/\libhal_bsp.a(alt_errno.o)
                0x0000000000813d70                alt_errno
 .sdata         0x0000000000813d74        0x4 ../task6_bsp/\libhal_bsp.a(alt_sbrk.o)
 .sdata         0x0000000000813d78        0x4 ../task6_bsp/\libhal_bsp.a(alt_irq_vars.o)
                0x0000000000813d78                alt_priority_mask
 .sdata         0x0000000000813d7c        0x8 ../task6_bsp/\libhal_bsp.a(alt_tick.o)
                0x0000000000813d7c                alt_alarm_list
 *(.sdata2 .sdata2.* .gnu.linkonce.s2.*)
                0x0000000000813d84                . = ALIGN (0x4)
                0x0000000000813d84                _edata = ABSOLUTE (.)
                [!provide]                        PROVIDE (edata, ABSOLUTE (.))
                0x0000000000813d84                PROVIDE (__ram_rwdata_end, ABSOLUTE (.))
                0x0000000000813d84                PROVIDE (__flash_rwdata_start, LOADADDR (.rwdata))

.bss            0x0000000000815870      0x700
                0x0000000000815870                __bss_start = ABSOLUTE (.)
                [!provide]                        PROVIDE (__sbss_start, ABSOLUTE (.))
                [!provide]                        PROVIDE (___sbss_start, ABSOLUTE (.))
 *(.dynsbss)
 *(.sbss .sbss.* .gnu.linkonce.sb.*)
 .sbss._PathLocale
                0x0000000000815870        0x4 d:/quartus_lite_18.1/nios2eds/bin/gnu/h-x86_64-mingw32/bin/../lib/gcc/nios2-elf/5.3.0/../../../../../H-x86_64-mingw32/nios2-elf/lib/mhw-mulx\libc.a(lib_a-locale.o)
                0x0000000000815870                _PathLocale
 .sbss.__mlocale_changed
                0x0000000000815874        0x4 d:/quartus_lite_18.1/nios2eds/bin/gnu/h-x86_64-mingw32/bin/../lib/gcc/nios2-elf/5.3.0/../../../../../H-x86_64-mingw32/nios2-elf/lib/mhw-mulx\libc.a(lib_a-locale.o)
                0x0000000000815874                __mlocale_changed
 .sbss.__nlocale_changed
                0x0000000000815878        0x4 d:/quartus_lite_18.1/nios2eds/bin/gnu/h-x86_64-mingw32/bin/../lib/gcc/nios2-elf/5.3.0/../../../../../H-x86_64-mingw32/nios2-elf/lib/mhw-mulx\libc.a(lib_a-locale.o)
                0x0000000000815878                __nlocale_changed
 .sbss.__malloc_max_total_mem
                0x000000000081587c        0x4 d:/quartus_lite_18.1/nios2eds/bin/gnu/h-x86_64-mingw32/bin/../lib/gcc/nios2-elf/5.3.0/../../../../../H-x86_64-mingw32/nios2-elf/lib/mhw-mulx\libc.a(lib_a-mallocr.o)
                0x000000000081587c                __malloc_max_total_mem
 .sbss.__malloc_max_sbrked_mem
                0x0000000000815880        0x4 d:/quartus_lite_18.1/nios2eds/bin/gnu/h-x86_64-mingw32/bin/../lib/gcc/nios2-elf/5.3.0/../../../../../H-x86_64-mingw32/nios2-elf/lib/mhw-mulx\libc.a(lib_a-mallocr.o)
                0x0000000000815880                __malloc_max_sbrked_mem
 .sbss.__malloc_top_pad
                0x0000000000815884        0x4 d:/quartus_lite_18.1/nios2eds/bin/gnu/h-x86_64-mingw32/bin/../lib/gcc/nios2-elf/5.3.0/../../../../../H-x86_64-mingw32/nios2-elf/lib/mhw-mulx\libc.a(lib_a-mallocr.o)
                0x0000000000815884                __malloc_top_pad
 .sbss          0x0000000000815888        0x4 d:/quartus_lite_18.1/nios2eds/bin/gnu/h-x86_64-mingw32/bin/../lib/gcc/nios2-elf/5.3.0/../../../../../H-x86_64-mingw32/nios2-elf/lib/mhw-mulx\libc.a(lib_a-int_errno.o)
                0x0000000000815888                errno
 .sbss          0x000000000081588c        0xc ../task6_bsp/\libhal_bsp.a(alt_main.o)
                0x000000000081588c                alt_argc
                0x0000000000815890                alt_argv
                0x0000000000815894                alt_envp
 .sbss          0x0000000000815898        0x4 ../task6_bsp/\libhal_bsp.a(alt_irq_vars.o)
                0x0000000000815898                alt_irq_active
 .sbss          0x000000000081589c        0x8 ../task6_bsp/\libhal_bsp.a(alt_tick.o)
                0x000000000081589c                _alt_tick_rate
                0x00000000008158a0                _alt_nticks
 .sbss          0x00000000008158a4        0x4 ../task6_bsp/\libhal_bsp.a(alt_instruction_exception_entry.o)
                0x00000000008158a4                alt_instruction_exception_handler
 *(.sbss2 .sbss2.* .gnu.linkonce.sb2.*)
 *(.scommon)
                [!provide]                        PROVIDE (__sbss_end, ABSOLUTE (.))
                [!provide]                        PROVIDE (___sbss_end, ABSOLUTE (.))
 *(.dynbss)
 *(.bss .bss.* .gnu.linkonce.b.*)
 .bss           0x00000000008158a8        0x0 ../task6_bsp//obj/HAL/src/crt0.o
 .bss           0x00000000008158a8        0x0 obj/default/hello_world.o