Archive member included to satisfy reference by file (symbol)

d:/quartus_lite_18.1/nios2eds/bin/gnu/h-x86_64-mingw32/bin/../lib/gcc/nios2-elf/5.3.0/mhw-mulx\libgcc.a(mulsf3.o)
                              obj/default/hello_world.o (__mulsf3)
d:/quartus_lite_18.1/nios2eds/bin/gnu/h-x86_64-mingw32/bin/../lib/gcc/nios2-elf/5.3.0/mhw-mulx\libgcc.a(extendsfdf2.o)
                              obj/default/hello_world.o (__extendsfdf2)
d:/quartus_lite_18.1/nios2eds/bin/gnu/h-x86_64-mingw32/bin/../lib/gcc/nios2-elf/5.3.0/mhw-mulx\libgcc.a(_clzsi2.o)
                              d:/quartus_lite_18.1/nios2eds/bin/gnu/h-x86_64-mingw32/bin/../lib/gcc/nios2-elf/5.3.0/mhw-mulx\libgcc.a(mulsf3.o) (__clzsi2)
d:/quartus_lite_18.1/nios2eds/bin/gnu/h-x86_64-mingw32/bin/../lib/gcc/nios2-elf/5.3.0/mhw-mulx\libgcc.a(_clz.o)
                              d:/quartus_lite_18.1/nios2eds/bin/gnu/h-x86_64-mingw32/bin/../lib/gcc/nios2-elf/5.3.0/mhw-mulx\libgcc.a(_clzsi2.o) (__clz_tab)
d:/quartus_lite_18.1/nios2eds/bin/gnu/h-x86_64-mingw32/bin/../lib/gcc/nios2-elf/5.3.0/../../../../../H-x86_64-mingw32/nios2-elf/lib/mhw-mulx\libc.a(lib_a-printf.o)
                              obj/default/hello_world.o (printf)
d:/quartus_lite_18.1/nios2eds/bin/gnu/h-x86_64-mingw32/bin/../lib/gcc/nios2-elf/5.3.0/../../../../../H-x86_64-mingw32/nios2-elf/lib/mhw-mulx\libc.a(lib_a-puts.o)
                              obj/default/hello_world.o (puts)
d:/quartus_lite_18.1/nios2eds/bin/gnu/h-x86_64-mingw32/bin/../lib/gcc/nios2-elf/5.3.0/../../../../../H-x86_64-mingw32/nios2-elf/lib/mhw-mulx\libc.a(lib_a-strlen.o)
                              d:/quartus_lite_18.1/nios2eds/bin/gnu/h-x86_64-mingw32/bin/../lib/gcc/nios2-elf/5.3.0/../../../../../H-x86_64-mingw32/nios2-elf/lib/mhw-mulx\libc.a(lib_a-puts.o) (strlen)
d:/quartus_lite_18.1/nios2eds/bin/gnu/h-x86_64-mingw32/bin/../lib/gcc/nios2-elf/5.3.0/../../../../../H-x86_64-mingw32/nios2-elf/lib/mhw-mulx\libc.a(lib_a-vfprintf.o)
                              d:/quartus_lite_18.1/nios2eds/bin/gnu/h-x86_64-mingw32/bin/../lib/gcc/nios2-elf/5.3.0/../../../../../H-x86_64-mingw32/nios2-elf/lib/mhw-mulx\libc.a(lib_a-printf.o) (___vfprintf_internal_r)
d:/quartus_lite_18.1/nios2eds/bin/gnu/h-x86_64-mingw32/bin/../lib/gcc/nios2-elf/5.3.0/../../../../../H-x86_64-mingw32/nios2-elf/lib/mhw-mulx\libc.a(lib_a-wsetup.o)
                              d:/quartus_lite_18.1/nios2eds/bin/gnu/h-x86_64-mingw32/bin/../lib/gcc/nios2-elf/5.3.0/../../../../../H-x86_64-mingw32/nios2-elf/lib/mhw-mulx\libc.a(lib_a-vfprintf.o) (__swsetup_r)
d:/quartus_lite_18.1/nios2eds/bin/gnu/h-x86_64-mingw32/bin/../lib/gcc/nios2-elf/5.3.0/../../../../../H-x86_64-mingw32/nios2-elf/lib/mhw-mulx\libc.a(lib_a-dtoa.o)
                              d:/quartus_lite_18.1/nios2eds/bin/gnu/h-x86_64-mingw32/bin/../lib/gcc/nios2-elf/5.3.0/../../../../../H-x86_64-mingw32/nios2-elf/lib/mhw-mulx\libc.a(lib_a-vfprintf.o) (_dtoa_r)
d:/quartus_lite_18.1/nios2eds/bin/gnu/h-x86_64-mingw32/bin/../lib/gcc/nios2-elf/5.3.0/../../../../../H-x86_64-mingw32/nios2-elf/lib/mhw-mulx\libc.a(lib_a-fflush.o)
                              d:/quartus_lite_18.1/nios2eds/bin/gnu/h-x86_64-mingw32/bin/../lib/gcc/nios2-elf/5.3.0/../../../../../H-x86_64-mingw32/nios2-elf/lib/mhw-mulx\libc.a(lib_a-vfprintf.o) (_fflush_r)
d:/quartus_lite_18.1/nios2eds/bin/gnu/h-x86_64-mingw32/bin/../lib/gcc/nios2-elf/5.3.0/../../../../../H-x86_64-mingw32/nios2-elf/lib/mhw-mulx\libc.a(lib_a-findfp.o)
                              d:/quartus_lite_18.1/nios2eds/bin/gnu/h-x86_64-mingw32/bin/../lib/gcc/nios2-elf/5.3.0/../../../../../H-x86_64-mingw32/nios2-elf/lib/mhw-mulx\libc.a(lib_a-puts.o) (__sinit)
d:/quartus_lite_18.1/nios2eds/bin/gnu/h-x86_64-mingw32/bin/../lib/gcc/nios2-elf/5.3.0/../../../../../H-x86_64-mingw32/nios2-elf/lib/mhw-mulx\libc.a(lib_a-freer.o)
                              d:/quartus_lite_18.1/nios2eds/bin/gnu/h-x86_64-mingw32/bin/../lib/gcc/nios2-elf/5.3.0/../../../../../H-x86_64-mingw32/nios2-elf/lib/mhw-mulx\libc.a(lib_a-wsetup.o) (_free_r)
d:/quartus_lite_18.1/nios2eds/bin/gnu/h-x86_64-mingw32/bin/../lib/gcc/nios2-elf/5.3.0/../../../../../H-x86_64-mingw32/nios2-elf/lib/mhw-mulx\libc.a(lib_a-fvwrite.o)
                              d:/quartus_lite_18.1/nios2eds/bin/gnu/h-x86_64-mingw32/bin/../lib/gcc/nios2-elf/5.3.0/../../../../../H-x86_64-mingw32/nios2-elf/lib/mhw-mulx\libc.a(lib_a-puts.o) (__sfvwrite_r)
d:/quartus_lite_18.1/nios2eds/bin/gnu/h-x86_64-mingw32/bin/../lib/gcc/nios2-elf/5.3.0/../../../../../H-x86_64-mingw32/nios2-elf/lib/mhw-mulx\libc.a(lib_a-fwalk.o)
                              d:/quartus_lite_18.1/nios2eds/bin/gnu/h-x86_64-mingw32/bin/../lib/gcc/nios2-elf/5.3.0/../../../../../H-x86_64-mingw32/nios2-elf/lib/mhw-mulx\libc.a(lib_a-findfp.o) (_fwalk)
d:/quartus_lite_18.1/nios2eds/bin/gnu/h-x86_64-mingw32/bin/../lib/gcc/nios2-elf/5.3.0/../../../../../H-x86_64-mingw32/nios2-elf/lib/mhw-mulx\libc.a(lib_a-impure.o)
[...]
Memory Configuration

Name             Origin             Length             Attributes
reset            0x0000000000800000 0x0000000000000020
sdram            0x0000000000800020 0x00000000007fffe0
*default*        0x0000000000000000 0xffffffffffffffff

Linker script and memory map

LOAD ../hello_world_custom_instr_bsp//obj/HAL/src/crt0.o
LOAD obj/default/hello_world.o
LOAD d:/quartus_lite_18.1/nios2eds/bin/gnu/h-x86_64-mingw32/bin/../lib/gcc/nios2-elf/5.3.0/../../../../../H-x86_64-mingw32/nios2-elf/lib/mhw-mulx\libstdc++.a
LOAD d:/quartus_lite_18.1/nios2eds/bin/gnu/h-x86_64-mingw32/bin/../lib/gcc/nios2-elf/5.3.0/../../../../../H-x86_64-mingw32/nios2-elf/lib/mhw-mulx\libm.a
LOAD d:/quartus_lite_18.1/nios2eds/bin/gnu/h-x86_64-mingw32/bin/../lib/gcc/nios2-elf/5.3.0/mhw-mulx\libgcc.a
START GROUP
LOAD d:/quartus_lite_18.1/nios2eds/bin/gnu/h-x86_64-mingw32/bin/../lib/gcc/nios2-elf/5.3.0/../../../../../H-x86_64-mingw32/nios2-elf/lib/mhw-mulx\libc.a
LOAD d:/quartus_lite_18.1/nios2eds/bin/gnu/h-x86_64-mingw32/bin/../lib/gcc/nios2-elf/5.3.0/mhw-mulx\libgcc.a
LOAD ../hello_world_custom_instr_bsp/\libhal_bsp.a
LOAD d:/quartus_lite_18.1/nios2eds/bin/gnu/h-x86_64-mingw32/bin/../lib/gcc/nios2-elf/5.3.0/../../../../../H-x86_64-mingw32/nios2-elf/lib/mhw-mulx\libm.a
END GROUP
LOAD d:/quartus_lite_18.1/nios2eds/bin/gnu/h-x86_64-mingw32/bin/../lib/gcc/nios2-elf/5.3.0/mhw-mulx\libgcc.a
                0x0000000000800000                __alt_mem_sdram = 0x800000

.entry          0x0000000000800000       0x20
 *(.entry)
 .entry         0x0000000000800000       0x20 ../hello_world_custom_instr_bsp//obj/HAL/src/crt0.o
                0x0000000000800000                __reset

.exceptions     0x0000000000800020      0x224
                0x0000000000800020                PROVIDE (__ram_exceptions_start, ABSOLUTE (.))
                0x0000000000800020                . = ALIGN (0x20)
 *(.irq)
 *(.exceptions.entry.label)
 .exceptions.entry.label
                0x0000000000800020        0x0 ../hello_world_custom_instr_bsp/\libhal_bsp.a(alt_irq_entry.o)
                0x0000000000800020                alt_irq_entry
 .exceptions.entry.label
                0x0000000000800020        0x0 ../hello_world_custom_instr_bsp/\libhal_bsp.a(alt_exception_entry.o)
                0x0000000000800020                alt_exception
 *(.exceptions.entry.user)
 *(.exceptions.entry.ecc_fatal)
 *(.exceptions.entry)
 .exceptions.entry
                0x0000000000800020       0x54 ../hello_world_custom_instr_bsp/\libhal_bsp.a(alt_exception_entry.o)
 *(.exceptions.irqtest.user)
 *(.exceptions.irqtest)
 .exceptions.irqtest
                0x0000000000800074       0x10 ../hello_world_custom_instr_bsp/\libhal_bsp.a(alt_irq_entry.o)
 *(.exceptions.irqhandler.user)
 *(.exceptions.irqhandler)
 .exceptions.irqhandler
                0x0000000000800084        0x4 ../hello_world_custom_instr_bsp/\libhal_bsp.a(alt_irq_entry.o)
 *(.exceptions.irqreturn.user)
 *(.exceptions.irqreturn)
 .exceptions.irqreturn
                0x0000000000800088        0x4 ../hello_world_custom_instr_bsp/\libhal_bsp.a(alt_irq_entry.o)
 *(.exceptions.notirq.label)
 .exceptions.notirq.label
                0x000000000080008c        0x0 ../hello_world_custom_instr_bsp/\libhal_bsp.a(alt_irq_entry.o)
 *(.exceptions.notirq.user)
 *(.exceptions.notirq)
 .exceptions.notirq
                0x000000000080008c        0x8 ../hello_world_custom_instr_bsp/\libhal_bsp.a(alt_exception_entry.o)
 *(.exceptions.soft.user)
 *(.exceptions.soft)
 *(.exceptions.unknown.user)
 *(.exceptions.unknown)
 .exceptions.unknown
                0x0000000000800094       0x14 ../hello_world_custom_instr_bsp/\libhal_bsp.a(alt_exception_entry.o)
 *(.exceptions.exit.label)
 .exceptions.exit.label
                0x00000000008000a8        0x0 ../hello_world_custom_instr_bsp/\libhal_bsp.a(alt_irq_entry.o)
 .exceptions.exit.label
                0x00000000008000a8        0x0 ../hello_world_custom_instr_bsp/\libhal_bsp.a(alt_exception_entry.o)
 *(.exceptions.exit.user)
 *(.exceptions.exit)
 .exceptions.exit
                0x00000000008000a8       0x54 ../hello_world_custom_instr_bsp/\libhal_bsp.a(alt_exception_entry.o)
 *(.exceptions)
 .exceptions    0x00000000008000fc       0xd4 ../hello_world_custom_instr_bsp/\libhal_bsp.a(alt_irq_handler.o)
                0x00000000008000fc                alt_irq_handler
 .exceptions    0x00000000008001d0       0x74 ../hello_world_custom_instr_bsp/\libhal_bsp.a(alt_instruction_exception_entry.o)
                0x00000000008001d0                alt_instruction_exception_entry
                0x0000000000800244                PROVIDE (__ram_exceptions_end, ABSOLUTE (.))
                0x0000000000800020                PROVIDE (__flash_exceptions_start, LOADADDR (.exceptions))

.text           0x0000000000800244     0xf6e0
                [!provide]                        PROVIDE (stext, ABSOLUTE (.))
 *(.interp)
 *(.hash)
 *(.dynsym)
 *(.dynstr)
 *(.gnu.version)
 *(.gnu.version_d)
 *(.gnu.version_r)
 *(.rel.init)
 *(.rela.init)
 *(.rel.text .rel.text.* .rel.gnu.linkonce.t.*)
 *(.rela.text .rela.text.* .rela.gnu.linkonce.t.*)
 *(.rel.fini)
 *(.rela.fini)
 *(.rel.rodata .rel.rodata.* .rel.gnu.linkonce.r.*)
 *(.rela.rodata .rela.rodata.* .rela.gnu.linkonce.r.*)
 *(.rel.data .rel.data.* .rel.gnu.linkonce.d.*)
 *(.rela.data .rela.data.* .rela.gnu.linkonce.d.*)
 *(.rel.tdata .rel.tdata.* .rel.gnu.linkonce.td.*)
 *(.rela.tdata .rela.tdata.* .rela.gnu.linkonce.td.*)
 *(.rel.tbss .rel.tbss.* .rel.gnu.linkonce.tb.*)
 *(.rela.tbss .rela.tbss.* .rela.gnu.linkonce.tb.*)
 *(.rel.ctors)
 *(.rela.ctors)
 *(.rel.dtors)
 *(.rela.dtors)
 *(.rel.got)
 *(.rela.got)
 *(.rel.sdata .rel.sdata.* .rel.gnu.linkonce.s.*)
 *(.rela.sdata .rela.sdata.* .rela.gnu.linkonce.s.*)
 *(.rel.sbss .rel.sbss.* .rel.gnu.linkonce.sb.*)
 *(.rela.sbss .rela.sbss.* .rela.gnu.linkonce.sb.*)
 *(.rel.sdata2 .rel.sdata2.* .rel.gnu.linkonce.s2.*)
 *(.rela.sdata2 .rela.sdata2.* .rela.gnu.linkonce.s2.*)
 *(.rel.sbss2 .rel.sbss2.* .rel.gnu.linkonce.sb2.*)
 *(.rela.sbss2 .rela.sbss2.* .rela.gnu.linkonce.sb2.*)
 *(.rel.bss .rel.bss.* .rel.gnu.linkonce.b.*)
 *(.rela.bss .rela.bss.* .rela.gnu.linkonce.b.*)
 *(.rel.plt)
 *(.rela.plt)
 *(.rel.dyn)
 *(.init)
 *(.plt)
 *(.text .stub .text.* .gnu.linkonce.t.*)
 .text          0x0000000000800244       0x4c ../hello_world_custom_instr_bsp//obj/HAL/src/crt0.o
                0x0000000000800244                _start
 .text          0x0000000000800290       0xb8 obj/default/hello_world.o
                0x0000000000800290                main
 .text          0x0000000000800348      0x3fc d:/quartus_lite_18.1/nios2eds/bin/gnu/h-x86_64-mingw32/bin/../lib/gcc/nios2-elf/5.3.0/mhw-mulx\libgcc.a(mulsf3.o)
                0x0000000000800348                __mulsf3
 .text          0x0000000000800744      0x110 d:/quartus_lite_18.1/nios2eds/bin/gnu/h-x86_64-mingw32/bin/../lib/gcc/nios2-elf/5.3.0/mhw-mulx\libgcc.a(extendsfdf2.o)
                0x0000000000800744                __extendsfdf2
 .text          0x0000000000800854       0x64 d:/quartus_lite_18.1/nios2eds/bin/gnu/h-x86_64-mingw32/bin/../lib/gcc/nios2-elf/5.3.0/mhw-mulx\libgcc.a(_clzsi2.o)
                0x0000000000800854                __clzsi2
 .text          0x00000000008008b8        0x0 d:/quartus_lite_18.1/nios2eds/bin/gnu/h-x86_64-mingw32/bin/../lib/gcc/nios2-elf/5.3.0/mhw-mulx\libgcc.a(_clz.o)
 .text          0x00000000008008b8        0x0 d:/quartus_lite_18.1/nios2eds/bin/gnu/h-x86_64-mingw32/bin/../lib/gcc/nios2-elf/5.3.0/../../../../../H-x86_64-mingw32/nios2-elf/lib/mhw-mulx\libc.a(lib_a-printf.o)
 .text._printf_r
                0x00000000008008b8       0x30 d:/quartus_lite_18.1/nios2eds/bin/gnu/h-x86_64-mingw32/bin/../lib/gcc/nios2-elf/5.3.0/../../../../../H-x86_64-mingw32/nios2-elf/lib/mhw-mulx\libc.a(lib_a-printf.o)
                0x00000000008008b8                _printf_r
 .text.printf   0x00000000008008e8       0x3c d:/quartus_lite_18.1/nios2eds/bin/gnu/h-x86_64-mingw32/bin/../lib/gcc/nios2-elf/5.3.0/../../../../../H-x86_64-mingw32/nios2-elf/lib/mhw-mulx\libc.a(lib_a-printf.o)
                0x00000000008008e8                printf
 .text          0x0000000000800924        0x0 d:/quartus_lite_18.1/nios2eds/bin/gnu/h-x86_64-mingw32/bin/../lib/gcc/nios2-elf/5.3.0/../../../../../H-x86_64-mingw32/nios2-elf/lib/mhw-mulx\libc.a(lib_a-puts.o)
 .text._puts_r  0x0000000000800924       0xc0 d:/quartus_lite_18.1/nios2eds/bin/gnu/h-x86_64-mingw32/bin/../lib/gcc/nios2-elf/5.3.0/../../../../../H-x86_64-mingw32/nios2-elf/lib/mhw-mulx\libc.a(lib_a-puts.o)
                0x0000000000800924                _puts_r
 .text.puts     0x00000000008009e4       0x14 d:/quartus_lite_18.1/nios2eds/bin/gnu/h-x86_64-mingw32/bin/../lib/gcc/nios2-elf/5.3.0/../../../../../H-x86_64-mingw32/nios2-elf/lib/mhw-mulx\libc.a(lib_a-puts.o)
                0x00000000008009e4                puts
 .text          0x00000000008009f8        0x0 d:/quartus_lite_18.1/nios2eds/bin/gnu/h-x86_64-mingw32/bin/../lib/gcc/nios2-elf/5.3.0/../../../../../H-x86_64-mingw32/nios2-elf/lib/mhw-mulx\libc.a(lib_a-strlen.o)
 .text.strlen   0x00000000008009f8       0x98 d:/quartus_lite_18.1/nios2eds/bin/gnu/h-x86_64-mingw32/bin/../lib/gcc/nios2-elf/5.3.0/../../../../../H-x86_64-mingw32/nios2-elf/lib/mhw-mulx\libc.a(lib_a-strlen.o)
                0x00000000008009f8                strlen
 .text          0x0000000000800a90        0x0 d:/quartus_lite_18.1/nios2eds/bin/gnu/h-x86_64-mingw32/bin/../lib/gcc/nios2-elf/5.3.0/../../../../../H-x86_64-mingw32/nios2-elf/lib/mhw-mulx\libc.a(lib_a-vfprintf.o)
 .text.___vfprintf_internal_r
                0x0000000000800a90     0x21f8 d:/quartus_lite_18.1/nios2eds/bin/gnu/h-x86_64-mingw32/bin/../lib/gcc/nios2-elf/5.3.0/../../../../../H-x86_64-mingw32/nios2-elf/lib/mhw-mulx\libc.a(lib_a-vfprintf.o)
                0x0000000000800a90                ___vfprintf_internal_r
 .text.__vfprintf_internal
                0x0000000000802c88       0x1c d:/quartus_lite_18.1/nios2eds/bin/gnu/h-x86_64-mingw32/bin/../lib/gcc/nios2-elf/5.3.0/../../../../../H-x86_64-mingw32/nios2-elf/lib/mhw-mulx\libc.a(lib_a-vfprintf.o)
                0x0000000000802c88                __vfprintf_internal
 .text.__sbprintf
                0x0000000000802ca4       0xbc d:/quartus_lite_18.1/nios2eds/bin/gnu/h-x86_64-mingw32/bin/../lib/gcc/nios2-elf/5.3.0/../../../../../H-x86_64-mingw32/nios2-elf/lib/mhw-mulx\libc.a(lib_a-vfprintf.o)
 .text          0x0000000000802d60        0x0 d:/quartus_lite_18.1/nios2eds/bin/gnu/h-x86_64-mingw32/bin/../lib/gcc/nios2-elf/5.3.0/../../../../../H-x86_64-mingw32/nios2-elf/lib/mhw-mulx\libc.a(lib_a-wsetup.o)
 .text.__swsetup_r
                0x0000000000802d60      0x154 d:/quartus_lite_18.1/nios2eds/bin/gnu/h-x86_64-mingw32/bin/../lib/gcc/nios2-elf/5.3.0/../../../../../H-x86_64-mingw32/nios2-elf/lib/mhw-mulx\libc.a(lib_a-wsetup.o)
                0x0000000000802d60                __swsetup_r
 .text          0x0000000000802eb4        0x0 d:/quartus_lite_18.1/nios2eds/bin/gnu/h-x86_64-mingw32/bin/../lib/gcc/nios2-elf/5.3.0/../../../../../H-x86_64-mingw32/nios2-elf/lib/mhw-mulx\libc.a(lib_a-dtoa.o)
 .text.quorem   0x0000000000802eb4      0x200 d:/quartus_lite_18.1/nios2eds/bin/gnu/h-x86_64-mingw32/bin/../lib/gcc/nios2-elf/5.3.0/../../../../../H-x86_64-mingw32/nios2-elf/lib/mhw-mulx\libc.a(lib_a-dtoa.o)
 .text._dtoa_r  0x00000000008030b4     0x1688 d:/quartus_lite_18.1/nios2eds/bin/gnu/h-x86_64-mingw32/bin/../lib/gcc/nios2-elf/5.3.0/../../../../../H-x86_64-mingw32/nios2-elf/lib/mhw-mulx\libc.a(lib_a-dtoa.o)
                0x00000000008030b4                _dtoa_r
 .text          0x000000000080473c        0x0 d:/quartus_lite_18.1/nios2eds/bin/gnu/h-x86_64-mingw32/bin/../lib/gcc/nios2-elf/5.3.0/../../../../../H-x86_64-mingw32/nios2-elf/lib/mhw-mulx\libc.a(lib_a-fflush.o)
 .text.__sflush_r
                0x000000000080473c      0x21c d:/quartus_lite_18.1/nios2eds/bin/gnu/h-x86_64-mingw32/bin/../lib/gcc/nios2-elf/5.3.0/../../../../../H-x86_64-mingw32/nios2-elf/lib/mhw-mulx\libc.a(lib_a-fflush.o)
                0x000000000080473c                __sflush_r
 .text._fflush_r
                0x0000000000804958       0x5c d:/quartus_lite_18.1/nios2eds/bin/gnu/h-x86_64-mingw32/bin/../lib/gcc/nios2-elf/5.3.0/../../../../../H-x86_64-mingw32/nios2-elf/lib/mhw-mulx\libc.a(lib_a-fflush.o)
                0x0000000000804958                _fflush_r
 .text.fflush   0x00000000008049b4       0x30 d:/quartus_lite_18.1/nios2eds/bin/gnu/h-x86_64-mingw32/bin/../lib/gcc/nios2-elf/5.3.0/../../../../../H-x86_64-mingw32/nios2-elf/lib/mhw-mulx\libc.a(lib_a-fflush.o)
                0x00000000008049b4                fflush
 .text          0x00000000008049e4        0x0 d:/quartus_lite_18.1/nios2eds/bin/gnu/h-x86_64-mingw32/bin/../lib/gcc/nios2-elf/5.3.0/../../../../../H-x86_64-mingw32/nios2-elf/lib/mhw-mulx\libc.a(lib_a-findfp.o)
 .text.__fp_unlock
                0x00000000008049e4        0x8 d:/quartus_lite_18.1/nios2eds/bin/gnu/h-x86_64-mingw32/bin/../lib/gcc/nios2-elf/5.3.0/../../../../../H-x86_64-mingw32/nios2-elf/lib/mhw-mulx\libc.a(lib_a-findfp.o)
 .text._cleanup_r
                0x00000000008049ec        0xc d:/quartus_lite_18.1/nios2eds/bin/gnu/h-x86_64-mingw32/bin/../lib/gcc/nios2-elf/5.3.0/../../../../../H-x86_64-mingw32/nios2-elf/lib/mhw-mulx\libc.a(lib_a-findfp.o)
                0x00000000008049ec                _cleanup_r
 .text.__sinit.part.1
                0x00000000008049f8      0x19c d:/quartus_lite_18.1/nios2eds/bin/gnu/h-x86_64-mingw32/bin/../lib/gcc/nios2-elf/5.3.0/../../../../../H-x86_64-mingw32/nios2-elf/lib/mhw-mulx\libc.a(lib_a-findfp.o)
 .text.__fp_lock
                0x0000000000804b94        0x8 d:/quartus_lite_18.1/nios2eds/bin/gnu/h-x86_64-mingw32/bin/../lib/gcc/nios2-elf/5.3.0/../../../../../H-x86_64-mingw32/nios2-elf/lib/mhw-mulx\libc.a(lib_a-findfp.o)
 .text.__sfmoreglue
                0x0000000000804b9c       0x68 d:/quartus_lite_18.1/nios2eds/bin/gnu/h-x86_64-mingw32/bin/../lib/gcc/nios2-elf/5.3.0/../../../../../H-x86_64-mingw32/nios2-elf/lib/mhw-mulx\libc.a(lib_a-findfp.o)
                0x0000000000804b9c                __sfmoreglue
 .text.__sfp    0x0000000000804c04      0x118 d:/quartus_lite_18.1/nios2eds/bin/gnu/h-x86_64-mingw32/bin/../lib/gcc/nios2-elf/5.3.0/../../../../../H-x86_64-mingw32/nios2-elf/lib/mhw-mulx\libc.a(lib_a-findfp.o)
                0x0000000000804c04                __sfp
 .text._cleanup
                0x0000000000804d1c       0x18 d:/quartus_lite_18.1/nios2eds/bin/gnu/h-x86_64-mingw32/bin/../lib/gcc/nios2-elf/5.3.0/../../../../../H-x86_64-mingw32/nios2-elf/lib/mhw-mulx\libc.a(lib_a-findfp.o)
                0x0000000000804d1c                _cleanup
 .text.__sinit  0x0000000000804d34       0x10 d:/quartus_lite_18.1/nios2eds/bin/gnu/h-x86_64-mingw32/bin/../lib/gcc/nios2-elf/5.3.0/../../../../../H-x86_64-mingw32/nios2-elf/lib/mhw-mulx\libc.a(lib_a-findfp.o)
                0x0000000000804d34                __sinit
 .text.__sfp_lock_acquire
                0x0000000000804d44        0x4 d:/quartus_lite_18.1/nios2eds/bin/gnu/h-x86_64-mingw32/bin/../lib/gcc/nios2-elf/5.3.0/../../../../../H-x86_64-mingw32/nios2-elf/lib/mhw-mulx\libc.a(lib_a-findfp.o)
                0x0000000000804d44                __sfp_lock_acquire
 .text.__sfp_lock_release
                0x0000000000804d48        0x4 d:/quartus_lite_18.1/nios2eds/bin/gnu/h-x86_64-mingw32/bin/../lib/gcc/nios2-elf/5.3.0/../../../../../H-x86_64-mingw32/nios2-elf/lib/mhw-mulx\libc.a(lib_a-findfp.o)
                0x0000000000804d48                __sfp_lock_release
 .text.__sinit_lock_acquire
                0x0000000000804d4c        0x4 d:/quartus_lite_18.1/nios2eds/bin/gnu/h-x86_64-mingw32/bin/../lib/gcc/nios2-elf/5.3.0/../../../../../H-x86_64-mingw32/nios2-elf/lib/mhw-mulx\libc.a(lib_a-findfp.o)
                0x0000000000804d4c                __sinit_lock_acquire
 .text.__sinit_lock_release
                0x0000000000804d50        0x4 d:/quartus_lite_18.1/nios2eds/bin/gnu/h-x86_64-mingw32/bin/../lib/gcc/nios2-elf/5.3.0/../../../../../H-x86_64-mingw32/nios2-elf/lib/mhw-mulx\libc.a(lib_a-findfp.o)
                0x0000000000804d50                __sinit_lock_release
 .text.__fp_lock_all
                0x0000000000804d54       0x18 d:/quartus_lite_18.1/nios2eds/bin/gnu/h-x86_64-mingw32/bin/../lib/gcc/nios2-elf/5.3.0/../../../../../H-x86_64-mingw32/nios2-elf/lib/mhw-mulx\libc.a(lib_a-findfp.o)
                0x0000000000804d54                __fp_lock_all
 .text.__fp_unlock_all
                0x0000000000804d6c       0x18 d:/quartus_lite_18.1/nios2eds/bin/gnu/h-x86_64-mingw32/bin/../lib/gcc/nios2-elf/5.3.0/../../../../../H-x86_64-mingw32/nios2-elf/lib/mhw-mulx\libc.a(lib_a-findfp.o)
                0x0000000000804d6c                __fp_unlock_all
 .text          0x0000000000804d84        0x0 d:/quartus_lite_18.1/nios2eds/bin/gnu/h-x86_64-mingw32/bin/../lib/gcc/nios2-elf/5.3.0/../../../../../H-x86_64-mingw32/nios2-elf/lib/mhw-mulx\libc.a(lib_a-freer.o)
 .text._malloc_trim_r
                0x0000000000804d84      0x124 d:/quartus_lite_18.1/nios2eds/bin/gnu/h-x86_64-mingw32/bin/../lib/gcc/nios2-elf/5.3.0/../../../../../H-x86_64-mingw32/nios2-elf/lib/mhw-mulx\libc.a(lib_a-freer.o)
                0x0000000000804d84                _malloc_trim_r
 .text._free_r  0x0000000000804ea8      0x310 d:/quartus_lite_18.1/nios2eds/bin/gnu/h-x86_64-mingw32/bin/../lib/gcc/nios2-elf/5.3.0/../../../../../H-x86_64-mingw32/nios2-elf/lib/mhw-mulx\libc.a(lib_a-freer.o)
                0x0000000000804ea8                _free_r
 .text          0x00000000008051b8        0x0 d:/quartus_lite_18.1/nios2eds/bin/gnu/h-x86_64-mingw32/bin/../lib/gcc/nios2-elf/5.3.0/../../../../../H-x86_64-mingw32/nios2-elf/lib/mhw-mulx\libc.a(lib_a-fvwrite.o)
 .text.__sfvwrite_r
                0x00000000008051b8      0x4bc d:/quartus_lite_18.1/nios2eds/bin/gnu/h-x86_64-mingw32/bin/../lib/gcc/nios2-elf/5.3.0/../../../../../H-x86_64-mingw32/nios2-elf/lib/mhw-mulx\libc.a(lib_a-fvwrite.o)
                0x00000000008051b8                __sfvwrite_r
 .text          0x0000000000805674        0x0 d:/quartus_lite_18.1/nios2eds/bin/gnu/h-x86_64-mingw32/bin/../lib/gcc/nios2-elf/5.3.0/../../../../../H-x86_64-mingw32/nios2-elf/lib/mhw-mulx\libc.a(lib_a-fwalk.o)
 .text._fwalk   0x0000000000805674       0xc4 d:/quartus_lite_18.1/nios2eds/bin/gnu/h-x86_64-mingw32/bin/../lib/gcc/nios2-elf/5.3.0/../../../../../H-x86_64-mingw32/nios2-elf/lib/mhw-mulx\libc.a(lib_a-fwalk.o)
                0x0000000000805674                _fwalk
 .text._fwalk_reent
                0x0000000000805738       0xc4 d:/quartus_lite_18.1/nios2eds/bin/gnu/h-x86_64-mingw32/bin/../lib/gcc/nios2-elf/5.3.0/../../../../../H-x86_64-mingw32/nios2-elf/lib/mhw-mulx\libc.a(lib_a-fwalk.o)
                0x0000000000805738                _fwalk_reent
 .text          0x00000000008057fc        0x0 d:/quartus_lite_18.1/nios2eds/bin/gnu/h-x86_64-mingw32/bin/../lib/gcc/nios2-elf/5.3.0/../../../../../H-x86_64-mingw32/nios2-elf/lib/mhw-mulx\libc.a(lib_a-impure.o)
 .text          0x00000000008057fc        0x0 d:/quartus_lite_18.1/nios2eds/bin/gnu/h-x86_64-mingw32/bin/../lib/gcc/nios2-elf/5.3.0/../../../../../H-x86_64-mingw32/nios2-elf/lib/mhw-mulx\libc.a(lib_a-locale.o)
 .text._setlocale_r
                0x00000000008057fc       0x7c d:/quartus_lite_18.1/nios2eds/bin/gnu/h-x86_64-mingw32/bin/../lib/gcc/nios2-elf/5.3.0/../../../../../H-x86_64-mingw32/nios2-elf/lib/mhw-mulx\libc.a(lib_a-locale.o)
                0x00000000008057fc                _setlocale_r
 .text.__locale_charset
                0x0000000000805878        0xc d:/quartus_lite_18.1/nios2eds/bin/gnu/h-x86_64-mingw32/bin/../lib/gcc/nios2-elf/5.3.0/../../../../../H-x86_64-mingw32/nios2-elf/lib/mhw-mulx\libc.a(lib_a-locale.o)
                0x0000000000805878                __locale_charset
 .text.__locale_mb_cur_max
                0x0000000000805884       0x10 d:/quartus_lite_18.1/nios2eds/bin/gnu/h-x86_64-mingw32/bin/../lib/gcc/nios2-elf/5.3.0/../../../../../H-x86_64-mingw32/nios2-elf/lib/mhw-mulx\libc.a(lib_a-locale.o)
                0x0000000000805884                __locale_mb_cur_max
 .text.__locale_msgcharset
                0x0000000000805894        0xc d:/quartus_lite_18.1/nios2eds/bin/gnu/h-x86_64-mingw32/bin/../lib/gcc/nios2-elf/5.3.0/../../../../../H-x86_64-mingw32/nios2-elf/lib/mhw-mulx\libc.a(lib_a-locale.o)
                0x0000000000805894                __locale_msgcharset
 .text.__locale_cjk_lang
                0x00000000008058a0        0x8 d:/quartus_lite_18.1/nios2eds/bin/gnu/h-x86_64-mingw32/bin/../lib/gcc/nios2-elf/5.3.0/../../../../../H-x86_64-mingw32/nios2-elf/lib/mhw-mulx\libc.a(lib_a-locale.o)
                0x00000000008058a0                __locale_cjk_lang
 .text._localeconv_r
                0x00000000008058a8        0xc d:/quartus_lite_18.1/nios2eds/bin/gnu/h-x86_64-mingw32/bin/../lib/gcc/nios2-elf/5.3.0/../../../../../H-x86_64-mingw32/nios2-elf/lib/mhw-mulx\libc.a(lib_a-locale.o)
                0x00000000008058a8                _localeconv_r
 .text.setlocale
                0x00000000008058b4       0x18 d:/quartus_lite_18.1/nios2eds/bin/gnu/h-x86_64-mingw32/bin/../lib/gcc/nios2-elf/5.3.0/../../../../../H-x86_64-mingw32/nios2-elf/lib/mhw-mulx\libc.a(lib_a-locale.o)
                0x00000000008058b4                setlocale
 .text.localeconv
                0x00000000008058cc        0xc d:/quartus_lite_18.1/nios2eds/bin/gnu/h-x86_64-mingw32/bin/../lib/gcc/nios2-elf/5.3.0/../../../../../H-x86_64-mingw32/nios2-elf/lib/mhw-mulx\libc.a(lib_a-locale.o)
                0x00000000008058cc                localeconv
 .text          0x00000000008058d8        0x0 d:/quartus_lite_18.1/nios2eds/bin/gnu/h-x86_64-mingw32/bin/../lib/gcc/nios2-elf/5.3.0/../../../../../H-x86_64-mingw32/nios2-elf/lib/mhw-mulx\libc.a(lib_a-makebuf.o)
 .text.__smakebuf_r
                0x00000000008058d8      0x1bc d:/quartus_lite_18.1/nios2eds/bin/gnu/h-x86_64-mingw32/bin/../lib/gcc/nios2-elf/5.3.0/../../../../../H-x86_64-mingw32/nios2-elf/lib/mhw-mulx\libc.a(lib_a-makebuf.o)
                0x00000000008058d8                __smakebuf_r
 .text          0x0000000000805a94        0x0 d:/quartus_lite_18.1/nios2eds/bin/gnu/h-x86_64-mingw32/bin/../lib/gcc/nios2-elf/5.3.0/../../../../../H-x86_64-mingw32/nios2-elf/lib/mhw-mulx\libc.a(lib_a-mallocr.o)
 .text._malloc_r
                0x0000000000805a94      0x80c d:/quartus_lite_18.1/nios2eds/bin/gnu/h-x86_64-mingw32/bin/../lib/gcc/nios2-elf/5.3.0/../../../../../H-x86_64-mingw32/nios2-elf/lib/mhw-mulx\libc.a(lib_a-mallocr.o)
                0x0000000000805a94                _malloc_r
 .text          0x00000000008062a0        0x0 d:/quartus_lite_18.1/nios2eds/bin/gnu/h-x86_64-mingw32/bin/../lib/gcc/nios2-elf/5.3.0/../../../../../H-x86_64-mingw32/nios2-elf/lib/mhw-mulx\libc.a(lib_a-memchr.o)
 .text.memchr   0x00000000008062a0       0xe4 d:/quartus_lite_18.1/nios2eds/bin/gnu/h-x86_64-mingw32/bin/../lib/gcc/nios2-elf/5.3.0/../../../../../H-x86_64-mingw32/nios2-elf/lib/mhw-mulx\libc.a(lib_a-memchr.o)
                0x00000000008062a0                memchr
 .text          0x0000000000806384        0x0 d:/quartus_lite_18.1/nios2eds/bin/gnu/h-x86_64-mingw32/bin/../lib/gcc/nios2-elf/5.3.0/../../../../../H-x86_64-mingw32/nios2-elf/lib/mhw-mulx\libc.a(lib_a-memcpy.o)
 .text.memcpy   0x0000000000806384      0x148 d:/quartus_lite_18.1/nios2eds/bin/gnu/h-x86_64-mingw32/bin/../lib/gcc/nios2-elf/5.3.0/../../../../../H-x86_64-mingw32/nios2-elf/lib/mhw-mulx\libc.a(lib_a-memcpy.o)
                0x0000000000806384                memcpy
 .text          0x00000000008064cc        0x0 d:/quartus_lite_18.1/nios2eds/bin/gnu/h-x86_64-mingw32/bin/../lib/gcc/nios2-elf/5.3.0/../../../../../H-x86_64-mingw32/nios2-elf/lib/mhw-mulx\libc.a(lib_a-memmove.o)
 .text.memmove  0x00000000008064cc      0x15c d:/quartus_lite_18.1/nios2eds/bin/gnu/h-x86_64-mingw32/bin/../lib/gcc/nios2-elf/5.3.0/../../../../../H-x86_64-mingw32/nios2-elf/lib/mhw-mulx\libc.a(lib_a-memmove.o)
                0x00000000008064cc                memmove
 .text          0x0000000000806628        0x0 d:/quartus_lite_18.1/nios2eds/bin/gnu/h-x86_64-mingw32/bin/../lib/gcc/nios2-elf/5.3.0/../../../../../H-x86_64-mingw32/nios2-elf/lib/mhw-mulx\libc.a(lib_a-memset.o)
 .text.memset   0x0000000000806628      0x128 d:/quartus_lite_18.1/nios2eds/bin/gnu/h-x86_64-mingw32/bin/../lib/gcc/nios2-elf/5.3.0/../../../../../H-x86_64-mingw32/nios2-elf/lib/mhw-mulx\libc.a(lib_a-memset.o)
                0x0000000000806628                memset
 .text          0x0000000000806750        0x0 d:/quartus_lite_18.1/nios2eds/bin/gnu/h-x86_64-mingw32/bin/../lib/gcc/nios2-elf/5.3.0/../../../../../H-x86_64-mingw32/nios2-elf/lib/mhw-mulx\libc.a(lib_a-mprec.o)
 .text._Balloc  0x0000000000806750       0xa8 d:/quartus_lite_18.1/nios2eds/bin/gnu/h-x86_64-mingw32/bin/../lib/gcc/nios2-elf/5.3.0/../../../../../H-x86_64-mingw32/nios2-elf/lib/mhw-mulx\libc.a(lib_a-mprec.o)
                0x0000000000806750                _Balloc
 .text._Bfree   0x00000000008067f8       0x28 d:/quartus_lite_18.1/nios2eds/bin/gnu/h-x86_64-mingw32/bin/../lib/gcc/nios2-elf/5.3.0/../../../../../H-x86_64-mingw32/nios2-elf/lib/mhw-mulx\libc.a(lib_a-mprec.o)
                0x00000000008067f8                _Bfree
 .text.__multadd
                0x0000000000806820      0x120 d:/quartus_lite_18.1/nios2eds/bin/gnu/h-x86_64-mingw32/bin/../lib/gcc/nios2-elf/5.3.0/../../../../../H-x86_64-mingw32/nios2-elf/lib/mhw-mulx\libc.a(lib_a-mprec.o)
                0x0000000000806820                __multadd
 .text.__s2b    0x0000000000806940      0x104 d:/quartus_lite_18.1/nios2eds/bin/gnu/h-x86_64-mingw32/bin/../lib/gcc/nios2-elf/5.3.0/../../../../../H-x86_64-mingw32/nios2-elf/lib/mhw-mulx\libc.a(lib_a-mprec.o)
                0x0000000000806940                __s2b
 .text.__hi0bits
                0x0000000000806a44       0x68 d:/quartus_lite_18.1/nios2eds/bin/gnu/h-x86_64-mingw32/bin/../lib/gcc/nios2-elf/5.3.0/../../../../../H-x86_64-mingw32/nios2-elf/lib/mhw-mulx\libc.a(lib_a-mprec.o)
                0x0000000000806a44                __hi0bits
 .text.__lo0bits
                0x0000000000806aac       0xb0 d:/quartus_lite_18.1/nios2eds/bin/gnu/h-x86_64-mingw32/bin/../lib/gcc/nios2-elf/5.3.0/../../../../../H-x86_64-mingw32/nios2-elf/lib/mhw-mulx\libc.a(lib_a-mprec.o)
                0x0000000000806aac                __lo0bits
 .text.__i2b    0x0000000000806b5c       0x3c d:/quartus_lite_18.1/nios2eds/bin/gnu/h-x86_64-mingw32/bin/../lib/gcc/nios2-elf/5.3.0/../../../../../H-x86_64-mingw32/nios2-elf/lib/mhw-mulx\libc.a(lib_a-mprec.o)
                0x0000000000806b5c                __i2b
 .text.__multiply
                0x0000000000806b98      0x1f8 d:/quartus_lite_18.1/nios2eds/bin/gnu/h-x86_64-mingw32/bin/../lib/gcc/nios2-elf/5.3.0/../../../../../H-x86_64-mingw32/nios2-elf/lib/mhw-mulx\libc.a(lib_a-mprec.o)
                0x0000000000806b98                __multiply
 .text.__pow5mult
                0x0000000000806d90      0x140 d:/quartus_lite_18.1/nios2eds/bin/gnu/h-x86_64-mingw32/bin/../lib/gcc/nios2-elf/5.3.0/../../../../../H-x86_64-mingw32/nios2-elf/lib/mhw-mulx\libc.a(lib_a-mprec.o)
                0x0000000000806d90                __pow5mult
 .text.__lshift
                0x0000000000806ed0      0x148 d:/quartus_lite_18.1/nios2eds/bin/gnu/h-x86_64-mingw32/bin/../lib/gcc/nios2-elf/5.3.0/../../../../../H-x86_64-mingw32/nios2-elf/lib/mhw-mulx\libc.a(lib_a-mprec.o)
                0x0000000000806ed0                __lshift
 .text.__mcmp   0x0000000000807018       0x60 d:/quartus_lite_18.1/nios2eds/bin/gnu/h-x86_64-mingw32/bin/../lib/gcc/nios2-elf/5.3.0/../../../../../H-x86_64-mingw32/nios2-elf/lib/mhw-mulx\libc.a(lib_a-mprec.o)
                0x0000000000807018                __mcmp
 .text.__mdiff  0x0000000000807078      0x1fc d:/quartus_lite_18.1/nios2eds/bin/gnu/h-x86_64-mingw32/bin/../lib/gcc/nios2-elf/5.3.0/../../../../../H-x86_64-mingw32/nios2-elf/lib/mhw-mulx\libc.a(lib_a-mprec.o)
                0x0000000000807078                __mdiff
 .text.__ulp    0x0000000000807274       0x64 d:/quartus_lite_18.1/nios2eds/bin/gnu/h-x86_64-mingw32/bin/../lib/gcc/nios2-elf/5.3.0/../../../../../H-x86_64-mingw32/nios2-elf/lib/mhw-mulx\libc.a(lib_a-mprec.o)
                0x0000000000807274                __ulp
 .text.__b2d    0x00000000008072d8      0x10c d:/quartus_lite_18.1/nios2eds/bin/gnu/h-x86_64-mingw32/bin/../lib/gcc/nios2-elf/5.3.0/../../../../../H-x86_64-mingw32/nios2-elf/lib/mhw-mulx\libc.a(lib_a-mprec.o)
                0x00000000008072d8                __b2d
 .text.__d2b    0x00000000008073e4      0x14c d:/quartus_lite_18.1/nios2eds/bin/gnu/h-x86_64-mingw32/bin/../lib/gcc/nios2-elf/5.3.0/../../../../../H-x86_64-mingw32/nios2-elf/lib/mhw-mulx\libc.a(lib_a-mprec.o)
                0x00000000008073e4                __d2b
 .text.__ratio  0x0000000000807530       0xa4 d:/quartus_lite_18.1/nios2eds/bin/gnu/h-x86_64-mingw32/bin/../lib/gcc/nios2-elf/5.3.0/../../../../../H-x86_64-mingw32/nios2-elf/lib/mhw-mulx\libc.a(lib_a-mprec.o)
                0x0000000000807530                __ratio
 .text._mprec_log10
                0x00000000008075d4       0x74 d:/quartus_lite_18.1/nios2eds/bin/gnu/h-x86_64-mingw32/bin/../lib/gcc/nios2-elf/5.3.0/../../../../../H-x86_64-mingw32/nios2-elf/lib/mhw-mulx\libc.a(lib_a-mprec.o)
                0x00000000008075d4                _mprec_log10
 .text.__copybits
                0x0000000000807648       0x78 d:/quartus_lite_18.1/nios2eds/bin/gnu/h-x86_64-mingw32/bin/../lib/gcc/nios2-elf/5.3.0/../../../../../H-x86_64-mingw32/nios2-elf/lib/mhw-mulx\libc.a(lib_a-mprec.o)
                0x0000000000807648                __copybits
 .text.__any_on
                0x00000000008076c0       0x8c d:/quartus_lite_18.1/nios2eds/bin/gnu/h-x86_64-mingw32/bin/../lib/gcc/nios2-elf/5.3.0/../../../../../H-x86_64-mingw32/nios2-elf/lib/mhw-mulx\libc.a(lib_a-mprec.o)
                0x00000000008076c0                __any_on
 .text          0x000000000080774c        0x0 d:/quartus_lite_18.1/nios2eds/bin/gnu/h-x86_64-mingw32/bin/../lib/gcc/nios2-elf/5.3.0/../../../../../H-x86_64-mingw32/nios2-elf/lib/mhw-mulx\libc.a(lib_a-reallocr.o)
 .text._realloc_r
                0x000000000080774c      0x564 d:/quartus_lite_18.1/nios2eds/bin/gnu/h-x86_64-mingw32/bin/../lib/gcc/nios2-elf/5.3.0/../../../../../H-x86_64-mingw32/nios2-elf/lib/mhw-mulx\libc.a(lib_a-reallocr.o)
                0x000000000080774c                _realloc_r
 .text          0x0000000000807cb0        0x0 d:/quartus_lite_18.1/nios2eds/bin/gnu/h-x86_64-mingw32/bin/../lib/gcc/nios2-elf/5.3.0/../../../../../H-x86_64-mingw32/nios2-elf/lib/mhw-mulx\libc.a(lib_a-s_fpclassify.o)
 .text.__fpclassifyd
                0x0000000000807cb0       0x74 d:/quartus_lite_18.1/nios2eds/bin/gnu/h-x86_64-mingw32/bin/../lib/gcc/nios2-elf/5.3.0/../../../../../H-x86_64-mingw32/nios2-elf/lib/mhw-mulx\libc.a(lib_a-s_fpclassify.o)
                0x0000000000807cb0                __fpclassifyd
 .text          0x0000000000807d24        0x0 d:/quartus_lite_18.1/nios2eds/bin/gnu/h-x86_64-mingw32/bin/../lib/gcc/nios2-elf/5.3.0/../../../../../H-x86_64-mingw32/nios2-elf/lib/mhw-mulx\libc.a(lib_a-sbrkr.o)
 .text._sbrk_r  0x0000000000807d24       0x54 d:/quartus_lite_18.1/nios2eds/bin/gnu/h-x86_64-mingw32/bin/../lib/gcc/nios2-elf/5.3.0/../../../../../H-x86_64-mingw32/nios2-elf/lib/mhw-mulx\libc.a(lib_a-sbrkr.o)
                0x0000000000807d24                _sbrk_r
 .text          0x0000000000807d78        0x0 d:/quartus_lite_18.1/nios2eds/bin/gnu/h-x86_64-mingw32/bin/../lib/gcc/nios2-elf/5.3.0/../../../../../H-x86_64-mingw32/nios2-elf/lib/mhw-mulx\libc.a(lib_a-stdio.o)
 .text.__sread  0x0000000000807d78       0x54 d:/quartus_lite_18.1/nios2eds/bin/gnu/h-x86_64-mingw32/bin/../lib/gcc/nios2-elf/5.3.0/../../../../../H-x86_64-mingw32/nios2-elf/lib/mhw-mulx\libc.a(lib_a-stdio.o)
                0x0000000000807d78                __sread
 .text.__seofread
                0x0000000000807dcc        0x8 d:/quartus_lite_18.1/nios2eds/bin/gnu/h-x86_64-mingw32/bin/../lib/gcc/nios2-elf/5.3.0/../../../../../H-x86_64-mingw32/nios2-elf/lib/mhw-mulx\libc.a(lib_a-stdio.o)
                0x0000000000807dcc                __seofread
 .text.__swrite
                0x0000000000807dd4       0x7c d:/quartus_lite_18.1/nios2eds/bin/gnu/h-x86_64-mingw32/bin/../lib/gcc/nios2-elf/5.3.0/../../../../../H-x86_64-mingw32/nios2-elf/lib/mhw-mulx\libc.a(lib_a-stdio.o)
                0x0000000000807dd4                __swrite
 .text.__sseek  0x0000000000807e50       0x5c d:/quartus_lite_18.1/nios2eds/bin/gnu/h-x86_64-mingw32/bin/../lib/gcc/nios2-elf/5.3.0/../../../../../H-x86_64-mingw32/nios2-elf/lib/mhw-mulx\libc.a(lib_a-stdio.o)
                0x0000000000807e50                __sseek
 .text.__sclose
                0x0000000000807eac        0x8 d:/quartus_lite_18.1/nios2eds/bin/gnu/h-x86_64-mingw32/bin/../lib/gcc/nios2-elf/5.3.0/../../../../../H-x86_64-mingw32/nios2-elf/lib/mhw-mulx\libc.a(lib_a-stdio.o)
                0x0000000000807eac                __sclose
 .text          0x0000000000807eb4        0x0 d:/quartus_lite_18.1/nios2eds/bin/gnu/h-x86_64-mingw32/bin/../lib/gcc/nios2-elf/5.3.0/../../../../../H-x86_64-mingw32/nios2-elf/lib/mhw-mulx\libc.a(lib_a-strcmp.o)
 .text.strcmp   0x0000000000807eb4       0xdc d:/quartus_lite_18.1/nios2eds/bin/gnu/h-x86_64-mingw32/bin/../lib/gcc/nios2-elf/5.3.0/../../../../../H-x86_64-mingw32/nios2-elf/lib/mhw-mulx\libc.a(lib_a-strcmp.o)
                0x0000000000807eb4                strcmp
 .text          0x0000000000807f90        0x0 d:/quartus_lite_18.1/nios2eds/bin/gnu/h-x86_64-mingw32/bin/../lib/gcc/nios2-elf/5.3.0/../../../../../H-x86_64-mingw32/nios2-elf/lib/mhw-mulx\libc.a(lib_a-vfiprintf.o)
 .text.__sprint_r.part.0
                0x0000000000807f90       0xfc d:/quartus_lite_18.1/nios2eds/bin/gnu/h-x86_64-mingw32/bin/../lib/gcc/nios2-elf/5.3.0/../../../../../H-x86_64-mingw32/nios2-elf/lib/mhw-mulx\libc.a(lib_a-vfiprintf.o)
 .text.__sprint_r
                0x000000000080808c       0x18 d:/quartus_lite_18.1/nios2eds/bin/gnu/h-x86_64-mingw32/bin/../lib/gcc/nios2-elf/5.3.0/../../../../../H-x86_64-mingw32/nios2-elf/lib/mhw-mulx\libc.a(lib_a-vfiprintf.o)
                0x000000000080808c                __sprint_r
 .text.___vfiprintf_internal_r
                0x00000000008080a4     0x145c d:/quartus_lite_18.1/nios2eds/bin/gnu/h-x86_64-mingw32/bin/../lib/gcc/nios2-elf/5.3.0/../../../../../H-x86_64-mingw32/nios2-elf/lib/mhw-mulx\libc.a(lib_a-vfiprintf.o)
                0x00000000008080a4                ___vfiprintf_internal_r
 .text.__vfiprintf_internal
                0x0000000000809500       0x1c d:/quartus_lite_18.1/nios2eds/bin/gnu/h-x86_64-mingw32/bin/../lib/gcc/nios2-elf/5.3.0/../../../../../H-x86_64-mingw32/nios2-elf/lib/mhw-mulx\libc.a(lib_a-vfiprintf.o)
                0x0000000000809500                __vfiprintf_internal
 .text.__sbprintf
                0x000000000080951c       0xbc d:/quartus_lite_18.1/nios2eds/bin/gnu/h-x86_64-mingw32/bin/../lib/gcc/nios2-elf/5.3.0/../../../../../H-x86_64-mingw32/nios2-elf/lib/mhw-mulx\libc.a(lib_a-vfiprintf.o)
 .text          0x00000000008095d8        0x0 d:/quartus_lite_18.1/nios2eds/bin/gnu/h-x86_64-mingw32/bin/../lib/gcc/nios2-elf/5.3.0/../../../../../H-x86_64-mingw32/nios2-elf/lib/mhw-mulx\libc.a(lib_a-writer.o)
 .text._write_r
                0x00000000008095d8       0x60 d:/quartus_lite_18.1/nios2eds/bin/gnu/h-x86_64-mingw32/bin/../lib/gcc/nios2-elf/5.3.0/../../../../../H-x86_64-mingw32/nios2-elf/lib/mhw-mulx\libc.a(lib_a-writer.o)
                0x00000000008095d8                _write_r
 .text          0x0000000000809638        0x0 d:/quartus_lite_18.1/nios2eds/bin/gnu/h-x86_64-mingw32/bin/../lib/gcc/nios2-elf/5.3.0/../../../../../H-x86_64-mingw32/nios2-elf/lib/mhw-mulx\libc.a(closer.o)
 .text._close_r
                0x0000000000809638       0x54 d:/quartus_lite_18.1/nios2eds/bin/gnu/h-x86_64-mingw32/bin/../lib/gcc/nios2-elf/5.3.0/../../../../../H-x86_64-mingw32/nios2-elf/lib/mhw-mulx\libc.a(closer.o)
                0x0000000000809638                _close_r
 .text          0x000000000080968c        0x0 d:/quartus_lite_18.1/nios2eds/bin/gnu/h-x86_64-mingw32/bin/../lib/gcc/nios2-elf/5.3.0/../../../../../H-x86_64-mingw32/nios2-elf/lib/mhw-mulx\libc.a(lib_a-callocr.o)
 .text._calloc_r
                0x000000000080968c       0xc4 d:/quartus_lite_18.1/nios2eds/bin/gnu/h-x86_64-mingw32/bin/../lib/gcc/nios2-elf/5.3.0/../../../../../H-x86_64-mingw32/nios2-elf/lib/mhw-mulx\libc.a(lib_a-callocr.o)
                0x000000000080968c                _calloc_r
 .text          0x0000000000809750        0x0 d:/quartus_lite_18.1/nios2eds/bin/gnu/h-x86_64-mingw32/bin/../lib/gcc/nios2-elf/5.3.0/../../../../../H-x86_64-mingw32/nios2-elf/lib/mhw-mulx\libc.a(lib_a-fclose.o)
 .text._fclose_r
                0x0000000000809750       0xf0 d:/quartus_lite_18.1/nios2eds/bin/gnu/h-x86_64-mingw32/bin/../lib/gcc/nios2-elf/5.3.0/../../../../../H-x86_64-mingw32/nios2-elf/lib/mhw-mulx\libc.a(lib_a-fclose.o)
                0x0000000000809750                _fclose_r
 .text.fclose   0x0000000000809840       0x14 d:/quartus_lite_18.1/nios2eds/bin/gnu/h-x86_64-mingw32/bin/../lib/gcc/nios2-elf/5.3.0/../../../../../H-x86_64-mingw32/nios2-elf/lib/mhw-mulx\libc.a(lib_a-fclose.o)
                0x0000000000809840                fclose
 .text          0x0000000000809854        0x0 d:/quartus_lite_18.1/nios2eds/bin/gnu/h-x86_64-mingw32/bin/../lib/gcc/nios2-elf/5.3.0/../../../../../H-x86_64-mingw32/nios2-elf/lib/mhw-mulx\libc.a(lib_a-fputwc.o)
 .text.__fputwc
                0x0000000000809854      0x164 d:/quartus_lite_18.1/nios2eds/bin/gnu/h-x86_64-mingw32/bin/../lib/gcc/nios2-elf/5.3.0/../../../../../H-x86_64-mingw32/nios2-elf/lib/mhw-mulx\libc.a(lib_a-fputwc.o)
                0x0000000000809854                __fputwc
 .text._fputwc_r
                0x00000000008099b8       0x24 d:/quartus_lite_18.1/nios2eds/bin/gnu/h-x86_64-mingw32/bin/../lib/gcc/nios2-elf/5.3.0/../../../../../H-x86_64-mingw32/nios2-elf/lib/mhw-mulx\libc.a(lib_a-fputwc.o)
                0x00000000008099b8                _fputwc_r
 .text.fputwc   0x00000000008099dc       0x80 d:/quartus_lite_18.1/nios2eds/bin/gnu/h-x86_64-mingw32/bin/../lib/gcc/nios2-elf/5.3.0/../../../../../H-x86_64-mingw32/nios2-elf/lib/mhw-mulx\libc.a(lib_a-fputwc.o)
                0x00000000008099dc                fputwc
 .text          0x0000000000809a5c        0x0 d:/quartus_lite_18.1/nios2eds/bin/gnu/h-x86_64-mingw32/bin/../lib/gcc/nios2-elf/5.3.0/../../../../../H-x86_64-mingw32/nios2-elf/lib/mhw-mulx\libc.a(lib_a-fstatr.o)
 .text._fstat_r
                0x0000000000809a5c       0x5c d:/quartus_lite_18.1/nios2eds/bin/gnu/h-x86_64-mingw32/bin/../lib/gcc/nios2-elf/5.3.0/../../../../../H-x86_64-mingw32/nios2-elf/lib/mhw-mulx\libc.a(lib_a-fstatr.o)
                0x0000000000809a5c                _fstat_r
 .text          0x0000000000809ab8        0x0 d:/quartus_lite_18.1/nios2eds/bin/gnu/h-x86_64-mingw32/bin/../lib/gcc/nios2-elf/5.3.0/../../../../../H-x86_64-mingw32/nios2-elf/lib/mhw-mulx\libc.a(lib_a-int_errno.o)
 .text          0x0000000000809ab8        0x0 d:/quartus_lite_18.1/nios2eds/bin/gnu/h-x86_64-mingw32/bin/../lib/gcc/nios2-elf/5.3.0/../../../../../H-x86_64-mingw32/nios2-elf/lib/mhw-mulx\libc.a(lib_a-isattyr.o)
 .text._isatty_r
                0x0000000000809ab8       0x54 d:/quartus_lite_18.1/nios2eds/bin/gnu/h-x86_64-mingw32/bin/../lib/gcc/nios2-elf/5.3.0/../../../../../H-x86_64-mingw32/nios2-elf/lib/mhw-mulx\libc.a(lib_a-isattyr.o)
                0x0000000000809ab8                _isatty_r
 .text          0x0000000000809b0c        0x0 d:/quartus_lite_18.1/nios2eds/bin/gnu/h-x86_64-mingw32/bin/../lib/gcc/nios2-elf/5.3.0/../../../../../H-x86_64-mingw32/nios2-elf/lib/mhw-mulx\libc.a(lib_a-lseekr.o)
 .text._lseek_r
                0x0000000000809b0c       0x60 d:/quartus_lite_18.1/nios2eds/bin/gnu/h-x86_64-mingw32/bin/../lib/gcc/nios2-elf/5.3.0/../../../../../H-x86_64-mingw32/nios2-elf/lib/mhw-mulx\libc.a(lib_a-lseekr.o)
                0x0000000000809b0c                _lseek_r
 .text          0x0000000000809b6c        0x0 d:/quartus_lite_18.1/nios2eds/bin/gnu/h-x86_64-mingw32/bin/../lib/gcc/nios2-elf/5.3.0/../../../../../H-x86_64-mingw32/nios2-elf/lib/mhw-mulx\libc.a(lib_a-readr.o)
 .text._read_r  0x0000000000809b6c       0x60 d:/quartus_lite_18.1/nios2eds/bin/gnu/h-x86_64-mingw32/bin/../lib/gcc/nios2-elf/5.3.0/../../../../../H-x86_64-mingw32/nios2-elf/lib/mhw-mulx\libc.a(lib_a-readr.o)
                0x0000000000809b6c                _read_r
 .text          0x0000000000809bcc        0x0 d:/quartus_lite_18.1/nios2eds/bin/gnu/h-x86_64-mingw32/bin/../lib/gcc/nios2-elf/5.3.0/../../../../../H-x86_64-mingw32/nios2-elf/lib/mhw-mulx\libc.a(lib_a-wbuf.o)
 .text.__swbuf_r
                0x0000000000809bcc      0x140 d:/quartus_lite_18.1/nios2eds/bin/gnu/h-x86_64-mingw32/bin/../lib/gcc/nios2-elf/5.3.0/../../../../../H-x86_64-mingw32/nios2-elf/lib/mhw-mulx\libc.a(lib_a-wbuf.o)
                0x0000000000809bcc                __swbuf_r
 .text.__swbuf  0x0000000000809d0c       0x18 d:/quartus_lite_18.1/nios2eds/bin/gnu/h-x86_64-mingw32/bin/../lib/gcc/nios2-elf/5.3.0/../../../../../H-x86_64-mingw32/nios2-elf/lib/mhw-mulx\libc.a(lib_a-wbuf.o)
                0x0000000000809d0c                __swbuf
 .text          0x0000000000809d24        0x0 d:/quartus_lite_18.1/nios2eds/bin/gnu/h-x86_64-mingw32/bin/../lib/gcc/nios2-elf/5.3.0/../../../../../H-x86_64-mingw32/nios2-elf/lib/mhw-mulx\libc.a(lib_a-wcrtomb.o)
 .text._wcrtomb_r
                0x0000000000809d24       0x9c d:/quartus_lite_18.1/nios2eds/bin/gnu/h-x86_64-mingw32/bin/../lib/gcc/nios2-elf/5.3.0/../../../../../H-x86_64-mingw32/nios2-elf/lib/mhw-mulx\libc.a(lib_a-wcrtomb.o)
                0x0000000000809d24                _wcrtomb_r
 .text.wcrtomb  0x0000000000809dc0       0xc0 d:/quartus_lite_18.1/nios2eds/bin/gnu/h-x86_64-mingw32/bin/../lib/gcc/nios2-elf/5.3.0/../../../../../H-x86_64-mingw32/nios2-elf/lib/mhw-mulx\libc.a(lib_a-wcrtomb.o)
                0x0000000000809dc0                wcrtomb
 .text          0x0000000000809e80        0x0 d:/quartus_lite_18.1/nios2eds/bin/gnu/h-x86_64-mingw32/bin/../lib/gcc/nios2-elf/5.3.0/../../../../../H-x86_64-mingw32/nios2-elf/lib/mhw-mulx\libc.a(lib_a-wctomb_r.o)
 .text.__ascii_wctomb
                0x0000000000809e80       0x30 d:/quartus_lite_18.1/nios2eds/bin/gnu/h-x86_64-mingw32/bin/../lib/gcc/nios2-elf/5.3.0/../../../../../H-x86_64-mingw32/nios2-elf/lib/mhw-mulx\libc.a(lib_a-wctomb_r.o)
                0x0000000000809e80                __ascii_wctomb
 .text._wctomb_r
                0x0000000000809eb0       0x5c d:/quartus_lite_18.1/nios2eds/bin/gnu/h-x86_64-mingw32/bin/../lib/gcc/nios2-elf/5.3.0/../../../../../H-x86_64-mingw32/nios2-elf/lib/mhw-mulx\libc.a(lib_a-wctomb_r.o)
                0x0000000000809eb0                _wctomb_r
 .text          0x0000000000809f0c      0x578 d:/quartus_lite_18.1/nios2eds/bin/gnu/h-x86_64-mingw32/bin/../lib/gcc/nios2-elf/5.3.0/mhw-mulx\libgcc.a(_udivdi3.o)
                0x0000000000809f0c                __udivdi3
 .text          0x000000000080a484      0x538 d:/quartus_lite_18.1/nios2eds/bin/gnu/h-x86_64-mingw32/bin/../lib/gcc/nios2-elf/5.3.0/mhw-mulx\libgcc.a(_umoddi3.o)
                0x000000000080a484                __umoddi3
 .text          0x000000000080a9bc      0x1b4 d:/quartus_lite_18.1/nios2eds/bin/gnu/h-x86_64-mingw32/bin/../lib/gcc/nios2-elf/5.3.0/mhw-mulx\libgcc.a(lib2-divmod.o)
                0x000000000080a9bc                __divsi3
                0x000000000080aa40                __modsi3
                0x000000000080aab4                __udivsi3
                0x000000000080ab18                __umodsi3
 .text          0x000000000080ab70      0x8ac d:/quartus_lite_18.1/nios2eds/bin/gnu/h-x86_64-mingw32/bin/../lib/gcc/nios2-elf/5.3.0/mhw-mulx\libgcc.a(adddf3.o)
                0x000000000080ab70                __adddf3
 .text          0x000000000080b41c      0x8e8 d:/quartus_lite_18.1/nios2eds/bin/gnu/h-x86_64-mingw32/bin/../lib/gcc/nios2-elf/5.3.0/mhw-mulx\libgcc.a(divdf3.o)
                0x000000000080b41c                __divdf3
 .text          0x000000000080bd04       0x88 d:/quartus_lite_18.1/nios2eds/bin/gnu/h-x86_64-mingw32/bin/../lib/gcc/nios2-elf/5.3.0/mhw-mulx\libgcc.a(eqdf2.o)
                0x000000000080bd04                __nedf2
                0x000000000080bd04                __eqdf2
 .text          0x000000000080bd8c       0xdc d:/quartus_lite_18.1/nios2eds/bin/gnu/h-x86_64-mingw32/bin/../lib/gcc/nios2-elf/5.3.0/mhw-mulx\libgcc.a(gedf2.o)
                0x000000000080bd8c                __gedf2
                0x000000000080bd8c                __gtdf2
 .text          0x000000000080be68       0xf4 d:/quartus_lite_18.1/nios2eds/bin/gnu/h-x86_64-mingw32/bin/../lib/gcc/nios2-elf/5.3.0/mhw-mulx\libgcc.a(ledf2.o)
                0x000000000080be68                __ledf2
                0x000000000080be68                __ltdf2
 .text          0x000000000080bf5c      0x718 d:/quartus_lite_18.1/nios2eds/bin/gnu/h-x86_64-mingw32/bin/../lib/gcc/nios2-elf/5.3.0/mhw-mulx\libgcc.a(muldf3.o)
                0x000000000080bf5c                __muldf3
 .text          0x000000000080c674      0x8fc d:/quartus_lite_18.1/nios2eds/bin/gnu/h-x86_64-mingw32/bin/../lib/gcc/nios2-elf/5.3.0/mhw-mulx\libgcc.a(subdf3.o)
                0x000000000080c674                __subdf3
 .text          0x000000000080cf70       0x80 d:/quartus_lite_18.1/nios2eds/bin/gnu/h-x86_64-mingw32/bin/../lib/gcc/nios2-elf/5.3.0/mhw-mulx\libgcc.a(fixdfsi.o)
                0x000000000080cf70                __fixdfsi
 .text          0x000000000080cff0       0xdc d:/quartus_lite_18.1/nios2eds/bin/gnu/h-x86_64-mingw32/bin/../lib/gcc/nios2-elf/5.3.0/mhw-mulx\libgcc.a(floatsidf.o)
                0x000000000080cff0                __floatsidf
 .text          0x000000000080d0cc       0xa8 d:/quartus_lite_18.1/nios2eds/bin/gnu/h-x86_64-mingw32/bin/../lib/gcc/nios2-elf/5.3.0/mhw-mulx\libgcc.a(floatunsidf.o)
                0x000000000080d0cc                __floatunsidf
 .text          0x000000000080d174      0x10c ../hello_world_custom_instr_bsp/\libhal_bsp.a(alt_close.o)
                0x000000000080d1b0                close
 .text          0x000000000080d280       0x2c ../hello_world_custom_instr_bsp/\libhal_bsp.a(alt_dev.o)
 .text          0x000000000080d2ac        0x0 ../hello_world_custom_instr_bsp/\libhal_bsp.a(alt_errno.o)
 .text          0x000000000080d2ac       0xec ../hello_world_custom_instr_bsp/\libhal_bsp.a(alt_fstat.o)
                0x000000000080d2e8                fstat
 .text          0x000000000080d398       0xe0 ../hello_world_custom_instr_bsp/\libhal_bsp.a(alt_isatty.o)
                0x000000000080d3d4                isatty
 .text          0x000000000080d478       0xec ../hello_world_custom_instr_bsp/\libhal_bsp.a(alt_load.o)
                0x000000000080d4e0                alt_load
 .text          0x000000000080d564      0x110 ../hello_world_custom_instr_bsp/\libhal_bsp.a(alt_lseek.o)
                0x000000000080d5a0                lseek
 .text          0x000000000080d674       0x7c ../hello_world_custom_instr_bsp/\libhal_bsp.a(alt_main.o)
                0x000000000080d674                alt_main
 .text          0x000000000080d6f0       0x48 ../hello_world_custom_instr_bsp/\libhal_bsp.a(alt_malloc_lock.o)
                0x000000000080d6f0                __malloc_lock
                0x000000000080d714                __malloc_unlock
 .text          0x000000000080d738      0x138 ../hello_world_custom_instr_bsp/\libhal_bsp.a(alt_read.o)
                0x000000000080d774                read
 .text          0x000000000080d870       0x64 ../hello_world_custom_instr_bsp/\libhal_bsp.a(alt_release_fd.o)
                0x000000000080d870                alt_release_fd
 .text          0x000000000080d8d4       0xb0 ../hello_world_custom_instr_bsp/\libhal_bsp.a(alt_sbrk.o)
                0x000000000080d8d4                sbrk
 .text          0x000000000080d984      0x134 ../hello_world_custom_instr_bsp/\libhal_bsp.a(alt_write.o)
                0x000000000080d9c0                write
 .text          0x000000000080dab8       0xd0 ../hello_world_custom_instr_bsp/\libhal_bsp.a(alt_sys_init.o)
                0x000000000080daec                alt_irq_init
                0x000000000080db24                alt_sys_init
 .text          0x000000000080db88      0x164 ../hello_world_custom_instr_bsp/\libhal_bsp.a(altera_avalon_jtag_uart_fd.o)
                0x000000000080db88                altera_avalon_jtag_uart_read_fd
                0x000000000080dbe8                altera_avalon_jtag_uart_write_fd
                0x000000000080dc48                altera_avalon_jtag_uart_close_fd
                0x000000000080dc98                altera_avalon_jtag_uart_ioctl_fd
 .text          0x000000000080dcec      0x3d4 ../hello_world_custom_instr_bsp/\libhal_bsp.a(altera_avalon_jtag_uart_init.o)
                0x000000000080dcec                altera_avalon_jtag_uart_init
                0x000000000080e058                altera_avalon_jtag_uart_close
 .text          0x000000000080e0c0       0xf0 ../hello_world_custom_instr_bsp/\libhal_bsp.a(altera_avalon_jtag_uart_ioctl.o)
                0x000000000080e0c0                altera_avalon_jtag_uart_ioctl
 .text          0x000000000080e1b0      0x21c ../hello_world_custom_instr_bsp/\libhal_bsp.a(altera_avalon_jtag_uart_read.o)
                0x000000000080e1b0                altera_avalon_jtag_uart_read
 .text          0x000000000080e3cc      0x224 ../hello_world_custom_instr_bsp/\libhal_bsp.a(altera_avalon_jtag_uart_write.o)
                0x000000000080e3cc                altera_avalon_jtag_uart_write
 .text          0x000000000080e5f0       0xf4 ../hello_world_custom_instr_bsp/\libhal_bsp.a(altera_avalon_timer_sc.o)
                0x000000000080e668                alt_avalon_timer_sc_init
 .text          0x000000000080e6e4      0x12c ../hello_world_custom_instr_bsp/\libhal_bsp.a(alt_alarm_start.o)
                0x000000000080e6e4                alt_alarm_start
 .text          0x000000000080e810       0x48 ../hello_world_custom_instr_bsp/\libhal_bsp.a(alt_dcache_flush_all.o)
                0x000000000080e810                alt_dcache_flush_all
 .text          0x000000000080e858       0xe0 ../hello_world_custom_instr_bsp/\libhal_bsp.a(alt_dev_llist_insert.o)
                0x000000000080e894                alt_dev_llist_insert
 .text          0x000000000080e938       0x60 ../hello_world_custom_instr_bsp/\libhal_bsp.a(alt_do_ctors.o)
                0x000000000080e938                _do_ctors
 .text          0x000000000080e998       0x60 ../hello_world_custom_instr_bsp/\libhal_bsp.a(alt_do_dtors.o)
                0x000000000080e998                _do_dtors
 .text          0x000000000080e9f8       0x34 ../hello_world_custom_instr_bsp/\libhal_bsp.a(alt_icache_flush_all.o)
                0x000000000080e9f8                alt_icache_flush_all
 .text          0x000000000080ea2c      0x1b0 ../hello_world_custom_instr_bsp/\libhal_bsp.a(alt_iic.o)
                0x000000000080ea2c                alt_ic_isr_register
                0x000000000080ea7c                alt_ic_irq_enable
                0x000000000080eb04                alt_ic_irq_disable
                0x000000000080eb90                alt_ic_irq_enabled
 .text          0x000000000080ebdc       0xf0 ../hello_world_custom_instr_bsp/\libhal_bsp.a(alt_iic_isr_register.o)
                0x000000000080ebdc                alt_iic_isr_register
 .text          0x000000000080eccc      0x140 ../hello_world_custom_instr_bsp/\libhal_bsp.a(alt_io_redirect.o)
                0x000000000080ed90                alt_io_redirect
 .text          0x000000000080ee0c        0x0 ../hello_world_custom_instr_bsp/\libhal_bsp.a(alt_irq_entry.o)
 .text          0x000000000080ee0c        0x0 ../hello_world_custom_instr_bsp/\libhal_bsp.a(alt_irq_handler.o)
 .text          0x000000000080ee0c        0x0 ../hello_world_custom_instr_bsp/\libhal_bsp.a(alt_irq_vars.o)
 .text          0x000000000080ee0c      0x254 ../hello_world_custom_instr_bsp/\libhal_bsp.a(alt_open.o)
                0x000000000080ef0c                open
 .text          0x000000000080f060      0x1a4 ../hello_world_custom_instr_bsp/\libhal_bsp.a(alt_tick.o)
                0x000000000080f060                alt_alarm_stop
                0x000000000080f0fc                alt_tick
 .text          0x000000000080f204       0x24 ../hello_world_custom_instr_bsp/\libhal_bsp.a(altera_nios2_gen2_irq.o)
                0x000000000080f204                altera_nios2_gen2_irq_init
 .text          0x000000000080f228        0x0 ../hello_world_custom_instr_bsp/\libhal_bsp.a(alt_exception_entry.o)
 .text          0x000000000080f228       0x90 ../hello_world_custom_instr_bsp/\libhal_bsp.a(alt_find_dev.o)
                0x000000000080f228                alt_find_dev
 .text          0x000000000080f2b8      0x108 ../hello_world_custom_instr_bsp/\libhal_bsp.a(alt_find_file.o)
                0x000000000080f2b8                alt_find_file
 .text          0x000000000080f3c0       0xa4 ../hello_world_custom_instr_bsp/\libhal_bsp.a(alt_get_fd.o)
                0x000000000080f3c0                alt_get_fd
 .text          0x000000000080f464       0x90 ../hello_world_custom_instr_bsp/\libhal_bsp.a(alt_icache_flush.o)
                0x000000000080f464                alt_icache_flush
 .text          0x000000000080f4f4       0x9c ../hello_world_custom_instr_bsp/\libhal_bsp.a(alt_instruction_exception_entry.o)
                0x000000000080f4f4                alt_exception_cause_generated_bad_addr
 .text          0x000000000080f590        0x0 d:/quartus_lite_18.1/nios2eds/bin/gnu/h-x86_64-mingw32/bin/../lib/gcc/nios2-elf/5.3.0/../../../../../H-x86_64-mingw32/nios2-elf/lib/mhw-mulx\libc.a(lib_a-atexit.o)
 .text.atexit   0x000000000080f590       0x14 d:/quartus_lite_18.1/nios2eds/bin/gnu/h-x86_64-mingw32/bin/../lib/gcc/nios2-elf/5.3.0/../../../../../H-x86_64-mingw32/nios2-elf/lib/mhw-mulx\libc.a(lib_a-atexit.o)
                0x000000000080f590                atexit
 .text          0x000000000080f5a4        0x0 d:/quartus_lite_18.1/nios2eds/bin/gnu/h-x86_64-mingw32/bin/../lib/gcc/nios2-elf/5.3.0/../../../../../H-x86_64-mingw32/nios2-elf/lib/mhw-mulx\libc.a(lib_a-exit.o)
 .text.exit     0x000000000080f5a4       0x38 d:/quartus_lite_18.1/nios2eds/bin/gnu/h-x86_64-mingw32/bin/../lib/gcc/nios2-elf/5.3.0/../../../../../H-x86_64-mingw32/nios2-elf/lib/mhw-mulx\libc.a(lib_a-exit.o)
                0x000000000080f5a4                exit
 .text          0x000000000080f5dc        0x0 d:/quartus_lite_18.1/nios2eds/bin/gnu/h-x86_64-mingw32/bin/../lib/gcc/nios2-elf/5.3.0/../../../../../H-x86_64-mingw32/nios2-elf/lib/mhw-mulx\libc.a(lib_a-memcmp.o)
 .text.memcmp   0x000000000080f5dc       0x7c d:/quartus_lite_18.1/nios2eds/bin/gnu/h-x86_64-mingw32/bin/../lib/gcc/nios2-elf/5.3.0/../../../../../H-x86_64-mingw32/nios2-elf/lib/mhw-mulx\libc.a(lib_a-memcmp.o)
                0x000000000080f5dc                memcmp
 .text          0x000000000080f658        0x0 d:/quartus_lite_18.1/nios2eds/bin/gnu/h-x86_64-mingw32/bin/../lib/gcc/nios2-elf/5.3.0/../../../../../H-x86_64-mingw32/nios2-elf/lib/mhw-mulx\libc.a(lib_a-__atexit.o)
 .text.__register_exitproc
                0x000000000080f658      0x118 d:/quartus_lite_18.1/nios2eds/bin/gnu/h-x86_64-mingw32/bin/../lib/gcc/nios2-elf/5.3.0/../../../../../H-x86_64-mingw32/nios2-elf/lib/mhw-mulx\libc.a(lib_a-__atexit.o)
                0x000000000080f658                __register_exitproc
 .text          0x000000000080f770        0x0 d:/quartus_lite_18.1/nios2eds/bin/gnu/h-x86_64-mingw32/bin/../lib/gcc/nios2-elf/5.3.0/../../../../../H-x86_64-mingw32/nios2-elf/lib/mhw-mulx\libc.a(lib_a-__call_atexit.o)
 .text.__call_exitprocs
                0x000000000080f770      0x180 d:/quartus_lite_18.1/nios2eds/bin/gnu/h-x86_64-mingw32/bin/../lib/gcc/nios2-elf/5.3.0/../../../../../H-x86_64-mingw32/nios2-elf/lib/mhw-mulx\libc.a(lib_a-__call_atexit.o)
                0x000000000080f770                __call_exitprocs
 .text          0x000000000080f8f0       0x34 ../hello_world_custom_instr_bsp/\libhal_bsp.a(alt_exit.o)
                0x000000000080f8f0                _exit
 *(.gnu.warning.*)
 *(.fini)
                [!provide]                        PROVIDE (__etext, ABSOLUTE (.))
                [!provide]                        PROVIDE (_etext, ABSOLUTE (.))
                [!provide]                        PROVIDE (etext, ABSOLUTE (.))
 *(.eh_frame_hdr)
                0x000000000080f924                . = ALIGN (0x4)
                [!provide]                        PROVIDE (__preinit_array_start, ABSOLUTE (.))
 *(.preinit_array)
                [!provide]                        PROVIDE (__preinit_array_end, ABSOLUTE (.))
                [!provide]                        PROVIDE (__init_array_start, ABSOLUTE (.))
 *(.init_array)
                [!provide]                        PROVIDE (__init_array_end, ABSOLUTE (.))
                [!provide]                        PROVIDE (__fini_array_start, ABSOLUTE (.))
 *(.fini_array)
                [!provide]                        PROVIDE (__fini_array_end, ABSOLUTE (.))
 *(.eh_frame)
 *(.gcc_except_table .gcc_except_table.*)
 *(.dynamic)
                0x000000000080f924                PROVIDE (__CTOR_LIST__, ABSOLUTE (.))
 *(.ctors)
 *(SORT(.ctors.*))
                0x000000000080f924                PROVIDE (__CTOR_END__, ABSOLUTE (.))
                0x000000000080f924                PROVIDE (__DTOR_LIST__, ABSOLUTE (.))
 *(.dtors)
 *(SORT(.dtors.*))
                0x000000000080f924                PROVIDE (__DTOR_END__, ABSOLUTE (.))
 *(.jcr)
                0x000000000080f924                . = ALIGN (0x4)

.rodata         0x000000000080f924      0x354
                0x000000000080f924                PROVIDE (__ram_rodata_start, ABSOLUTE (.))
                0x000000000080f924                . = ALIGN (0x4)
 *(.rodata .rodata.* .gnu.linkonce.r.*)
 .rodata        0x000000000080f924       0x5c obj/default/hello_world.o
 .rodata        0x000000000080f980      0x100 d:/quartus_lite_18.1/nios2eds/bin/gnu/h-x86_64-mingw32/bin/../lib/gcc/nios2-elf/5.3.0/mhw-mulx\libgcc.a(_clz.o)
                0x000000000080f980                __clz_tab
 .rodata.str1.4
                0x000000000080fa80        0x2 d:/quartus_lite_18.1/nios2eds/bin/gnu/h-x86_64-mingw32/bin/../lib/gcc/nios2-elf/5.3.0/../../../../../H-x86_64-mingw32/nios2-elf/lib/mhw-mulx\libc.a(lib_a-puts.o)
 *fill*         0x000000000080fa82        0x2 
 .rodata.str1.4
                0x000000000080fa84       0x42 d:/quartus_lite_18.1/nios2eds/bin/gnu/h-x86_64-mingw32/bin/../lib/gcc/nios2-elf/5.3.0/../../../../../H-x86_64-mingw32/nios2-elf/lib/mhw-mulx\libc.a(lib_a-vfprintf.o)
 .rodata.zeroes.4404
                0x000000000080fac6       0x10 d:/quartus_lite_18.1/nios2eds/bin/gnu/h-x86_64-mingw32/bin/../lib/gcc/nios2-elf/5.3.0/../../../../../H-x86_64-mingw32/nios2-elf/lib/mhw-mulx\libc.a(lib_a-vfprintf.o)
 .rodata.blanks.4403
                0x000000000080fad6       0x10 d:/quartus_lite_18.1/nios2eds/bin/gnu/h-x86_64-mingw32/bin/../lib/gcc/nios2-elf/5.3.0/../../../../../H-x86_64-mingw32/nios2-elf/lib/mhw-mulx\libc.a(lib_a-vfprintf.o)
 *fill*         0x000000000080fae6        0x2 
 .rodata.str1.4
                0x000000000080fae8       0x10 d:/quartus_lite_18.1/nios2eds/bin/gnu/h-x86_64-mingw32/bin/../lib/gcc/nios2-elf/5.3.0/../../../../../H-x86_64-mingw32/nios2-elf/lib/mhw-mulx\libc.a(lib_a-dtoa.o)
                                         0x12 (size before relaxing)
 .rodata.str1.4
                0x000000000080faf8        0x2 d:/quartus_lite_18.1/nios2eds/bin/gnu/h-x86_64-mingw32/bin/../lib/gcc/nios2-elf/5.3.0/../../../../../H-x86_64-mingw32/nios2-elf/lib/mhw-mulx\libc.a(lib_a-impure.o)
 *fill*         0x000000000080fafa        0x2 
 .rodata.str1.4
                0x000000000080fafc        0xc d:/quartus_lite_18.1/nios2eds/bin/gnu/h-x86_64-mingw32/bin/../lib/gcc/nios2-elf/5.3.0/../../../../../H-x86_64-mingw32/nios2-elf/lib/mhw-mulx\libc.a(lib_a-locale.o)
                                         0x12 (size before relaxing)
 .rodata.p05.2768
                0x000000000080fb08        0xc d:/quartus_lite_18.1/nios2eds/bin/gnu/h-x86_64-mingw32/bin/../lib/gcc/nios2-elf/5.3.0/../../../../../H-x86_64-mingw32/nios2-elf/lib/mhw-mulx\libc.a(lib_a-mprec.o)
 .rodata.__mprec_tinytens
                0x000000000080fb14       0x28 d:/quartus_lite_18.1/nios2eds/bin/gnu/h-x86_64-mingw32/bin/../lib/gcc/nios2-elf/5.3.0/../../../../../H-x86_64-mingw32/nios2-elf/lib/mhw-mulx\libc.a(lib_a-mprec.o)
                0x000000000080fb14                __mprec_tinytens
 .rodata.__mprec_bigtens
                0x000000000080fb3c       0x28 d:/quartus_lite_18.1/nios2eds/bin/gnu/h-x86_64-mingw32/bin/../lib/gcc/nios2-elf/5.3.0/../../../../../H-x86_64-mingw32/nios2-elf/lib/mhw-mulx\libc.a(lib_a-mprec.o)
                0x000000000080fb3c                __mprec_bigtens
 .rodata.__mprec_tens
                0x000000000080fb64       0xc8 d:/quartus_lite_18.1/nios2eds/bin/gnu/h-x86_64-mingw32/bin/../lib/gcc/nios2-elf/5.3.0/../../../../../H-x86_64-mingw32/nios2-elf/lib/mhw-mulx\libc.a(lib_a-mprec.o)
                0x000000000080fb64                __mprec_tens
 .rodata.str1.4
                0x000000000080fc2c       0x2f d:/quartus_lite_18.1/nios2eds/bin/gnu/h-x86_64-mingw32/bin/../lib/gcc/nios2-elf/5.3.0/../../../../../H-x86_64-mingw32/nios2-elf/lib/mhw-mulx\libc.a(lib_a-vfiprintf.o)
 .rodata.zeroes.4349
                0x000000000080fc2c       0x10 d:/quartus_lite_18.1/nios2eds/bin/gnu/h-x86_64-mingw32/bin/../lib/gcc/nios2-elf/5.3.0/../../../../../H-x86_64-mingw32/nios2-elf/lib/mhw-mulx\libc.a(lib_a-vfiprintf.o)
 .rodata.blanks.4348
                0x000000000080fc3c       0x10 d:/quartus_lite_18.1/nios2eds/bin/gnu/h-x86_64-mingw32/bin/../lib/gcc/nios2-elf/5.3.0/../../../../../H-x86_64-mingw32/nios2-elf/lib/mhw-mulx\libc.a(lib_a-vfiprintf.o)
 .rodata        0x000000000080fc4c        0xa ../hello_world_custom_instr_bsp/\libhal_bsp.a(alt_dev.o)
 *fill*         0x000000000080fc56        0x2 
 .rodata        0x000000000080fc58        0xf ../hello_world_custom_instr_bsp/\libhal_bsp.a(alt_main.o)
 *fill*         0x000000000080fc67        0x1 
 .rodata        0x000000000080fc68        0xf ../hello_world_custom_instr_bsp/\libhal_bsp.a(alt_sys_init.o)
 *(.rodata1)
                0x000000000080fc78                . = ALIGN (0x4)
 *fill*         0x000000000080fc77        0x1 
                0x000000000080fc78                PROVIDE (__ram_rodata_end, ABSOLUTE (.))
                0x000000000080f924                PROVIDE (__flash_rodata_start, LOADADDR (.rodata))

.rwdata         0x000000000080fc78     0x1aec load address 0x0000000000811764
                0x000000000080fc78                PROVIDE (__ram_rwdata_start, ABSOLUTE (.))
                0x000000000080fc78                . = ALIGN (0x4)
 *(.got.plt)
 *(.got)
 *(.data1)
 *(.data .data.* .gnu.linkonce.d.*)
 .data          0x000000000080fc78        0x0 ../hello_world_custom_instr_bsp//obj/HAL/src/crt0.o
 .data          0x000000000080fc78        0x0 obj/default/hello_world.o
 .data          0x000000000080fc78        0x0 d:/quartus_lite_18.1/nios2eds/bin/gnu/h-x86_64-mingw32/bin/../lib/gcc/nios2-elf/5.3.0/mhw-mulx\libgcc.a(mulsf3.o)
 .data          0x000000000080fc78        0x0 d:/quartus_lite_18.1/nios2eds/bin/gnu/h-x86_64-mingw32/bin/../lib/gcc/nios2-elf/5.3.0/mhw-mulx\libgcc.a(extendsfdf2.o)
 .data          0x000000000080fc78        0x0 d:/quartus_lite_18.1/nios2eds/bin/gnu/h-x86_64-mingw32/bin/../lib/gcc/nios2-elf/5.3.0/mhw-mulx\libgcc.a(_clzsi2.o)
 .data          0x000000000080fc78        0x0 d:/quartus_lite_18.1/nios2eds/bin/gnu/h-x86_64-mingw32/bin/../lib/gcc/nios2-elf/5.3.0/mhw-mulx\libgcc.a(_clz.o)
 .data          0x000000000080fc78        0x0 d:/quartus_lite_18.1/nios2eds/bin/gnu/h-x86_64-mingw32/bin/../lib/gcc/nios2-elf/5.3.0/../../../../../H-x86_64-mingw32/nios2-elf/lib/mhw-mulx\libc.a(lib_a-printf.o)
 .data          0x000000000080fc78        0x0 d:/quartus_lite_18.1/nios2eds/bin/gnu/h-x86_64-mingw32/bin/../lib/gcc/nios2-elf/5.3.0/../../../../../H-x86_64-mingw32/nios2-elf/lib/mhw-mulx\libc.a(lib_a-puts.o)
 .data          0x000000000080fc78        0x0 d:/quartus_lite_18.1/nios2eds/bin/gnu/h-x86_64-mingw32/bin/../lib/gcc/nios2-elf/5.3.0/../../../../../H-x86_64-mingw32/nios2-elf/lib/mhw-mulx\libc.a(lib_a-strlen.o)
 .data          0x000000000080fc78        0x0 d:/quartus_lite_18.1/nios2eds/bin/gnu/h-x86_64-mingw32/bin/../lib/gcc/nios2-elf/5.3.0/../../../../../H-x86_64-mingw32/nios2-elf/lib/mhw-mulx\libc.a(lib_a-vfprintf.o)
 .data          0x000000000080fc78        0x0 d:/quartus_lite_18.1/nios2eds/bin/gnu/h-x86_64-mingw32/bin/../lib/gcc/nios2-elf/5.3.0/../../../../../H-x86_64-mingw32/nios2-elf/lib/mhw-mulx\libc.a(lib_a-wsetup.o)
 .data          0x000000000080fc78        0x0 d:/quartus_lite_18.1/nios2eds/bin/gnu/h-x86_64-mingw32/bin/../lib/gcc/nios2-elf/5.3.0/../../../../../H-x86_64-mingw32/nios2-elf/lib/mhw-mulx\libc.a(lib_a-dtoa.o)
 .data          0x000000000080fc78        0x0 d:/quartus_lite_18.1/nios2eds/bin/gnu/h-x86_64-mingw32/bin/../lib/gcc/nios2-elf/5.3.0/../../../../../H-x86_64-mingw32/nios2-elf/lib/mhw-mulx\libc.a(lib_a-fflush.o)
 .data          0x000000000080fc78        0x0 d:/quartus_lite_18.1/nios2eds/bin/gnu/h-x86_64-mingw32/bin/../lib/gcc/nios2-elf/5.3.0/../../../../../H-x86_64-mingw32/nios2-elf/lib/mhw-mulx\libc.a(lib_a-findfp.o)
 .data          0x000000000080fc78        0x0 d:/quartus_lite_18.1/nios2eds/bin/gnu/h-x86_64-mingw32/bin/../lib/gcc/nios2-elf/5.3.0/../../../../../H-x86_64-mingw32/nios2-elf/lib/mhw-mulx\libc.a(lib_a-freer.o)
 .data          0x000000000080fc78        0x0 d:/quartus_lite_18.1/nios2eds/bin/gnu/h-x86_64-mingw32/bin/../lib/gcc/nios2-elf/5.3.0/../../../../../H-x86_64-mingw32/nios2-elf/lib/mhw-mulx\libc.a(lib_a-fvwrite.o)
 .data          0x000000000080fc78        0x0 d:/quartus_lite_18.1/nios2eds/bin/gnu/h-x86_64-mingw32/bin/../lib/gcc/nios2-elf/5.3.0/../../../../../H-x86_64-mingw32/nios2-elf/lib/mhw-mulx\libc.a(lib_a-fwalk.o)
 .data          0x000000000080fc78        0x0 d:/quartus_lite_18.1/nios2eds/bin/gnu/h-x86_64-mingw32/bin/../lib/gcc/nios2-elf/5.3.0/../../../../../H-x86_64-mingw32/nios2-elf/lib/mhw-mulx\libc.a(lib_a-impure.o)
 .data.impure_data
                0x000000000080fc78      0x424 d:/quartus_lite_18.1/nios2eds/bin/gnu/h-x86_64-mingw32/bin/../lib/gcc/nios2-elf/5.3.0/../../../../../H-x86_64-mingw32/nios2-elf/lib/mhw-mulx\libc.a(lib_a-impure.o)
 .data          0x000000000081009c        0x0 d:/quartus_lite_18.1/nios2eds/bin/gnu/h-x86_64-mingw32/bin/../lib/gcc/nios2-elf/5.3.0/../../../../../H-x86_64-mingw32/nios2-elf/lib/mhw-mulx\libc.a(lib_a-locale.o)
 .data.lc_message_charset
                0x000000000081009c       0x20 d:/quartus_lite_18.1/nios2eds/bin/gnu/h-x86_64-mingw32/bin/../lib/gcc/nios2-elf/5.3.0/../../../../../H-x86_64-mingw32/nios2-elf/lib/mhw-mulx\libc.a(lib_a-locale.o)
 .data.lc_ctype_charset
                0x00000000008100bc       0x20 d:/quartus_lite_18.1/nios2eds/bin/gnu/h-x86_64-mingw32/bin/../lib/gcc/nios2-elf/5.3.0/../../../../../H-x86_64-mingw32/nios2-elf/lib/mhw-mulx\libc.a(lib_a-locale.o)
 .data.lconv    0x00000000008100dc       0x38 d:/quartus_lite_18.1/nios2eds/bin/gnu/h-x86_64-mingw32/bin/../lib/gcc/nios2-elf/5.3.0/../../../../../H-x86_64-mingw32/nios2-elf/lib/mhw-mulx\libc.a(lib_a-locale.o)
 .data          0x0000000000810114        0x0 d:/quartus_lite_18.1/nios2eds/bin/gnu/h-x86_64-mingw32/bin/../lib/gcc/nios2-elf/5.3.0/../../../../../H-x86_64-mingw32/nios2-elf/lib/mhw-mulx\libc.a(lib_a-makebuf.o)
 .data          0x0000000000810114        0x0 d:/quartus_lite_18.1/nios2eds/bin/gnu/h-x86_64-mingw32/bin/../lib/gcc/nios2-elf/5.3.0/../../../../../H-x86_64-mingw32/nios2-elf/lib/mhw-mulx\libc.a(lib_a-mallocr.o)
 .data.__malloc_av_
                0x0000000000810114      0x408 d:/quartus_lite_18.1/nios2eds/bin/gnu/h-x86_64-mingw32/bin/../lib/gcc/nios2-elf/5.3.0/../../../../../H-x86_64-mingw32/nios2-elf/lib/mhw-mulx\libc.a(lib_a-mallocr.o)
                0x0000000000810114                __malloc_av_
 .data          0x000000000081051c        0x0 d:/quartus_lite_18.1/nios2eds/bin/gnu/h-x86_64-mingw32/bin/../lib/gcc/nios2-elf/5.3.0/../../../../../H-x86_64-mingw32/nios2-elf/lib/mhw-mulx\libc.a(lib_a-memchr.o)
 .data          0x000000000081051c        0x0 d:/quartus_lite_18.1/nios2eds/bin/gnu/h-x86_64-mingw32/bin/../lib/gcc/nios2-elf/5.3.0/../../../../../H-x86_64-mingw32/nios2-elf/lib/mhw-mulx\libc.a(lib_a-memcpy.o)
 .data          0x000000000081051c        0x0 d:/quartus_lite_18.1/nios2eds/bin/gnu/h-x86_64-mingw32/bin/../lib/gcc/nios2-elf/5.3.0/../../../../../H-x86_64-mingw32/nios2-elf/lib/mhw-mulx\libc.a(lib_a-memmove.o)
 .data          0x000000000081051c        0x0 d:/quartus_lite_18.1/nios2eds/bin/gnu/h-x86_64-mingw32/bin/../lib/gcc/nios2-elf/5.3.0/../../../../../H-x86_64-mingw32/nios2-elf/lib/mhw-mulx\libc.a(lib_a-memset.o)
 .data          0x000000000081051c        0x0 d:/quartus_lite_18.1/nios2eds/bin/gnu/h-x86_64-mingw32/bin/../lib/gcc/nios2-elf/5.3.0/../../../../../H-x86_64-mingw32/nios2-elf/lib/mhw-mulx\libc.a(lib_a-mprec.o)
 .data          0x000000000081051c        0x0 d:/quartus_lite_18.1/nios2eds/bin/gnu/h-x86_64-mingw32/bin/../lib/gcc/nios2-elf/5.3.0/../../../../../H-x86_64-mingw32/nios2-elf/lib/mhw-mulx\libc.a(lib_a-reallocr.o)
 .data          0x000000000081051c        0x0 d:/quartus_lite_18.1/nios2eds/bin/gnu/h-x86_64-mingw32/bin/../lib/gcc/nios2-elf/5.3.0/../../../../../H-x86_64-mingw32/nios2-elf/lib/mhw-mulx\libc.a(lib_a-s_fpclassify.o)
 .data          0x000000000081051c        0x0 d:/quartus_lite_18.1/nios2eds/bin/gnu/h-x86_64-mingw32/bin/../lib/gcc/nios2-elf/5.3.0/../../../../../H-x86_64-mingw32/nios2-elf/lib/mhw-mulx\libc.a(lib_a-sbrkr.o)
 .data          0x000000000081051c        0x0 d:/quartus_lite_18.1/nios2eds/bin/gnu/h-x86_64-mingw32/bin/../lib/gcc/nios2-elf/5.3.0/../../../../../H-x86_64-mingw32/nios2-elf/lib/mhw-mulx\libc.a(lib_a-stdio.o)
 .data          0x000000000081051c        0x0 d:/quartus_lite_18.1/nios2eds/bin/gnu/h-x86_64-mingw32/bin/../lib/gcc/nios2-elf/5.3.0/../../../../../H-x86_64-mingw32/nios2-elf/lib/mhw-mulx\libc.a(lib_a-strcmp.o)
 .data          0x000000000081051c        0x0 d:/quartus_lite_18.1/nios2eds/bin/gnu/h-x86_64-mingw32/bin/../lib/gcc/nios2-elf/5.3.0/../../../../../H-x86_64-mingw32/nios2-elf/lib/mhw-mulx\libc.a(lib_a-vfiprintf.o)
 .data          0x000000000081051c        0x0 d:/quartus_lite_18.1/nios2eds/bin/gnu/h-x86_64-mingw32/bin/../lib/gcc/nios2-elf/5.3.0/../../../../../H-x86_64-mingw32/nios2-elf/lib/mhw-mulx\libc.a(lib_a-writer.o)
 .data          0x000000000081051c        0x0 d:/quartus_lite_18.1/nios2eds/bin/gnu/h-x86_64-mingw32/bin/../lib/gcc/nios2-elf/5.3.0/../../../../../H-x86_64-mingw32/nios2-elf/lib/mhw-mulx\libc.a(closer.o)
 .data          0x000000000081051c        0x0 d:/quartus_lite_18.1/nios2eds/bin/gnu/h-x86_64-mingw32/bin/../lib/gcc/nios2-elf/5.3.0/../../../../../H-x86_64-mingw32/nios2-elf/lib/mhw-mulx\libc.a(lib_a-callocr.o)
 .data          0x000000000081051c        0x0 d:/quartus_lite_18.1/nios2eds/bin/gnu/h-x86_64-mingw32/bin/../lib/gcc/nios2-elf/5.3.0/../../../../../H-x86_64-mingw32/nios2-elf/lib/mhw-mulx\libc.a(lib_a-fclose.o)
 .data          0x000000000081051c        0x0 d:/quartus_lite_18.1/nios2eds/bin/gnu/h-x86_64-mingw32/bin/../lib/gcc/nios2-elf/5.3.0/../../../../../H-x86_64-mingw32/nios2-elf/lib/mhw-mulx\libc.a(lib_a-fputwc.o)
 .data          0x000000000081051c        0x0 d:/quartus_lite_18.1/nios2eds/bin/gnu/h-x86_64-mingw32/bin/../lib/gcc/nios2-elf/5.3.0/../../../../../H-x86_64-mingw32/nios2-elf/lib/mhw-mulx\libc.a(lib_a-fstatr.o)
 .data          0x000000000081051c        0x0 d:/quartus_lite_18.1/nios2eds/bin/gnu/h-x86_64-mingw32/bin/../lib/gcc/nios2-elf/5.3.0/../../../../../H-x86_64-mingw32/nios2-elf/lib/mhw-mulx\libc.a(lib_a-int_errno.o)
 .data          0x000000000081051c        0x0 d:/quartus_lite_18.1/nios2eds/bin/gnu/h-x86_64-mingw32/bin/../lib/gcc/nios2-elf/5.3.0/../../../../../H-x86_64-mingw32/nios2-elf/lib/mhw-mulx\libc.a(lib_a-isattyr.o)
 .data          0x000000000081051c        0x0 d:/quartus_lite_18.1/nios2eds/bin/gnu/h-x86_64-mingw32/bin/../lib/gcc/nios2-elf/5.3.0/../../../../../H-x86_64-mingw32/nios2-elf/lib/mhw-mulx\libc.a(lib_a-lseekr.o)
 .data          0x000000000081051c        0x0 d:/quartus_lite_18.1/nios2eds/bin/gnu/h-x86_64-mingw32/bin/../lib/gcc/nios2-elf/5.3.0/../../../../../H-x86_64-mingw32/nios2-elf/lib/mhw-mulx\libc.a(lib_a-readr.o)
 .data          0x000000000081051c        0x0 d:/quartus_lite_18.1/nios2eds/bin/gnu/h-x86_64-mingw32/bin/../lib/gcc/nios2-elf/5.3.0/../../../../../H-x86_64-mingw32/nios2-elf/lib/mhw-mulx\libc.a(lib_a-wbuf.o)
 .data          0x000000000081051c        0x0 d:/quartus_lite_18.1/nios2eds/bin/gnu/h-x86_64-mingw32/bin/../lib/gcc/nios2-elf/5.3.0/../../../../../H-x86_64-mingw32/nios2-elf/lib/mhw-mulx\libc.a(lib_a-wcrtomb.o)
 .data          0x000000000081051c        0x0 d:/quartus_lite_18.1/nios2eds/bin/gnu/h-x86_64-mingw32/bin/../lib/gcc/nios2-elf/5.3.0/../../../../../H-x86_64-mingw32/nios2-elf/lib/mhw-mulx\libc.a(lib_a-wctomb_r.o)
 .data          0x000000000081051c        0x0 d:/quartus_lite_18.1/nios2eds/bin/gnu/h-x86_64-mingw32/bin/../lib/gcc/nios2-elf/5.3.0/mhw-mulx\libgcc.a(_udivdi3.o)
 .data          0x000000000081051c        0x0 d:/quartus_lite_18.1/nios2eds/bin/gnu/h-x86_64-mingw32/bin/../lib/gcc/nios2-elf/5.3.0/mhw-mulx\libgcc.a(_umoddi3.o)
 .data          0x000000000081051c        0x0 d:/quartus_lite_18.1/nios2eds/bin/gnu/h-x86_64-mingw32/bin/../lib/gcc/nios2-elf/5.3.0/mhw-mulx\libgcc.a(lib2-divmod.o)
 .data          0x000000000081051c        0x0 d:/quartus_lite_18.1/nios2eds/bin/gnu/h-x86_64-mingw32/bin/../lib/gcc/nios2-elf/5.3.0/mhw-mulx\libgcc.a(adddf3.o)
 .data          0x000000000081051c        0x0 d:/quartus_lite_18.1/nios2eds/bin/gnu/h-x86_64-mingw32/bin/../lib/gcc/nios2-elf/5.3.0/mhw-mulx\libgcc.a(divdf3.o)
 .data          0x000000000081051c        0x0 d:/quartus_lite_18.1/nios2eds/bin/gnu/h-x86_64-mingw32/bin/../lib/gcc/nios2-elf/5.3.0/mhw-mulx\libgcc.a(eqdf2.o)
 .data          0x000000000081051c        0x0 d:/quartus_lite_18.1/nios2eds/bin/gnu/h-x86_64-mingw32/bin/../lib/gcc/nios2-elf/5.3.0/mhw-mulx\libgcc.a(gedf2.o)
 .data          0x000000000081051c        0x0 d:/quartus_lite_18.1/nios2eds/bin/gnu/h-x86_64-mingw32/bin/../lib/gcc/nios2-elf/5.3.0/mhw-mulx\libgcc.a(ledf2.o)
 .data          0x000000000081051c        0x0 d:/quartus_lite_18.1/nios2eds/bin/gnu/h-x86_64-mingw32/bin/../lib/gcc/nios2-elf/5.3.0/mhw-mulx\libgcc.a(muldf3.o)
 .data          0x000000000081051c        0x0 d:/quartus_lite_18.1/nios2eds/bin/gnu/h-x86_64-mingw32/bin/../lib/gcc/nios2-elf/5.3.0/mhw-mulx\libgcc.a(subdf3.o)
 .data          0x000000000081051c        0x0 d:/quartus_lite_18.1/nios2eds/bin/gnu/h-x86_64-mingw32/bin/../lib/gcc/nios2-elf/5.3.0/mhw-mulx\libgcc.a(fixdfsi.o)
 .data          0x000000000081051c        0x0 d:/quartus_lite_18.1/nios2eds/bin/gnu/h-x86_64-mingw32/bin/../lib/gcc/nios2-elf/5.3.0/mhw-mulx\libgcc.a(floatsidf.o)
 .data          0x000000000081051c        0x0 d:/quartus_lite_18.1/nios2eds/bin/gnu/h-x86_64-mingw32/bin/../lib/gcc/nios2-elf/5.3.0/mhw-mulx\libgcc.a(floatunsidf.o)
 .data          0x000000000081051c        0x0 ../hello_world_custom_instr_bsp/\libhal_bsp.a(alt_close.o)
 .data          0x000000000081051c      0x1a8 ../hello_world_custom_instr_bsp/\libhal_bsp.a(alt_dev.o)
                0x000000000081051c                alt_dev_null
                0x0000000000810544                alt_fd_list
 .data          0x00000000008106c4        0x0 ../hello_world_custom_instr_bsp/\libhal_bsp.a(alt_errno.o)
 .data          0x00000000008106c4        0x0 ../hello_world_custom_instr_bsp/\libhal_bsp.a(alt_fstat.o)
 .data          0x00000000008106c4        0x0 ../hello_world_custom_instr_bsp/\libhal_bsp.a(alt_isatty.o)
 .data          0x00000000008106c4        0x0 ../hello_world_custom_instr_bsp/\libhal_bsp.a(alt_load.o)
 .data          0x00000000008106c4        0x0 ../hello_world_custom_instr_bsp/\libhal_bsp.a(alt_lseek.o)
 .data          0x00000000008106c4        0x0 ../hello_world_custom_instr_bsp/\libhal_bsp.a(alt_main.o)
 .data          0x00000000008106c4        0x0 ../hello_world_custom_instr_bsp/\libhal_bsp.a(alt_malloc_lock.o)
 .data          0x00000000008106c4        0x0 ../hello_world_custom_instr_bsp/\libhal_bsp.a(alt_read.o)
 .data          0x00000000008106c4        0x0 ../hello_world_custom_instr_bsp/\libhal_bsp.a(alt_release_fd.o)
 .data          0x00000000008106c4        0x0 ../hello_world_custom_instr_bsp/\libhal_bsp.a(alt_sbrk.o)
 .data          0x00000000008106c4        0x0 ../hello_world_custom_instr_bsp/\libhal_bsp.a(alt_write.o)
 .data          0x00000000008106c4     0x1060 ../hello_world_custom_instr_bsp/\libhal_bsp.a(alt_sys_init.o)
 .data          0x0000000000811724        0x0 ../hello_world_custom_instr_bsp/\libhal_bsp.a(altera_avalon_jtag_uart_fd.o)
 .data          0x0000000000811724        0x0 ../hello_world_custom_instr_bsp/\libhal_bsp.a(altera_avalon_jtag_uart_init.o)
 .data          0x0000000000811724        0x0 ../hello_world_custom_instr_bsp/\libhal_bsp.a(altera_avalon_jtag_uart_ioctl.o)
 .data          0x0000000000811724        0x0 ../hello_world_custom_instr_bsp/\libhal_bsp.a(altera_avalon_jtag_uart_read.o)
 .data          0x0000000000811724        0x0 ../hello_world_custom_instr_bsp/\libhal_bsp.a(altera_avalon_jtag_uart_write.o)
 .data          0x0000000000811724        0x0 ../hello_world_custom_instr_bsp/\libhal_bsp.a(altera_avalon_timer_sc.o)
 .data          0x0000000000811724        0x0 ../hello_world_custom_instr_bsp/\libhal_bsp.a(alt_alarm_start.o)
 .data          0x0000000000811724        0x0 ../hello_world_custom_instr_bsp/\libhal_bsp.a(alt_dcache_flush_all.o)
 .data          0x0000000000811724        0x0 ../hello_world_custom_instr_bsp/\libhal_bsp.a(alt_dev_llist_insert.o)
 .data          0x0000000000811724        0x0 ../hello_world_custom_instr_bsp/\libhal_bsp.a(alt_do_ctors.o)
 .data          0x0000000000811724        0x0 ../hello_world_custom_instr_bsp/\libhal_bsp.a(alt_do_dtors.o)
 .data          0x0000000000811724        0x0 ../hello_world_custom_instr_bsp/\libhal_bsp.a(alt_icache_flush_all.o)
 .data          0x0000000000811724        0x0 ../hello_world_custom_instr_bsp/\libhal_bsp.a(alt_iic.o)
 .data          0x0000000000811724        0x0 ../hello_world_custom_instr_bsp/\libhal_bsp.a(alt_iic_isr_register.o)
 .data          0x0000000000811724        0x0 ../hello_world_custom_instr_bsp/\libhal_bsp.a(alt_io_redirect.o)
 .data          0x0000000000811724        0x0 ../hello_world_custom_instr_bsp/\libhal_bsp.a(alt_irq_entry.o)
 .data          0x0000000000811724        0x0 ../hello_world_custom_instr_bsp/\libhal_bsp.a(alt_irq_handler.o)
 .data          0x0000000000811724        0x0 ../hello_world_custom_instr_bsp/\libhal_bsp.a(alt_irq_vars.o)
 .data          0x0000000000811724        0x0 ../hello_world_custom_instr_bsp/\libhal_bsp.a(alt_open.o)
 .data          0x0000000000811724        0x0 ../hello_world_custom_instr_bsp/\libhal_bsp.a(alt_tick.o)
 .data          0x0000000000811724        0x0 ../hello_world_custom_instr_bsp/\libhal_bsp.a(altera_nios2_gen2_irq.o)
 .data          0x0000000000811724        0x0 ../hello_world_custom_instr_bsp/\libhal_bsp.a(alt_exception_entry.o)
 .data          0x0000000000811724        0x0 ../hello_world_custom_instr_bsp/\libhal_bsp.a(alt_find_dev.o)
 .data          0x0000000000811724        0x0 ../hello_world_custom_instr_bsp/\libhal_bsp.a(alt_find_file.o)
 .data          0x0000000000811724        0x0 ../hello_world_custom_instr_bsp/\libhal_bsp.a(alt_get_fd.o)
 .data          0x0000000000811724        0x0 ../hello_world_custom_instr_bsp/\libhal_bsp.a(alt_icache_flush.o)
 .data          0x0000000000811724        0x0 ../hello_world_custom_instr_bsp/\libhal_bsp.a(alt_instruction_exception_entry.o)
 .data          0x0000000000811724        0x0 d:/quartus_lite_18.1/nios2eds/bin/gnu/h-x86_64-mingw32/bin/../lib/gcc/nios2-elf/5.3.0/../../../../../H-x86_64-mingw32/nios2-elf/lib/mhw-mulx\libc.a(lib_a-atexit.o)
 .data          0x0000000000811724        0x0 d:/quartus_lite_18.1/nios2eds/bin/gnu/h-x86_64-mingw32/bin/../lib/gcc/nios2-elf/5.3.0/../../../../../H-x86_64-mingw32/nios2-elf/lib/mhw-mulx\libc.a(lib_a-exit.o)
 .data          0x0000000000811724        0x0 d:/quartus_lite_18.1/nios2eds/bin/gnu/h-x86_64-mingw32/bin/../lib/gcc/nios2-elf/5.3.0/../../../../../H-x86_64-mingw32/nios2-elf/lib/mhw-mulx\libc.a(lib_a-memcmp.o)
 .data          0x0000000000811724        0x0 d:/quartus_lite_18.1/nios2eds/bin/gnu/h-x86_64-mingw32/bin/../lib/gcc/nios2-elf/5.3.0/../../../../../H-x86_64-mingw32/nios2-elf/lib/mhw-mulx\libc.a(lib_a-__atexit.o)
 .data          0x0000000000811724        0x0 d:/quartus_lite_18.1/nios2eds/bin/gnu/h-x86_64-mingw32/bin/../lib/gcc/nios2-elf/5.3.0/../../../../../H-x86_64-mingw32/nios2-elf/lib/mhw-mulx\libc.a(lib_a-__call_atexit.o)
 .data          0x0000000000811724        0x0 ../hello_world_custom_instr_bsp/\libhal_bsp.a(alt_exit.o)
                0x0000000000819724                _gp = ABSOLUTE ((. + 0x8000))
                [!provide]                        PROVIDE (gp, _gp)
 *(.rwdata .rwdata.*)
 *(.sdata .sdata.* .gnu.linkonce.s.*)
 .sdata._global_impure_ptr
                0x0000000000811724        0x4 d:/quartus_lite_18.1/nios2eds/bin/gnu/h-x86_64-mingw32/bin/../lib/gcc/nios2-elf/5.3.0/../../../../../H-x86_64-mingw32/nios2-elf/lib/mhw-mulx\libc.a(lib_a-impure.o)
                0x0000000000811724                _global_impure_ptr
 .sdata._impure_ptr
                0x0000000000811728        0x4 d:/quartus_lite_18.1/nios2eds/bin/gnu/h-x86_64-mingw32/bin/../lib/gcc/nios2-elf/5.3.0/../../../../../H-x86_64-mingw32/nios2-elf/lib/mhw-mulx\libc.a(lib_a-impure.o)
                0x0000000000811728                _impure_ptr
 .sdata.__mb_cur_max
                0x000000000081172c        0x4 d:/quartus_lite_18.1/nios2eds/bin/gnu/h-x86_64-mingw32/bin/../lib/gcc/nios2-elf/5.3.0/../../../../../H-x86_64-mingw32/nios2-elf/lib/mhw-mulx\libc.a(lib_a-locale.o)
                0x000000000081172c                __mb_cur_max
 .sdata.__malloc_sbrk_base
                0x0000000000811730        0x4 d:/quartus_lite_18.1/nios2eds/bin/gnu/h-x86_64-mingw32/bin/../lib/gcc/nios2-elf/5.3.0/../../../../../H-x86_64-mingw32/nios2-elf/lib/mhw-mulx\libc.a(lib_a-mallocr.o)
                0x0000000000811730                __malloc_sbrk_base
 .sdata.__malloc_trim_threshold
                0x0000000000811734        0x4 d:/quartus_lite_18.1/nios2eds/bin/gnu/h-x86_64-mingw32/bin/../lib/gcc/nios2-elf/5.3.0/../../../../../H-x86_64-mingw32/nios2-elf/lib/mhw-mulx\libc.a(lib_a-mallocr.o)
                0x0000000000811734                __malloc_trim_threshold
 .sdata.__wctomb
                0x0000000000811738        0x4 d:/quartus_lite_18.1/nios2eds/bin/gnu/h-x86_64-mingw32/bin/../lib/gcc/nios2-elf/5.3.0/../../../../../H-x86_64-mingw32/nios2-elf/lib/mhw-mulx\libc.a(lib_a-wctomb_r.o)
                0x0000000000811738                __wctomb
 .sdata         0x000000000081173c       0x14 ../hello_world_custom_instr_bsp/\libhal_bsp.a(alt_dev.o)
                0x000000000081173c                alt_fs_list
                0x0000000000811744                alt_dev_list
                0x000000000081174c                alt_max_fd
 .sdata         0x0000000000811750        0x4 ../hello_world_custom_instr_bsp/\libhal_bsp.a(alt_errno.o)
                0x0000000000811750                alt_errno
 .sdata         0x0000000000811754        0x4 ../hello_world_custom_instr_bsp/\libhal_bsp.a(alt_sbrk.o)
 .sdata         0x0000000000811758        0x4 ../hello_world_custom_instr_bsp/\libhal_bsp.a(alt_irq_vars.o)
                0x0000000000811758                alt_priority_mask
 .sdata         0x000000000081175c        0x8 ../hello_world_custom_instr_bsp/\libhal_bsp.a(alt_tick.o)
                0x000000000081175c                alt_alarm_list
 *(.sdata2 .sdata2.* .gnu.linkonce.s2.*)
                0x0000000000811764                . = ALIGN (0x4)
                0x0000000000811764                _edata = ABSOLUTE (.)
                [!provide]                        PROVIDE (edata, ABSOLUTE (.))
                0x0000000000811764                PROVIDE (__ram_rwdata_end, ABSOLUTE (.))
                0x0000000000811764                PROVIDE (__flash_rwdata_start, LOADADDR (.rwdata))

.bss            0x0000000000813250      0x160
                0x0000000000813250                __bss_start = ABSOLUTE (.)
                [!provide]                        PROVIDE (__sbss_start, ABSOLUTE (.))
                [!provide]                        PROVIDE (___sbss_start, ABSOLUTE (.))
 *(.dynsbss)
 *(.sbss .sbss.* .gnu.linkonce.sb.*)
 .sbss._PathLocale
                0x0000000000813250        0x4 d:/quartus_lite_18.1/nios2eds/bin/gnu/h-x86_64-mingw32/bin/../lib/gcc/nios2-elf/5.3.0/../../../../../H-x86_64-mingw32/nios2-elf/lib/mhw-mulx\libc.a(lib_a-locale.o)
                0x0000000000813250                _PathLocale
 .sbss.__mlocale_changed
                0x0000000000813254        0x4 d:/quartus_lite_18.1/nios2eds/bin/gnu/h-x86_64-mingw32/bin/../lib/gcc/nios2-elf/5.3.0/../../../../../H-x86_64-mingw32/nios2-elf/lib/mhw-mulx\libc.a(lib_a-locale.o)
                0x0000000000813254                __mlocale_changed
 .sbss.__nlocale_changed
                0x0000000000813258        0x4 d:/quartus_lite_18.1/nios2eds/bin/gnu/h-x86_64-mingw32/bin/../lib/gcc/nios2-elf/5.3.0/../../../../../H-x86_64-mingw32/nios2-elf/lib/mhw-mulx\libc.a(lib_a-locale.o)
                0x0000000000813258                __nlocale_changed
 .sbss.__malloc_max_total_mem
                0x000000000081325c        0x4 d:/quartus_lite_18.1/nios2eds/bin/gnu/h-x86_64-mingw32/bin/../lib/gcc/nios2-elf/5.3.0/../../../../../H-x86_64-mingw32/nios2-elf/lib/mhw-mulx\libc.a(lib_a-mallocr.o)
                0x000000000081325c                __malloc_max_total_mem
 .sbss.__malloc_max_sbrked_mem
                0x0000000000813260        0x4 d:/quartus_lite_18.1/nios2eds/bin/gnu/h-x86_64-mingw32/bin/../lib/gcc/nios2-elf/5.3.0/../../../../../H-x86_64-mingw32/nios2-elf/lib/mhw-mulx\libc.a(lib_a-mallocr.o)
                0x0000000000813260                __malloc_max_sbrked_mem
 .sbss.__malloc_top_pad
                0x0000000000813264        0x4 d:/quartus_lite_18.1/nios2eds/bin/gnu/h-x86_64-mingw32/bin/../lib/gcc/nios2-elf/5.3.0/../../../../../H-x86_64-mingw32/nios2-elf/lib/mhw-mulx\libc.a(lib_a-mallocr.o)
                0x0000000000813264                __malloc_top_pad
 .sbss          0x0000000000813268        0x4 d:/quartus_lite_18.1/nios2eds/bin/gnu/h-x86_64-mingw32/bin/../lib/gcc/nios2-elf/5.3.0/../../../../../H-x86_64-mingw32/nios2-elf/lib/mhw-mulx\libc.a(lib_a-int_errno.o)
                0x0000000000813268                errno
 .sbss          0x000000000081326c        0xc ../hello_world_custom_instr_bsp/\libhal_bsp.a(alt_main.o)
                0x000000000081326c                alt_argc
                0x0000000000813270                alt_argv
                0x0000000000813274                alt_envp
 .sbss          0x0000000000813278        0x4 ../hello_world_custom_instr_bsp/\libhal_bsp.a(alt_irq_vars.o)
                0x0000000000813278                alt_irq_active
 .sbss          0x000000000081327c        0x8 ../hello_world_custom_instr_bsp/\libhal_bsp.a(alt_tick.o)
                0x000000000081327c                _alt_tick_rate
                0x0000000000813280                _alt_nticks
 .sbss          0x0000000000813284        0x4 ../hello_world_custom_instr_bsp/\libhal_bsp.a(alt_instruction_exception_entry.o)
                0x0000000000813284                alt_instruction_exception_handler
 *(.sbss2 .sbss2.* .gnu.linkonce.sb2.*)
 *(.scommon)
                [!provide]                        PROVIDE (__sbss_end, ABSOLUTE (.))
                [!provide]                        PROVIDE (___sbss_end, ABSOLUTE (.))
 *(.dynbss)
 *(.bss .bss.* .gnu.linkonce.b.*)
 .bss           0x0000000000813288        0x0 ../hello_world_custom_instr_bsp//obj/HAL/src/crt0.o
 .bss           0x0000000000813288        0x0 obj/default/hello_world.o
 .bss           0x0000000000813288        0x0 d:/quartus_lite_18.1/nios2eds/bin/gnu/h-x86_64-mingw32/bin/../lib/gcc/nios2-elf/5.3.0/mhw-mulx\libgcc.a(mulsf3.o)
 .bss           0x0000000000813288        0x0 d:/quartus_lite_18.1/nios2eds/bin/gnu/h-x86_64-mingw32/bin/../lib/gcc/nios2-elf/5.3.0/mhw-mulx\libgcc.a(extendsfdf2.o)
 .bss           0x0000000000813288        0x0 d:/quartus_lite_18.1/nios2eds/bin/gnu/h-x86_64-mingw32/bin/../lib/gcc/nios2-elf/5.3.0/mhw-mulx\libgcc.a(_clzsi2.o)
 .bss           0x0000000000813288        0x0 d:/quartus_lite_18.1/nios2eds/bin/gnu/h-x86_64-mingw32/bin/../lib/gcc/nios2-elf/5.3.0/mhw-mulx\libgcc.a(_clz.o)
 .bss           0x0000000000813288        0x0 d:/quartus_lite_18.1/nios2eds/bin/gnu/h-x86_64-mingw32/bin/../lib/gcc/nios2-elf/5.3.0/../../../../../H-x86_64-mingw32/nios2-elf/lib/mhw-mulx\libc.a(lib_a-printf.o)
 .bss           0x0000000000813288        0x0 d:/quartus_lite_18.1/nios2eds/bin/gnu/h-x86_64-mingw32/bin/../lib/gcc/nios2-elf/5.3.0/../../../../../H-x86_64-mingw32/nios2-elf/lib/mhw-mulx\libc.a(lib_a-puts.o)
 .bss           0x0000000000813288        0x0 d:/quartus_lite_18.1/nios2eds/bin/gnu/h-x86_64-mingw32/bin/../lib/gcc/nios2-elf/5.3.0/../../../../../H-x86_64-mingw32/nios2-elf/lib/mhw-mulx\libc.a(lib_a-strlen.o)
 .bss           0x0000000000813288        0x0 d:/quartus_lite_18.1/nios2eds/bin/gnu/h-x86_64-mingw32/bin/../lib/gcc/nios2-elf/5.3.0/../../../../../H-x86_64-mingw32/nios2-elf/lib/mhw-mulx\libc.a(lib_a-vfprintf.o)
 .bss           0x0000000000813288        0x0 d:/quartus_lite_18.1/nios2eds/bin/gnu/h-x86_64-mingw32/bin/../lib/gcc/nios2-elf/5.3.0/../../../../../H-x86_64-mingw32/nios2-elf/lib/mhw-mulx\libc.a(lib_a-wsetup.o)
 .bss           0x0000000000813288        0x0 d:/quartus_lite_18.1/nios2eds/bin/gnu/h-x86_64-mingw32/bin/../lib/gcc/nios2-elf/5.3.0/../../../../../H-x86_64-mingw32/nios2-elf/lib/mhw-mulx\libc.a(lib_a-dtoa.o)
 .bss           0x0000000000813288        0x0 d:/quartus_lite_18.1/nios2eds/bin/gnu/h-x86_64-mingw32/bin/../lib/gcc/nios2-elf/5.3.0/../../../../../H-x86_64-mingw32/nios2-elf/lib/mhw-mulx\libc.a(lib_a-fflush.o)
 .bss           0x0000000000813288        0x0 d:/quartus_lite_18.1/nios2eds/bin/gnu/h-x86_64-mingw32/bin/../lib/gcc/nios2-elf/5.3.0/../../../../../H-x86_64-mingw32/nios2-elf/lib/mhw-mulx\libc.a(lib_a-findfp.o)
 .bss           0x0000000000813288        0x0 d:/quartus_lite_18.1/nios2eds/bin/gnu/h-x86_64-mingw32/bin/../lib/gcc/nios2-elf/5.3.0/../../../../../H-x86_64-mingw32/nios2-elf/lib/mhw-mulx\libc.a(lib_a-freer.o)
 .bss           0x0000000000813288        0x0 d:/quartus_lite_18.1/nios2eds/bin/gnu/h-x86_64-mingw32/bin/../lib/gcc/nios2-elf/5.3.0/../../../../../H-x86_64-mingw32/nios2-elf/lib/mhw-mulx\libc.a(lib_a-fvwrite.o)
 .bss           0x0000000000813288        0x0 d:/quartus_lite_18.1/nios2eds/bin/gnu/h-x86_64-mingw32/bin/../lib/gcc/nios2-elf/5.3.0/../../../../../H-x86_64-mingw32/nios2-elf/lib/mhw-mulx\libc.a(lib_a-fwalk.o)
 .bss           0x0000000000813288        0x0 d:/quartus_lite_18.1/nios2eds/bin/gnu/h-x86_64-mingw32/bin/../lib/gcc/nios2-elf/5.3.0/../../../../../H-x86_64-mingw32/nios2-elf/lib/mhw-mulx\libc.a(lib_a-impure.o)
 .bss           0x0000000000813288        0x0 d:/quartus_lite_18.1/nios2eds/bin/gnu/h-x86_64-mingw32/bin/../lib/gcc/nios2-elf/5.3.0/../../../../../H-x86_64-mingw32/nios2-elf/lib/mhw-mulx\libc.a(lib_a-locale.o)
 .bss           0x0000000000813288        0x0 d:/quartus_lite_18.1/nios2eds/bin/gnu/h-x86_64-mingw32/bin/../lib/gcc/nios2-elf/5.3.0/../../../../../H-x86_64-mingw32/nios2-elf/lib/mhw-mulx\libc.a(lib_a-makebuf.o)
 .bss           0x0000000000813288        0x0 d:/quartus_lite_18.1/nios2eds/bin/gnu/h-x86_64-mingw32/bin/../lib/gcc/nios2-elf/5.3.0/../../../../../H-x86_64-mingw32/nios2-elf/lib/mhw-mulx\libc.a(lib_a-mallocr.o)
 .bss.__malloc_current_mallinfo
                0x0000000000813288       0x28 d:/quartus_lite_18.1/nios2eds/bin/gnu/h-x86_64-mingw32/bin/../lib/gcc/nios2-elf/5.3.0/../../../../../H-x86_64-mingw32/nios2-elf/lib/mhw-mulx\libc.a(lib_a-mallocr.o)
                0x0000000000813288                __malloc_current_mallinfo
 .bss           0x00000000008132b0        0x0 d:/quartus_lite_18.1/nios2eds/bin/gnu/h-x86_64-mingw32/bin/../lib/gcc/nios2-elf/5.3.0/../../../../../H-x86_64-mingw32/nios2-elf/lib/mhw-mulx\libc.a(lib_a-memchr.o)
 .bss           0x00000000008132b0        0x0 d:/quartus_lite_18.1/nios2eds/bin/gnu/h-x86_64-mingw32/bin/../lib/gcc/nios2-elf/5.3.0/../../../../../H-x86_64-mingw32/nios2-elf/lib/mhw-mulx\libc.a(lib_a-memcpy.o)
 .bss           0x00000000008132b0        0x0 d:/quartus_lite_18.1/nios2eds/bin/gnu/h-x86_64-mingw32/bin/../lib/gcc/nios2-elf/5.3.0/../../../../../H-x86_64-mingw32/nios2-elf/lib/mhw-mulx\libc.a(lib_a-memmove.o)
 .bss           0x00000000008132b0        0x0 d:/quartus_lite_18.1/nios2eds/bin/gnu/h-x86_64-mingw32/bin/../lib/gcc/nios2-elf/5.3.0/../../../../../H-x86_64-mingw32/nios2-elf/lib/mhw-mulx\libc.a(lib_a-memset.o)
 .bss           0x00000000008132b0        0x0 d:/quartus_lite_18.1/nios2eds/bin/gnu/h-x86_64-mingw32/bin/../lib/gcc/nios2-elf/5.3.0/../../../../../H-x86_64-mingw32/nios2-elf/lib/mhw-mulx\libc.a(lib_a-mprec.o)
 .bss           0x00000000008132b0        0x0 d:/quartus_lite_18.1/nios2eds/bin/gnu/h-x86_64-mingw32/bin/../lib/gcc/nios2-elf/5.3.0/../../../../../H-x86_64-mingw32/nios2-elf/lib/mhw-mulx\libc.a(lib_a-reallocr.o)
 .bss           0x00000000008132b0        0x0 d:/quartus_lite_18.1/nios2eds/bin/gnu/h-x86_64-mingw32/bin/../lib/gcc/nios2-elf/5.3.0/../../../../../H-x86_64-mingw32/nios2-elf/lib/mhw-mulx\libc.a(lib_a-s_fpclassify.o)
 .bss           0x00000000008132b0        0x0 d:/quartus_lite_18.1/nios2eds/bin/gnu/h-x86_64-mingw32/bin/../lib/gcc/nios2-elf/5.3.0/../../../../../H-x86_64-mingw32/nios2-elf/lib/mhw-mulx\libc.a(lib_a-sbrkr.o)
 .bss           0x00000000008132b0        0x0 d:/quartus_lite_18.1/nios2eds/bin/gnu/h-x86_64-mingw32/bin/../lib/gcc/nios2-elf/5.3.0/../../../../../H-x86_64-mingw32/nios2-elf/lib/mhw-mulx\libc.a(lib_a-stdio.o)
 .bss           0x00000000008132b0        0x0 d:/quartus_lite_18.1/nios2eds/bin/gnu/h-x86_64-mingw32/bin/../lib/gcc/nios2-elf/5.3.0/../../../../../H-x86_64-mingw32/nios2-elf/lib/mhw-mulx\libc.a(lib_a-strcmp.o)
 .bss           0x00000000008132b0        0x0 d:/quartus_lite_18.1/nios2eds/bin/gnu/h-x86_64-mingw32/bin/../lib/gcc/nios2-elf/5.3.0/../../../../../H-x86_64-mingw32/nios2-elf/lib/mhw-mulx\libc.a(lib_a-vfiprintf.o)